{"numFailedTestSuites":1,"numFailedTests":2,"numPassedTestSuites":0,"numPassedTests":19,"numPendingTestSuites":0,"numPendingTests":0,"numRuntimeErrorTestSuites":0,"numTodoTests":0,"numTotalTestSuites":1,"numTotalTests":21,"openHandles":[],"snapshot":{"added":0,"didUpdate":false,"failure":false,"filesAdded":0,"filesRemoved":0,"filesRemovedList":[],"filesUnmatched":0,"filesUpdated":0,"matched":0,"total":0,"unchecked":0,"uncheckedKeysByFile":[],"unmatched":0,"updated":0},"startTime":1752203881000,"success":false,"testResults":[{"assertionResults":[{"ancestorTitles":["GamePhaseDetector","identifyPhase"],"duration":16,"failureDetails":[],"failureMessages":[],"fullName":"GamePhaseDetector identifyPhase should identify opening phase for new games","invocations":1,"location":null,"numPassingAsserts":1,"retryReasons":[],"status":"passed","title":"should identify opening phase for new games"},{"ancestorTitles":["GamePhaseDetector","identifyPhase"],"duration":2,"failureDetails":[],"failureMessages":[],"fullName":"GamePhaseDetector identifyPhase should identify bear-off phase when player has most checkers in home board","invocations":1,"location":null,"numPassingAsserts":1,"retryReasons":[],"status":"passed","title":"should identify bear-off phase when player has most checkers in home board"},{"ancestorTitles":["GamePhaseDetector","identifyPhase"],"duration":1,"failureDetails":[],"failureMessages":[],"fullName":"GamePhaseDetector identifyPhase should identify race phase when players have no contact","invocations":1,"location":null,"numPassingAsserts":1,"retryReasons":[],"status":"passed","title":"should identify race phase when players have no contact"},{"ancestorTitles":["GamePhaseDetector","identifyPhase"],"duration":1,"failureDetails":[],"failureMessages":[],"fullName":"GamePhaseDetector identifyPhase should identify backgame phase when player has anchors in opponent home board","invocations":1,"location":null,"numPassingAsserts":1,"retryReasons":[],"status":"passed","title":"should identify backgame phase when player has anchors in opponent home board"},{"ancestorTitles":["GamePhaseDetector","identifyPhase"],"duration":2,"failureDetails":[],"failureMessages":[],"fullName":"GamePhaseDetector identifyPhase should identify blitz phase when player has many blots and checkers on bar","invocations":1,"location":null,"numPassingAsserts":1,"retryReasons":[],"status":"passed","title":"should identify blitz phase when player has many blots and checkers on bar"},{"ancestorTitles":["GamePhaseDetector","identifyPhase"],"duration":0,"failureDetails":[],"failureMessages":[],"fullName":"GamePhaseDetector identifyPhase should identify middle game as default phase","invocations":1,"location":null,"numPassingAsserts":1,"retryReasons":[],"status":"passed","title":"should identify middle game as default phase"},{"ancestorTitles":["GamePhaseDetector","getDetailedPhaseAnalysis"],"duration":3,"failureDetails":[],"failureMessages":[],"fullName":"GamePhaseDetector getDetailedPhaseAnalysis should return detailed analysis with phase and player data","invocations":1,"location":null,"numPassingAsserts":23,"retryReasons":[],"status":"passed","title":"should return detailed analysis with phase and player data"},{"ancestorTitles":["GamePhaseDetector","getDetailedPhaseAnalysis"],"duration":1,"failureDetails":[],"failureMessages":[],"fullName":"GamePhaseDetector getDetailedPhaseAnalysis should identify correct phase in detailed analysis","invocations":1,"location":null,"numPassingAsserts":1,"retryReasons":[],"status":"passed","title":"should identify correct phase in detailed analysis"},{"ancestorTitles":["GamePhaseDetector","isEndgame"],"duration":1,"failureDetails":[],"failureMessages":[],"fullName":"GamePhaseDetector isEndgame should return true for bear-off phase","invocations":1,"location":null,"numPassingAsserts":1,"retryReasons":[],"status":"passed","title":"should return true for bear-off phase"},{"ancestorTitles":["GamePhaseDetector","isEndgame"],"duration":1,"failureDetails":[],"failureMessages":[],"fullName":"GamePhaseDetector isEndgame should return true for race phase","invocations":1,"location":null,"numPassingAsserts":1,"retryReasons":[],"status":"passed","title":"should return true for race phase"},{"ancestorTitles":["GamePhaseDetector","isEndgame"],"duration":1,"failureDetails":[],"failureMessages":[],"fullName":"GamePhaseDetector isEndgame should return false for opening phase","invocations":1,"location":null,"numPassingAsserts":1,"retryReasons":[],"status":"passed","title":"should return false for opening phase"},{"ancestorTitles":["GamePhaseDetector","isEndgame"],"duration":1,"failureDetails":[{"matcherResult":{"actual":true,"expected":false,"message":"\u001b[2mexpect(\u001b[22m\u001b[31mreceived\u001b[39m\u001b[2m).\u001b[22mtoBe\u001b[2m(\u001b[22m\u001b[32mexpected\u001b[39m\u001b[2m) // Object.is equality\u001b[22m\n\nExpected: \u001b[32mfalse\u001b[39m\nReceived: \u001b[31mtrue\u001b[39m","name":"toBe","pass":false}}],"failureMessages":["Error: \u001b[2mexpect(\u001b[22m\u001b[31mreceived\u001b[39m\u001b[2m).\u001b[22mtoBe\u001b[2m(\u001b[22m\u001b[32mexpected\u001b[39m\u001b[2m) // Object.is equality\u001b[22m\n\nExpected: \u001b[32mfalse\u001b[39m\nReceived: \u001b[31mtrue\u001b[39m\n    at Object.<anonymous> (/Users/kenr/Code/nodots-backgammon/nodots-backgammon-core/src/AI/utils/__tests__/GamePhaseDetector.test.ts:327:25)\n    at Promise.then.completed (/Users/kenr/Code/nodots-backgammon/nodots-backgammon-core/node_modules/jest-circus/build/utils.js:298:28)\n    at new Promise (<anonymous>)\n    at callAsyncCircusFn (/Users/kenr/Code/nodots-backgammon/nodots-backgammon-core/node_modules/jest-circus/build/utils.js:231:10)\n    at _callCircusTest (/Users/kenr/Code/nodots-backgammon/nodots-backgammon-core/node_modules/jest-circus/build/run.js:316:40)\n    at _runTest (/Users/kenr/Code/nodots-backgammon/nodots-backgammon-core/node_modules/jest-circus/build/run.js:252:3)\n    at _runTestsForDescribeBlock (/Users/kenr/Code/nodots-backgammon/nodots-backgammon-core/node_modules/jest-circus/build/run.js:126:9)\n    at _runTestsForDescribeBlock (/Users/kenr/Code/nodots-backgammon/nodots-backgammon-core/node_modules/jest-circus/build/run.js:121:9)\n    at _runTestsForDescribeBlock (/Users/kenr/Code/nodots-backgammon/nodots-backgammon-core/node_modules/jest-circus/build/run.js:121:9)\n    at run (/Users/kenr/Code/nodots-backgammon/nodots-backgammon-core/node_modules/jest-circus/build/run.js:71:3)\n    at runAndTransformResultsToJestFormat (/Users/kenr/Code/nodots-backgammon/nodots-backgammon-core/node_modules/jest-circus/build/legacy-code-todo-rewrite/jestAdapterInit.js:122:21)\n    at jestAdapter (/Users/kenr/Code/nodots-backgammon/nodots-backgammon-core/node_modules/jest-circus/build/legacy-code-todo-rewrite/jestAdapter.js:79:19)\n    at runTestInternal (/Users/kenr/Code/nodots-backgammon/nodots-backgammon-core/node_modules/jest-runner/build/runTest.js:367:16)\n    at runTest (/Users/kenr/Code/nodots-backgammon/nodots-backgammon-core/node_modules/jest-runner/build/runTest.js:444:34)"],"fullName":"GamePhaseDetector isEndgame should return false for middle game phase","invocations":1,"location":null,"numPassingAsserts":0,"retryReasons":[],"status":"failed","title":"should return false for middle game phase"},{"ancestorTitles":["GamePhaseDetector","isOpening"],"duration":1,"failureDetails":[],"failureMessages":[],"fullName":"GamePhaseDetector isOpening should return true for opening phase","invocations":1,"location":null,"numPassingAsserts":1,"retryReasons":[],"status":"passed","title":"should return true for opening phase"},{"ancestorTitles":["GamePhaseDetector","isOpening"],"duration":1,"failureDetails":[],"failureMessages":[],"fullName":"GamePhaseDetector isOpening should return false for non-opening phases","invocations":1,"location":null,"numPassingAsserts":1,"retryReasons":[],"status":"passed","title":"should return false for non-opening phases"},{"ancestorTitles":["GamePhaseDetector","isMiddleGame"],"duration":1,"failureDetails":[{"matcherResult":{"actual":false,"expected":true,"message":"\u001b[2mexpect(\u001b[22m\u001b[31mreceived\u001b[39m\u001b[2m).\u001b[22mtoBe\u001b[2m(\u001b[22m\u001b[32mexpected\u001b[39m\u001b[2m) // Object.is equality\u001b[22m\n\nExpected: \u001b[32mtrue\u001b[39m\nReceived: \u001b[31mfalse\u001b[39m","name":"toBe","pass":false}}],"failureMessages":["Error: \u001b[2mexpect(\u001b[22m\u001b[31mreceived\u001b[39m\u001b[2m).\u001b[22mtoBe\u001b[2m(\u001b[22m\u001b[32mexpected\u001b[39m\u001b[2m) // Object.is equality\u001b[22m\n\nExpected: \u001b[32mtrue\u001b[39m\nReceived: \u001b[31mfalse\u001b[39m\n    at Object.<anonymous> (/Users/kenr/Code/nodots-backgammon/nodots-backgammon-core/src/AI/utils/__tests__/GamePhaseDetector.test.ts:371:28)\n    at Promise.then.completed (/Users/kenr/Code/nodots-backgammon/nodots-backgammon-core/node_modules/jest-circus/build/utils.js:298:28)\n    at new Promise (<anonymous>)\n    at callAsyncCircusFn (/Users/kenr/Code/nodots-backgammon/nodots-backgammon-core/node_modules/jest-circus/build/utils.js:231:10)\n    at _callCircusTest (/Users/kenr/Code/nodots-backgammon/nodots-backgammon-core/node_modules/jest-circus/build/run.js:316:40)\n    at _runTest (/Users/kenr/Code/nodots-backgammon/nodots-backgammon-core/node_modules/jest-circus/build/run.js:252:3)\n    at _runTestsForDescribeBlock (/Users/kenr/Code/nodots-backgammon/nodots-backgammon-core/node_modules/jest-circus/build/run.js:126:9)\n    at _runTestsForDescribeBlock (/Users/kenr/Code/nodots-backgammon/nodots-backgammon-core/node_modules/jest-circus/build/run.js:121:9)\n    at _runTestsForDescribeBlock (/Users/kenr/Code/nodots-backgammon/nodots-backgammon-core/node_modules/jest-circus/build/run.js:121:9)\n    at run (/Users/kenr/Code/nodots-backgammon/nodots-backgammon-core/node_modules/jest-circus/build/run.js:71:3)\n    at runAndTransformResultsToJestFormat (/Users/kenr/Code/nodots-backgammon/nodots-backgammon-core/node_modules/jest-circus/build/legacy-code-todo-rewrite/jestAdapterInit.js:122:21)\n    at jestAdapter (/Users/kenr/Code/nodots-backgammon/nodots-backgammon-core/node_modules/jest-circus/build/legacy-code-todo-rewrite/jestAdapter.js:79:19)\n    at runTestInternal (/Users/kenr/Code/nodots-backgammon/nodots-backgammon-core/node_modules/jest-runner/build/runTest.js:367:16)\n    at runTest (/Users/kenr/Code/nodots-backgammon/nodots-backgammon-core/node_modules/jest-runner/build/runTest.js:444:34)"],"fullName":"GamePhaseDetector isMiddleGame should return true for middle game phase","invocations":1,"location":null,"numPassingAsserts":0,"retryReasons":[],"status":"failed","title":"should return true for middle game phase"},{"ancestorTitles":["GamePhaseDetector","isMiddleGame"],"duration":1,"failureDetails":[],"failureMessages":[],"fullName":"GamePhaseDetector isMiddleGame should return true for blitz phase","invocations":1,"location":null,"numPassingAsserts":1,"retryReasons":[],"status":"passed","title":"should return true for blitz phase"},{"ancestorTitles":["GamePhaseDetector","isMiddleGame"],"duration":1,"failureDetails":[],"failureMessages":[],"fullName":"GamePhaseDetector isMiddleGame should return true for backgame phase","invocations":1,"location":null,"numPassingAsserts":1,"retryReasons":[],"status":"passed","title":"should return true for backgame phase"},{"ancestorTitles":["GamePhaseDetector","isMiddleGame"],"duration":1,"failureDetails":[],"failureMessages":[],"fullName":"GamePhaseDetector isMiddleGame should return false for opening phase","invocations":1,"location":null,"numPassingAsserts":1,"retryReasons":[],"status":"passed","title":"should return false for opening phase"},{"ancestorTitles":["GamePhaseDetector","isMiddleGame"],"duration":0,"failureDetails":[],"failureMessages":[],"fullName":"GamePhaseDetector isMiddleGame should return false for endgame phases","invocations":1,"location":null,"numPassingAsserts":1,"retryReasons":[],"status":"passed","title":"should return false for endgame phases"},{"ancestorTitles":["GamePhaseDetector","edge cases"],"duration":2,"failureDetails":[],"failureMessages":[],"fullName":"GamePhaseDetector edge cases should handle empty board correctly","invocations":1,"location":null,"numPassingAsserts":6,"retryReasons":[],"status":"passed","title":"should handle empty board correctly"},{"ancestorTitles":["GamePhaseDetector","edge cases"],"duration":2,"failureDetails":[],"failureMessages":[],"fullName":"GamePhaseDetector edge cases should handle game with only one player having checkers","invocations":1,"location":null,"numPassingAsserts":3,"retryReasons":[],"status":"passed","title":"should handle game with only one player having checkers"}],"endTime":1752203881521,"message":"\u001b[1m\u001b[31m  \u001b[1m● \u001b[22m\u001b[1mGamePhaseDetector › isEndgame › should return false for middle game phase\u001b[39m\u001b[22m\n\n    \u001b[2mexpect(\u001b[22m\u001b[31mreceived\u001b[39m\u001b[2m).\u001b[22mtoBe\u001b[2m(\u001b[22m\u001b[32mexpected\u001b[39m\u001b[2m) // Object.is equality\u001b[22m\n\n    Expected: \u001b[32mfalse\u001b[39m\n    Received: \u001b[31mtrue\u001b[39m\n\u001b[2m\u001b[22m\n\u001b[2m    \u001b[0m \u001b[90m 325 |\u001b[39m       \u001b[36mconst\u001b[39m middleGame \u001b[33m=\u001b[39m { \u001b[33m...\u001b[39mmockGame\u001b[33m,\u001b[39m board\u001b[33m:\u001b[39m middleBoard }\u001b[22m\n\u001b[2m     \u001b[90m 326 |\u001b[39m       \u001b[36mconst\u001b[39m isEndgame \u001b[33m=\u001b[39m \u001b[33mGamePhaseDetector\u001b[39m\u001b[33m.\u001b[39misEndgame(middleGame)\u001b[22m\n\u001b[2m    \u001b[31m\u001b[1m>\u001b[22m\u001b[2m\u001b[39m\u001b[90m 327 |\u001b[39m       expect(isEndgame)\u001b[33m.\u001b[39mtoBe(\u001b[36mfalse\u001b[39m)\u001b[22m\n\u001b[2m     \u001b[90m     |\u001b[39m                         \u001b[31m\u001b[1m^\u001b[22m\u001b[2m\u001b[39m\u001b[22m\n\u001b[2m     \u001b[90m 328 |\u001b[39m     })\u001b[22m\n\u001b[2m     \u001b[90m 329 |\u001b[39m   })\u001b[22m\n\u001b[2m     \u001b[90m 330 |\u001b[39m\u001b[0m\u001b[22m\n\u001b[2m\u001b[22m\n\u001b[2m      \u001b[2mat Object.<anonymous> (\u001b[22m\u001b[2m\u001b[0m\u001b[36mAI/utils/__tests__/GamePhaseDetector.test.ts\u001b[39m\u001b[0m\u001b[2m:327:25)\u001b[22m\u001b[2m\u001b[22m\n\n\u001b[1m\u001b[31m  \u001b[1m● \u001b[22m\u001b[1mGamePhaseDetector › isMiddleGame › should return true for middle game phase\u001b[39m\u001b[22m\n\n    \u001b[2mexpect(\u001b[22m\u001b[31mreceived\u001b[39m\u001b[2m).\u001b[22mtoBe\u001b[2m(\u001b[22m\u001b[32mexpected\u001b[39m\u001b[2m) // Object.is equality\u001b[22m\n\n    Expected: \u001b[32mtrue\u001b[39m\n    Received: \u001b[31mfalse\u001b[39m\n\u001b[2m\u001b[22m\n\u001b[2m    \u001b[0m \u001b[90m 369 |\u001b[39m       \u001b[36mconst\u001b[39m middleGame \u001b[33m=\u001b[39m { \u001b[33m...\u001b[39mmockGame\u001b[33m,\u001b[39m board\u001b[33m:\u001b[39m middleBoard }\u001b[22m\n\u001b[2m     \u001b[90m 370 |\u001b[39m       \u001b[36mconst\u001b[39m isMiddleGame \u001b[33m=\u001b[39m \u001b[33mGamePhaseDetector\u001b[39m\u001b[33m.\u001b[39misMiddleGame(middleGame)\u001b[22m\n\u001b[2m    \u001b[31m\u001b[1m>\u001b[22m\u001b[2m\u001b[39m\u001b[90m 371 |\u001b[39m       expect(isMiddleGame)\u001b[33m.\u001b[39mtoBe(\u001b[36mtrue\u001b[39m)\u001b[22m\n\u001b[2m     \u001b[90m     |\u001b[39m                            \u001b[31m\u001b[1m^\u001b[22m\u001b[2m\u001b[39m\u001b[22m\n\u001b[2m     \u001b[90m 372 |\u001b[39m     })\u001b[22m\n\u001b[2m     \u001b[90m 373 |\u001b[39m\u001b[22m\n\u001b[2m     \u001b[90m 374 |\u001b[39m     it(\u001b[32m'should return true for blitz phase'\u001b[39m\u001b[33m,\u001b[39m () \u001b[33m=>\u001b[39m {\u001b[0m\u001b[22m\n\u001b[2m\u001b[22m\n\u001b[2m      \u001b[2mat Object.<anonymous> (\u001b[22m\u001b[2m\u001b[0m\u001b[36mAI/utils/__tests__/GamePhaseDetector.test.ts\u001b[39m\u001b[0m\u001b[2m:371:28)\u001b[22m\u001b[2m\u001b[22m\n","name":"/Users/kenr/Code/nodots-backgammon/nodots-backgammon-core/src/AI/utils/__tests__/GamePhaseDetector.test.ts","startTime":1752203881090,"status":"failed","summary":""}],"wasInterrupted":false,"coverageMap":{"/Users/kenr/Code/nodots-backgammon/nodots-backgammon-core/src/index.ts":{"path":"/Users/kenr/Code/nodots-backgammon/nodots-backgammon-core/src/index.ts","statementMap":{"0":{"start":{"line":1,"column":0},"end":{"line":1,"column":9}},"1":{"start":{"line":1,"column":9},"end":{"line":1,"column":25}},"2":{"start":{"line":16,"column":29},"end":{"line":16,"column":63}},"3":{"start":{"line":16,"column":44},"end":{"line":16,"column":63}},"4":{"start":{"line":16,"column":13},"end":{"line":16,"column":29}},"5":{"start":{"line":18,"column":37},"end":{"line":19,"column":37}},"6":{"start":{"line":19,"column":2},"end":{"line":19,"column":37}},"7":{"start":{"line":18,"column":13},"end":{"line":18,"column":37}},"8":{"start":{"line":21,"column":41},"end":{"line":22,"column":52}},"9":{"start":{"line":22,"column":2},"end":{"line":22,"column":52}},"10":{"start":{"line":21,"column":13},"end":{"line":21,"column":41}},"11":{"start":{"line":29,"column":27},"end":{"line":31,"column":null}},"12":{"start":{"line":30,"column":2},"end":{"line":31,"column":null}},"13":{"start":{"line":29,"column":13},"end":{"line":29,"column":27}},"14":{"start":{"line":34,"column":0},"end":{"line":34,"column":23}},"15":{"start":{"line":35,"column":0},"end":{"line":35,"column":25}},"16":{"start":{"line":36,"column":0},"end":{"line":36,"column":22}},"17":{"start":{"line":37,"column":0},"end":{"line":37,"column":22}},"18":{"start":{"line":38,"column":0},"end":{"line":38,"column":22}},"19":{"start":{"line":39,"column":0},"end":{"line":39,"column":22}},"20":{"start":{"line":40,"column":0},"end":{"line":40,"column":22}},"21":{"start":{"line":41,"column":0},"end":{"line":41,"column":24}},"22":{"start":{"line":42,"column":0},"end":{"line":42,"column":23}},"23":{"start":{"line":45,"column":0},"end":{"line":45,"column":36}},"24":{"start":{"line":46,"column":0},"end":{"line":46,"column":40}},"25":{"start":{"line":47,"column":0},"end":{"line":47,"column":42}},"26":{"start":{"line":48,"column":0},"end":{"line":48,"column":44}},"27":{"start":{"line":49,"column":0},"end":{"line":49,"column":43}},"28":{"start":{"line":52,"column":0},"end":{"line":52,"column":null}},"29":{"start":{"line":53,"column":2},"end":{"line":53,"column":null}},"30":{"start":{"line":54,"column":2},"end":{"line":54,"column":null}},"31":{"start":{"line":55,"column":2},"end":{"line":55,"column":null}},"32":{"start":{"line":56,"column":2},"end":{"line":56,"column":null}},"33":{"start":{"line":57,"column":2},"end":{"line":57,"column":null}},"34":{"start":{"line":58,"column":2},"end":{"line":58,"column":null}},"35":{"start":{"line":59,"column":2},"end":{"line":59,"column":null}},"36":{"start":{"line":60,"column":2},"end":{"line":60,"column":null}},"37":{"start":{"line":65,"column":0},"end":{"line":65,"column":null}},"38":{"start":{"line":66,"column":2},"end":{"line":66,"column":null}},"39":{"start":{"line":67,"column":2},"end":{"line":67,"column":null}},"40":{"start":{"line":68,"column":2},"end":{"line":68,"column":null}},"41":{"start":{"line":69,"column":2},"end":{"line":69,"column":null}},"42":{"start":{"line":73,"column":0},"end":{"line":73,"column":44}}},"fnMap":{"0":{"name":"(anonymous_4)","decl":{"start":{"line":1,"column":9},"end":{"line":1,"column":11}},"loc":{"start":{"line":1,"column":9},"end":{"line":1,"column":25}}},"1":{"name":"(anonymous_5)","decl":{"start":{"line":16,"column":29},"end":{"line":16,"column":41}},"loc":{"start":{"line":16,"column":44},"end":{"line":16,"column":63}}},"2":{"name":"(anonymous_6)","decl":{"start":{"line":18,"column":37},"end":{"line":18,"column":57}},"loc":{"start":{"line":19,"column":2},"end":{"line":19,"column":37}}},"3":{"name":"(anonymous_7)","decl":{"start":{"line":21,"column":41},"end":{"line":21,"column":69}},"loc":{"start":{"line":22,"column":2},"end":{"line":22,"column":52}}},"4":{"name":"(anonymous_8)","decl":{"start":{"line":29,"column":27},"end":{"line":29,"column":28}},"loc":{"start":{"line":30,"column":2},"end":{"line":31,"column":null}}},"5":{"name":"(anonymous_9)","decl":{"start":{"line":53,"column":2},"end":{"line":53,"column":7}},"loc":{"start":{"line":53,"column":2},"end":{"line":53,"column":null}}},"6":{"name":"(anonymous_10)","decl":{"start":{"line":54,"column":2},"end":{"line":54,"column":7}},"loc":{"start":{"line":54,"column":2},"end":{"line":54,"column":null}}},"7":{"name":"(anonymous_11)","decl":{"start":{"line":55,"column":2},"end":{"line":55,"column":6}},"loc":{"start":{"line":55,"column":2},"end":{"line":55,"column":null}}},"8":{"name":"(anonymous_12)","decl":{"start":{"line":56,"column":2},"end":{"line":56,"column":8}},"loc":{"start":{"line":56,"column":2},"end":{"line":56,"column":null}}},"9":{"name":"(anonymous_13)","decl":{"start":{"line":57,"column":2},"end":{"line":57,"column":19}},"loc":{"start":{"line":57,"column":2},"end":{"line":57,"column":null}}},"10":{"name":"(anonymous_14)","decl":{"start":{"line":58,"column":2},"end":{"line":58,"column":22}},"loc":{"start":{"line":58,"column":2},"end":{"line":58,"column":null}}},"11":{"name":"(anonymous_15)","decl":{"start":{"line":59,"column":2},"end":{"line":59,"column":13}},"loc":{"start":{"line":59,"column":2},"end":{"line":59,"column":null}}},"12":{"name":"(anonymous_16)","decl":{"start":{"line":60,"column":2},"end":{"line":60,"column":6}},"loc":{"start":{"line":60,"column":2},"end":{"line":60,"column":null}}},"13":{"name":"(anonymous_17)","decl":{"start":{"line":66,"column":2},"end":{"line":66,"column":22}},"loc":{"start":{"line":66,"column":2},"end":{"line":66,"column":null}}},"14":{"name":"(anonymous_18)","decl":{"start":{"line":67,"column":2},"end":{"line":67,"column":21}},"loc":{"start":{"line":67,"column":2},"end":{"line":67,"column":null}}},"15":{"name":"(anonymous_19)","decl":{"start":{"line":68,"column":2},"end":{"line":68,"column":19}},"loc":{"start":{"line":68,"column":2},"end":{"line":68,"column":null}}},"16":{"name":"(anonymous_20)","decl":{"start":{"line":69,"column":2},"end":{"line":69,"column":20}},"loc":{"start":{"line":69,"column":2},"end":{"line":69,"column":null}}}},"branchMap":{"0":{"loc":{"start":{"line":19,"column":2},"end":{"line":19,"column":37}},"type":"cond-expr","locations":[{"start":{"line":19,"column":20},"end":{"line":19,"column":27}},{"start":{"line":19,"column":30},"end":{"line":19,"column":37}}]},"1":{"loc":{"start":{"line":22,"column":2},"end":{"line":22,"column":52}},"type":"cond-expr","locations":[{"start":{"line":22,"column":20},"end":{"line":22,"column":31}},{"start":{"line":22,"column":34},"end":{"line":22,"column":52}}]}},"s":{"0":1,"1":4006,"2":1,"3":0,"4":1,"5":1,"6":0,"7":1,"8":1,"9":0,"10":1,"11":1,"12":0,"13":1,"14":1,"15":1,"16":1,"17":1,"18":1,"19":1,"20":1,"21":1,"22":1,"23":1,"24":1,"25":1,"26":1,"27":1,"28":1,"29":1,"30":1,"31":1,"32":1,"33":1,"34":1,"35":1,"36":1,"37":1,"38":1,"39":1,"40":1,"41":1,"42":1},"f":{"0":4005,"1":0,"2":0,"3":0,"4":0,"5":0,"6":0,"7":0,"8":0,"9":0,"10":0,"11":0,"12":0,"13":0,"14":0,"15":0,"16":0},"b":{"0":[0,0],"1":[0,0]}},"/Users/kenr/Code/nodots-backgammon/nodots-backgammon-core/src/Board/index.ts":{"path":"/Users/kenr/Code/nodots-backgammon/nodots-backgammon-core/src/Board/index.ts","statementMap":{"0":{"start":{"line":19,"column":0},"end":{"line":19,"column":71}},"1":{"start":{"line":20,"column":0},"end":{"line":20,"column":40}},"2":{"start":{"line":21,"column":0},"end":{"line":21,"column":31}},"3":{"start":{"line":22,"column":0},"end":{"line":22,"column":55}},"4":{"start":{"line":23,"column":0},"end":{"line":23,"column":48}},"5":{"start":{"line":28,"column":2},"end":{"line":28,"column":null}},"6":{"start":{"line":38,"column":2},"end":{"line":40,"column":3}},"7":{"start":{"line":39,"column":4},"end":{"line":39,"column":null}},"8":{"start":{"line":42,"column":23},"end":{"line":42,"column":67}},"9":{"start":{"line":42,"column":43},"end":{"line":42,"column":66}},"10":{"start":{"line":43,"column":25},"end":{"line":43,"column":69}},"11":{"start":{"line":43,"column":45},"end":{"line":43,"column":68}},"12":{"start":{"line":45,"column":2},"end":{"line":47,"column":3}},"13":{"start":{"line":46,"column":4},"end":{"line":46,"column":null}},"14":{"start":{"line":50,"column":20},"end":{"line":50,"column":68}},"15":{"start":{"line":52,"column":2},"end":{"line":61,"column":null}},"16":{"start":{"line":64,"column":13},"end":{"line":64,"column":null}},"17":{"start":{"line":88,"column":18},"end":{"line":88,"column":71}},"18":{"start":{"line":89,"column":16},"end":{"line":89,"column":67}},"19":{"start":{"line":90,"column":16},"end":{"line":90,"column":67}},"20":{"start":{"line":92,"column":4},"end":{"line":98,"column":null}},"21":{"start":{"line":107,"column":4},"end":{"line":107,"column":null}},"22":{"start":{"line":107,"column":16},"end":{"line":107,"column":null}},"23":{"start":{"line":110,"column":6},"end":{"line":110,"column":66}},"24":{"start":{"line":113,"column":23},"end":{"line":113,"column":56}},"25":{"start":{"line":116,"column":24},"end":{"line":116,"column":71}},"26":{"start":{"line":117,"column":29},"end":{"line":119,"column":null}},"27":{"start":{"line":121,"column":29},"end":{"line":121,"column":62}},"28":{"start":{"line":125,"column":4},"end":{"line":133,"column":5}},"29":{"start":{"line":126,"column":6},"end":{"line":131,"column":null}},"30":{"start":{"line":132,"column":6},"end":{"line":132,"column":null}},"31":{"start":{"line":136,"column":20},"end":{"line":136,"column":73}},"32":{"start":{"line":137,"column":4},"end":{"line":144,"column":5}},"33":{"start":{"line":138,"column":6},"end":{"line":142,"column":null}},"34":{"start":{"line":143,"column":6},"end":{"line":143,"column":null}},"35":{"start":{"line":145,"column":31},"end":{"line":145,"column":44}},"36":{"start":{"line":148,"column":4},"end":{"line":158,"column":5}},"37":{"start":{"line":152,"column":6},"end":{"line":156,"column":null}},"38":{"start":{"line":157,"column":6},"end":{"line":157,"column":null}},"39":{"start":{"line":160,"column":4},"end":{"line":165,"column":null}},"40":{"start":{"line":168,"column":4},"end":{"line":168,"column":null}},"41":{"start":{"line":171,"column":4},"end":{"line":210,"column":5}},"42":{"start":{"line":172,"column":6},"end":{"line":202,"column":7}},"43":{"start":{"line":177,"column":27},"end":{"line":177,"column":55}},"44":{"start":{"line":178,"column":32},"end":{"line":178,"column":48}},"45":{"start":{"line":181,"column":8},"end":{"line":181,"column":null}},"46":{"start":{"line":182,"column":8},"end":{"line":186,"column":null}},"47":{"start":{"line":188,"column":8},"end":{"line":194,"column":null}},"48":{"start":{"line":197,"column":8},"end":{"line":201,"column":null}},"49":{"start":{"line":203,"column":11},"end":{"line":210,"column":5}},"50":{"start":{"line":205,"column":6},"end":{"line":209,"column":null}},"51":{"start":{"line":212,"column":4},"end":{"line":212,"column":null}},"52":{"start":{"line":216,"column":30},"end":{"line":216,"column":63}},"53":{"start":{"line":217,"column":42},"end":{"line":217,"column":44}},"54":{"start":{"line":219,"column":4},"end":{"line":221,"column":null}},"55":{"start":{"line":220,"column":6},"end":{"line":220,"column":null}},"56":{"start":{"line":222,"column":4},"end":{"line":222,"column":null}},"57":{"start":{"line":229,"column":4},"end":{"line":231,"column":null}},"58":{"start":{"line":230,"column":6},"end":{"line":230,"column":null}},"59":{"start":{"line":436,"column":4},"end":{"line":436,"column":null}},"60":{"start":{"line":436,"column":22},"end":{"line":436,"column":null}},"61":{"start":{"line":437,"column":42},"end":{"line":437,"column":44}},"62":{"start":{"line":439,"column":4},"end":{"line":457,"column":5}},"63":{"start":{"line":439,"column":17},"end":{"line":439,"column":18}},"64":{"start":{"line":440,"column":22},"end":{"line":440,"column":34}},"65":{"start":{"line":441,"column":44},"end":{"line":441,"column":46}},"66":{"start":{"line":443,"column":33},"end":{"line":443,"column":38}},"67":{"start":{"line":444,"column":40},"end":{"line":445,"column":25}},"68":{"start":{"line":447,"column":37},"end":{"line":455,"column":null}},"69":{"start":{"line":456,"column":6},"end":{"line":456,"column":null}},"70":{"start":{"line":459,"column":4},"end":{"line":460,"column":null}},"71":{"start":{"line":460,"column":6},"end":{"line":460,"column":null}},"72":{"start":{"line":462,"column":37},"end":{"line":462,"column":67}},"73":{"start":{"line":464,"column":4},"end":{"line":487,"column":null}},"74":{"start":{"line":465,"column":25},"end":{"line":473,"column":8}},"75":{"start":{"line":466,"column":8},"end":{"line":471,"column":9}},"76":{"start":{"line":467,"column":10},"end":{"line":470,"column":null}},"77":{"start":{"line":472,"column":8},"end":{"line":472,"column":null}},"78":{"start":{"line":475,"column":6},"end":{"line":486,"column":7}},"79":{"start":{"line":476,"column":8},"end":{"line":485,"column":null}},"80":{"start":{"line":477,"column":10},"end":{"line":484,"column":11}},"81":{"start":{"line":478,"column":29},"end":{"line":481,"column":null}},"82":{"start":{"line":483,"column":12},"end":{"line":483,"column":null}},"83":{"start":{"line":489,"column":16},"end":{"line":489,"column":43}},"84":{"start":{"line":490,"column":16},"end":{"line":490,"column":43}},"85":{"start":{"line":492,"column":4},"end":{"line":498,"column":null}},"86":{"start":{"line":72,"column":0},"end":{"line":72,"column":13}},"87":{"start":{"line":234,"column":9},"end":{"line":238,"column":null}},"88":{"start":{"line":237,"column":4},"end":{"line":237,"column":null}},"89":{"start":{"line":240,"column":9},"end":{"line":242,"column":null}},"90":{"start":{"line":241,"column":4},"end":{"line":241,"column":null}},"91":{"start":{"line":244,"column":9},"end":{"line":246,"column":null}},"92":{"start":{"line":245,"column":4},"end":{"line":245,"column":null}},"93":{"start":{"line":248,"column":9},"end":{"line":255,"column":null}},"94":{"start":{"line":251,"column":19},"end":{"line":251,"column":73}},"95":{"start":{"line":252,"column":16},"end":{"line":252,"column":68}},"96":{"start":{"line":253,"column":16},"end":{"line":253,"column":68}},"97":{"start":{"line":254,"column":4},"end":{"line":254,"column":null}},"98":{"start":{"line":257,"column":9},"end":{"line":270,"column":null}},"99":{"start":{"line":261,"column":22},"end":{"line":264,"column":null}},"100":{"start":{"line":263,"column":8},"end":{"line":263,"column":null}},"101":{"start":{"line":266,"column":4},"end":{"line":268,"column":5}},"102":{"start":{"line":267,"column":6},"end":{"line":267,"column":null}},"103":{"start":{"line":269,"column":4},"end":{"line":269,"column":null}},"104":{"start":{"line":272,"column":16},"end":{"line":421,"column":null}},"105":{"start":{"line":277,"column":52},"end":{"line":277,"column":54}},"106":{"start":{"line":278,"column":25},"end":{"line":280,"column":null}},"107":{"start":{"line":280,"column":8},"end":{"line":280,"column":69}},"108":{"start":{"line":282,"column":28},"end":{"line":282,"column":44}},"109":{"start":{"line":283,"column":16},"end":{"line":283,"column":42}},"110":{"start":{"line":286,"column":4},"end":{"line":288,"column":5}},"111":{"start":{"line":287,"column":6},"end":{"line":287,"column":null}},"112":{"start":{"line":291,"column":4},"end":{"line":314,"column":5}},"113":{"start":{"line":293,"column":6},"end":{"line":297,"column":7}},"114":{"start":{"line":294,"column":8},"end":{"line":294,"column":null}},"115":{"start":{"line":296,"column":8},"end":{"line":296,"column":null}},"116":{"start":{"line":298,"column":34},"end":{"line":303,"column":null}},"117":{"start":{"line":301,"column":10},"end":{"line":303,"column":54}},"118":{"start":{"line":305,"column":6},"end":{"line":312,"column":7}},"119":{"start":{"line":306,"column":8},"end":{"line":311,"column":null}},"120":{"start":{"line":313,"column":6},"end":{"line":313,"column":null}},"121":{"start":{"line":317,"column":4},"end":{"line":348,"column":null}},"122":{"start":{"line":322,"column":29},"end":{"line":322,"column":60}},"123":{"start":{"line":323,"column":34},"end":{"line":323,"column":59}},"124":{"start":{"line":326,"column":6},"end":{"line":328,"column":7}},"125":{"start":{"line":327,"column":8},"end":{"line":327,"column":14}},"126":{"start":{"line":330,"column":34},"end":{"line":337,"column":null}},"127":{"start":{"line":333,"column":10},"end":{"line":337,"column":61}},"128":{"start":{"line":340,"column":6},"end":{"line":347,"column":7}},"129":{"start":{"line":341,"column":8},"end":{"line":346,"column":null}},"130":{"start":{"line":352,"column":28},"end":{"line":355,"column":6}},"131":{"start":{"line":353,"column":18},"end":{"line":353,"column":45}},"132":{"start":{"line":354,"column":6},"end":{"line":354,"column":null}},"133":{"start":{"line":357,"column":30},"end":{"line":357,"column":71}},"134":{"start":{"line":357,"column":65},"end":{"line":357,"column":69}},"135":{"start":{"line":358,"column":30},"end":{"line":359,"column":null}},"136":{"start":{"line":359,"column":6},"end":{"line":359,"column":33}},"137":{"start":{"line":362,"column":4},"end":{"line":418,"column":5}},"138":{"start":{"line":366,"column":32},"end":{"line":376,"column":48}},"139":{"start":{"line":369,"column":12},"end":{"line":370,"column":52}},"140":{"start":{"line":372,"column":25},"end":{"line":375,"column":10}},"141":{"start":{"line":376,"column":24},"end":{"line":376,"column":47}},"142":{"start":{"line":379,"column":25},"end":{"line":380,"column":null}},"143":{"start":{"line":380,"column":16},"end":{"line":380,"column":40}},"144":{"start":{"line":382,"column":6},"end":{"line":417,"column":7}},"145":{"start":{"line":384,"column":20},"end":{"line":384,"column":46}},"146":{"start":{"line":385,"column":8},"end":{"line":390,"column":null}},"147":{"start":{"line":394,"column":39},"end":{"line":395,"column":null}},"148":{"start":{"line":395,"column":18},"end":{"line":395,"column":40}},"149":{"start":{"line":398,"column":8},"end":{"line":414,"column":9}},"150":{"start":{"line":400,"column":33},"end":{"line":401,"column":null}},"151":{"start":{"line":401,"column":20},"end":{"line":401,"column":42}},"152":{"start":{"line":403,"column":10},"end":{"line":413,"column":11}},"153":{"start":{"line":405,"column":41},"end":{"line":405,"column":58}},"154":{"start":{"line":406,"column":24},"end":{"line":406,"column":50}},"155":{"start":{"line":407,"column":12},"end":{"line":412,"column":null}},"156":{"start":{"line":420,"column":4},"end":{"line":420,"column":null}},"157":{"start":{"line":423,"column":16},"end":{"line":431,"column":null}},"158":{"start":{"line":424,"column":31},"end":{"line":424,"column":35}},"159":{"start":{"line":425,"column":22},"end":{"line":428,"column":null}},"160":{"start":{"line":430,"column":4},"end":{"line":430,"column":null}},"161":{"start":{"line":501,"column":17},"end":{"line":572,"column":null}},"162":{"start":{"line":507,"column":24},"end":{"line":507,"column":36}},"163":{"start":{"line":508,"column":31},"end":{"line":508,"column":43}},"164":{"start":{"line":509,"column":22},"end":{"line":511,"column":6}},"165":{"start":{"line":510,"column":6},"end":{"line":510,"column":null}},"166":{"start":{"line":512,"column":31},"end":{"line":516,"column":6}},"167":{"start":{"line":515,"column":6},"end":{"line":515,"column":null}},"168":{"start":{"line":518,"column":32},"end":{"line":518,"column":33}},"169":{"start":{"line":519,"column":30},"end":{"line":519,"column":32}},"170":{"start":{"line":521,"column":4},"end":{"line":532,"column":5}},"171":{"start":{"line":522,"column":6},"end":{"line":524,"column":7}},"172":{"start":{"line":523,"column":8},"end":{"line":523,"column":null}},"173":{"start":{"line":525,"column":6},"end":{"line":531,"column":null}},"174":{"start":{"line":534,"column":38},"end":{"line":537,"column":null}},"175":{"start":{"line":536,"column":8},"end":{"line":536,"column":null}},"176":{"start":{"line":540,"column":39},"end":{"line":540,"column":40}},"177":{"start":{"line":541,"column":37},"end":{"line":541,"column":39}},"178":{"start":{"line":543,"column":4},"end":{"line":554,"column":5}},"179":{"start":{"line":544,"column":6},"end":{"line":546,"column":7}},"180":{"start":{"line":545,"column":8},"end":{"line":545,"column":null}},"181":{"start":{"line":547,"column":6},"end":{"line":553,"column":null}},"182":{"start":{"line":556,"column":4},"end":{"line":571,"column":null}},"183":{"start":{"line":574,"column":17},"end":{"line":638,"column":null}},"184":{"start":{"line":580,"column":22},"end":{"line":582,"column":6}},"185":{"start":{"line":581,"column":6},"end":{"line":581,"column":null}},"186":{"start":{"line":583,"column":31},"end":{"line":587,"column":6}},"187":{"start":{"line":586,"column":6},"end":{"line":586,"column":null}},"188":{"start":{"line":588,"column":38},"end":{"line":591,"column":null}},"189":{"start":{"line":590,"column":8},"end":{"line":590,"column":null}},"190":{"start":{"line":594,"column":30},"end":{"line":594,"column":32}},"191":{"start":{"line":595,"column":4},"end":{"line":606,"column":5}},"192":{"start":{"line":596,"column":6},"end":{"line":605,"column":7}},"193":{"start":{"line":597,"column":29},"end":{"line":597,"column":60}},"194":{"start":{"line":598,"column":8},"end":{"line":604,"column":null}},"195":{"start":{"line":608,"column":37},"end":{"line":608,"column":39}},"196":{"start":{"line":609,"column":4},"end":{"line":620,"column":5}},"197":{"start":{"line":610,"column":6},"end":{"line":619,"column":7}},"198":{"start":{"line":611,"column":29},"end":{"line":611,"column":67}},"199":{"start":{"line":612,"column":8},"end":{"line":618,"column":null}},"200":{"start":{"line":622,"column":4},"end":{"line":637,"column":null}},"201":{"start":{"line":644,"column":16},"end":{"line":654,"column":null}},"202":{"start":{"line":648,"column":18},"end":{"line":648,"column":49}},"203":{"start":{"line":649,"column":4},"end":{"line":652,"column":null}},"204":{"start":{"line":659,"column":16},"end":{"line":749,"column":null}},"205":{"start":{"line":660,"column":60},"end":{"line":660,"column":62}},"206":{"start":{"line":662,"column":32},"end":{"line":687,"column":5}},"207":{"start":{"line":666,"column":25},"end":{"line":666,"column":26}},"208":{"start":{"line":667,"column":6},"end":{"line":686,"column":null}},"209":{"start":{"line":668,"column":35},"end":{"line":668,"column":68}},"210":{"start":{"line":669,"column":8},"end":{"line":671,"column":9}},"211":{"start":{"line":670,"column":10},"end":{"line":670,"column":null}},"212":{"start":{"line":672,"column":8},"end":{"line":672,"column":null}},"213":{"start":{"line":674,"column":8},"end":{"line":685,"column":9}},"214":{"start":{"line":675,"column":10},"end":{"line":684,"column":null}},"215":{"start":{"line":689,"column":36},"end":{"line":696,"column":5}},"216":{"start":{"line":690,"column":37},"end":{"line":690,"column":46}},"217":{"start":{"line":691,"column":6},"end":{"line":694,"column":7}},"218":{"start":{"line":692,"column":25},"end":{"line":692,"column":59}},"219":{"start":{"line":693,"column":8},"end":{"line":693,"column":null}},"220":{"start":{"line":695,"column":6},"end":{"line":695,"column":null}},"221":{"start":{"line":698,"column":25},"end":{"line":698,"column":51}},"222":{"start":{"line":699,"column":25},"end":{"line":699,"column":51}},"223":{"start":{"line":702,"column":4},"end":{"line":705,"column":5}},"224":{"start":{"line":702,"column":40},"end":{"line":702,"column":68}},"225":{"start":{"line":703,"column":6},"end":{"line":703,"column":null}},"226":{"start":{"line":704,"column":6},"end":{"line":704,"column":null}},"227":{"start":{"line":708,"column":4},"end":{"line":708,"column":null}},"228":{"start":{"line":709,"column":4},"end":{"line":709,"column":null}},"229":{"start":{"line":711,"column":31},"end":{"line":716,"column":9}},"230":{"start":{"line":712,"column":6},"end":{"line":714,"column":7}},"231":{"start":{"line":713,"column":8},"end":{"line":713,"column":null}},"232":{"start":{"line":715,"column":6},"end":{"line":715,"column":null}},"233":{"start":{"line":717,"column":31},"end":{"line":722,"column":9}},"234":{"start":{"line":718,"column":6},"end":{"line":720,"column":7}},"235":{"start":{"line":719,"column":8},"end":{"line":719,"column":null}},"236":{"start":{"line":721,"column":6},"end":{"line":721,"column":null}},"237":{"start":{"line":724,"column":4},"end":{"line":734,"column":5}},"238":{"start":{"line":725,"column":26},"end":{"line":725,"column":49}},"239":{"start":{"line":726,"column":6},"end":{"line":733,"column":null}},"240":{"start":{"line":736,"column":4},"end":{"line":746,"column":5}},"241":{"start":{"line":737,"column":26},"end":{"line":737,"column":49}},"242":{"start":{"line":738,"column":6},"end":{"line":745,"column":null}},"243":{"start":{"line":748,"column":4},"end":{"line":748,"column":null}},"244":{"start":{"line":754,"column":16},"end":{"line":791,"column":null}},"245":{"start":{"line":756,"column":18},"end":{"line":756,"column":49}},"246":{"start":{"line":759,"column":24},"end":{"line":759,"column":47}},"247":{"start":{"line":760,"column":26},"end":{"line":760,"column":69}},"248":{"start":{"line":763,"column":27},"end":{"line":763,"column":50}},"249":{"start":{"line":764,"column":34},"end":{"line":764,"column":80}},"250":{"start":{"line":767,"column":39},"end":{"line":784,"column":null}},"251":{"start":{"line":786,"column":4},"end":{"line":790,"column":null}},"252":{"start":{"line":793,"column":16},"end":{"line":829,"column":null}},"253":{"start":{"line":800,"column":4},"end":{"line":828,"column":5}},"254":{"start":{"line":802,"column":6},"end":{"line":822,"column":7}},"255":{"start":{"line":803,"column":25},"end":{"line":807,"column":null}},"256":{"start":{"line":809,"column":8},"end":{"line":821,"column":9}},"257":{"start":{"line":810,"column":10},"end":{"line":820,"column":11}},"258":{"start":{"line":811,"column":34},"end":{"line":811,"column":65}},"259":{"start":{"line":813,"column":12},"end":{"line":813,"column":null}},"260":{"start":{"line":815,"column":12},"end":{"line":818,"column":null}},"261":{"start":{"line":824,"column":6},"end":{"line":824,"column":null}},"262":{"start":{"line":826,"column":6},"end":{"line":826,"column":null}},"263":{"start":{"line":827,"column":6},"end":{"line":827,"column":null}},"264":{"start":{"line":831,"column":16},"end":{"line":877,"column":null}},"265":{"start":{"line":839,"column":4},"end":{"line":876,"column":5}},"266":{"start":{"line":841,"column":27},"end":{"line":841,"column":72}},"267":{"start":{"line":841,"column":48},"end":{"line":841,"column":71}},"268":{"start":{"line":844,"column":35},"end":{"line":846,"column":22}},"269":{"start":{"line":849,"column":23},"end":{"line":853,"column":null}},"270":{"start":{"line":855,"column":6},"end":{"line":864,"column":7}},"271":{"start":{"line":856,"column":8},"end":{"line":863,"column":9}},"272":{"start":{"line":857,"column":32},"end":{"line":857,"column":63}},"273":{"start":{"line":859,"column":10},"end":{"line":859,"column":null}},"274":{"start":{"line":861,"column":10},"end":{"line":861,"column":null}},"275":{"start":{"line":866,"column":6},"end":{"line":872,"column":null}},"276":{"start":{"line":874,"column":6},"end":{"line":874,"column":null}},"277":{"start":{"line":875,"column":6},"end":{"line":875,"column":null}},"278":{"start":{"line":879,"column":16},"end":{"line":890,"column":null}},"279":{"start":{"line":882,"column":4},"end":{"line":889,"column":5}},"280":{"start":{"line":883,"column":6},"end":{"line":886,"column":null}},"281":{"start":{"line":888,"column":6},"end":{"line":888,"column":null}},"282":{"start":{"line":897,"column":16},"end":{"line":946,"column":null}},"283":{"start":{"line":902,"column":4},"end":{"line":904,"column":null}},"284":{"start":{"line":908,"column":60},"end":{"line":943,"column":null}},"285":{"start":{"line":945,"column":4},"end":{"line":945,"column":null}}},"fnMap":{"0":{"name":"generateDefaultGnuPositionId","decl":{"start":{"line":26,"column":9},"end":{"line":26,"column":37}},"loc":{"start":{"line":26,"column":37},"end":{"line":29,"column":1}}},"1":{"name":"createTempGameContext","decl":{"start":{"line":32,"column":9},"end":{"line":32,"column":30}},"loc":{"start":{"line":36,"column":24},"end":{"line":62,"column":1}}},"2":{"name":"(anonymous_2)","decl":{"start":{"line":42,"column":36},"end":{"line":42,"column":37}},"loc":{"start":{"line":42,"column":43},"end":{"line":42,"column":66}}},"3":{"name":"(anonymous_3)","decl":{"start":{"line":43,"column":38},"end":{"line":43,"column":39}},"loc":{"start":{"line":43,"column":45},"end":{"line":43,"column":68}}},"4":{"name":"(anonymous_4)","decl":{"start":{"line":85,"column":9},"end":{"line":85,"column":15}},"loc":{"start":{"line":86,"column":52},"end":{"line":99,"column":3}}},"5":{"name":"(anonymous_5)","decl":{"start":{"line":101,"column":9},"end":{"line":101,"column":15}},"loc":{"start":{"line":105,"column":38},"end":{"line":213,"column":3}}},"6":{"name":"(anonymous_6)","decl":{"start":{"line":215,"column":2},"end":{"line":215,"column":8}},"loc":{"start":{"line":215,"column":43},"end":{"line":223,"column":3}}},"7":{"name":"pushCheckers","decl":{"start":{"line":219,"column":35},"end":{"line":219,"column":47}},"loc":{"start":{"line":219,"column":64},"end":{"line":221,"column":5}}},"8":{"name":"(anonymous_8)","decl":{"start":{"line":225,"column":2},"end":{"line":225,"column":8}},"loc":{"start":{"line":227,"column":26},"end":{"line":232,"column":3}}},"9":{"name":"filterCheckers","decl":{"start":{"line":229,"column":52},"end":{"line":229,"column":66}},"loc":{"start":{"line":229,"column":74},"end":{"line":231,"column":5}}},"10":{"name":"(anonymous_10)","decl":{"start":{"line":433,"column":9},"end":{"line":433,"column":15}},"loc":{"start":{"line":434,"column":51},"end":{"line":499,"column":3}}},"11":{"name":"mapPoints","decl":{"start":{"line":464,"column":24},"end":{"line":464,"column":33}},"loc":{"start":{"line":464,"column":56},"end":{"line":487,"column":5}}},"12":{"name":"findPointSpec","decl":{"start":{"line":465,"column":53},"end":{"line":465,"column":66}},"loc":{"start":{"line":465,"column":69},"end":{"line":473,"column":7}}},"13":{"name":"(anonymous_13)","decl":{"start":{"line":476,"column":27},"end":{"line":476,"column":28}},"loc":{"start":{"line":476,"column":41},"end":{"line":485,"column":9}}},"14":{"name":"getPoints","decl":{"start":{"line":234,"column":30},"end":{"line":234,"column":39}},"loc":{"start":{"line":235,"column":26},"end":{"line":238,"column":3}}},"15":{"name":"getBars","decl":{"start":{"line":240,"column":28},"end":{"line":240,"column":35}},"loc":{"start":{"line":240,"column":58},"end":{"line":242,"column":3}}},"16":{"name":"getOffs","decl":{"start":{"line":244,"column":28},"end":{"line":244,"column":35}},"loc":{"start":{"line":244,"column":58},"end":{"line":246,"column":3}}},"17":{"name":"getCheckerContainers","decl":{"start":{"line":248,"column":41},"end":{"line":248,"column":61}},"loc":{"start":{"line":249,"column":26},"end":{"line":255,"column":3}}},"18":{"name":"getCheckerContainer","decl":{"start":{"line":257,"column":40},"end":{"line":257,"column":59}},"loc":{"start":{"line":259,"column":14},"end":{"line":270,"column":3}}},"19":{"name":"findContainer","decl":{"start":{"line":262,"column":15},"end":{"line":262,"column":28}},"loc":{"start":{"line":262,"column":30},"end":{"line":264,"column":7}}},"20":{"name":"getPossibleMoves","decl":{"start":{"line":272,"column":44},"end":{"line":272,"column":60}},"loc":{"start":{"line":275,"column":32},"end":{"line":421,"column":3}}},"21":{"name":"(anonymous_21)","decl":{"start":{"line":279,"column":6},"end":{"line":279,"column":7}},"loc":{"start":{"line":280,"column":8},"end":{"line":280,"column":69}}},"22":{"name":"(anonymous_22)","decl":{"start":{"line":299,"column":8},"end":{"line":299,"column":9}},"loc":{"start":{"line":301,"column":10},"end":{"line":303,"column":54}}},"23":{"name":"mapPlayerPoints","decl":{"start":{"line":317,"column":34},"end":{"line":317,"column":49}},"loc":{"start":{"line":317,"column":55},"end":{"line":348,"column":5}}},"24":{"name":"(anonymous_24)","decl":{"start":{"line":331,"column":8},"end":{"line":331,"column":9}},"loc":{"start":{"line":333,"column":10},"end":{"line":337,"column":61}}},"25":{"name":"(anonymous_25)","decl":{"start":{"line":352,"column":58},"end":{"line":352,"column":59}},"loc":{"start":{"line":352,"column":64},"end":{"line":355,"column":5}}},"26":{"name":"(anonymous_26)","decl":{"start":{"line":357,"column":58},"end":{"line":357,"column":59}},"loc":{"start":{"line":357,"column":65},"end":{"line":357,"column":69}}},"27":{"name":"(anonymous_27)","decl":{"start":{"line":358,"column":49},"end":{"line":358,"column":50}},"loc":{"start":{"line":359,"column":6},"end":{"line":359,"column":33}}},"28":{"name":"(anonymous_28)","decl":{"start":{"line":368,"column":10},"end":{"line":368,"column":11}},"loc":{"start":{"line":369,"column":12},"end":{"line":370,"column":52}}},"29":{"name":"(anonymous_29)","decl":{"start":{"line":372,"column":13},"end":{"line":372,"column":14}},"loc":{"start":{"line":372,"column":25},"end":{"line":375,"column":10}}},"30":{"name":"(anonymous_30)","decl":{"start":{"line":376,"column":14},"end":{"line":376,"column":15}},"loc":{"start":{"line":376,"column":24},"end":{"line":376,"column":47}}},"31":{"name":"(anonymous_31)","decl":{"start":{"line":380,"column":8},"end":{"line":380,"column":9}},"loc":{"start":{"line":380,"column":16},"end":{"line":380,"column":40}}},"32":{"name":"(anonymous_32)","decl":{"start":{"line":395,"column":10},"end":{"line":395,"column":11}},"loc":{"start":{"line":395,"column":18},"end":{"line":395,"column":40}}},"33":{"name":"(anonymous_33)","decl":{"start":{"line":401,"column":12},"end":{"line":401,"column":13}},"loc":{"start":{"line":401,"column":20},"end":{"line":401,"column":42}}},"34":{"name":"getPipCounts","decl":{"start":{"line":423,"column":40},"end":{"line":423,"column":52}},"loc":{"start":{"line":423,"column":73},"end":{"line":431,"column":3}}},"35":{"name":"buildBar","decl":{"start":{"line":501,"column":37},"end":{"line":501,"column":45}},"loc":{"start":{"line":502,"column":51},"end":{"line":572,"column":3}}},"36":{"name":"filterBarImport","decl":{"start":{"line":509,"column":50},"end":{"line":509,"column":65}},"loc":{"start":{"line":509,"column":68},"end":{"line":511,"column":5}}},"37":{"name":"findClockwiseBarImport","decl":{"start":{"line":512,"column":55},"end":{"line":512,"column":77}},"loc":{"start":{"line":513,"column":7},"end":{"line":516,"column":5}}},"38":{"name":"findCounterclockwiseBarImport","decl":{"start":{"line":535,"column":15},"end":{"line":535,"column":44}},"loc":{"start":{"line":535,"column":46},"end":{"line":537,"column":7}}},"39":{"name":"buildOff","decl":{"start":{"line":574,"column":37},"end":{"line":574,"column":45}},"loc":{"start":{"line":575,"column":51},"end":{"line":638,"column":3}}},"40":{"name":"filterOffImport","decl":{"start":{"line":580,"column":50},"end":{"line":580,"column":65}},"loc":{"start":{"line":580,"column":68},"end":{"line":582,"column":5}}},"41":{"name":"findClockwiseOffImport","decl":{"start":{"line":583,"column":55},"end":{"line":583,"column":77}},"loc":{"start":{"line":584,"column":7},"end":{"line":587,"column":5}}},"42":{"name":"findCounterclockwiseOffImport","decl":{"start":{"line":589,"column":15},"end":{"line":589,"column":44}},"loc":{"start":{"line":589,"column":46},"end":{"line":591,"column":7}}},"43":{"name":"(anonymous_43)","decl":{"start":{"line":644,"column":38},"end":{"line":644,"column":null}},"loc":{"start":{"line":647,"column":6},"end":{"line":654,"column":3}}},"44":{"name":"(anonymous_44)","decl":{"start":{"line":659,"column":42},"end":{"line":659,"column":62}},"loc":{"start":{"line":659,"column":64},"end":{"line":749,"column":3}}},"45":{"name":"(anonymous_45)","decl":{"start":{"line":662,"column":32},"end":{"line":662,"column":null}},"loc":{"start":{"line":665,"column":8},"end":{"line":687,"column":5}}},"46":{"name":"(anonymous_46)","decl":{"start":{"line":667,"column":24},"end":{"line":667,"column":25}},"loc":{"start":{"line":667,"column":37},"end":{"line":686,"column":7}}},"47":{"name":"(anonymous_47)","decl":{"start":{"line":689,"column":36},"end":{"line":689,"column":37}},"loc":{"start":{"line":689,"column":64},"end":{"line":696,"column":5}}},"48":{"name":"(anonymous_48)","decl":{"start":{"line":702,"column":31},"end":{"line":702,"column":32}},"loc":{"start":{"line":702,"column":40},"end":{"line":702,"column":68}}},"49":{"name":"(anonymous_49)","decl":{"start":{"line":711,"column":50},"end":{"line":711,"column":51}},"loc":{"start":{"line":711,"column":62},"end":{"line":716,"column":5}}},"50":{"name":"(anonymous_50)","decl":{"start":{"line":717,"column":50},"end":{"line":717,"column":51}},"loc":{"start":{"line":717,"column":62},"end":{"line":722,"column":5}}},"51":{"name":"(anonymous_51)","decl":{"start":{"line":754,"column":42},"end":{"line":754,"column":62}},"loc":{"start":{"line":754,"column":64},"end":{"line":791,"column":3}}},"52":{"name":"(anonymous_52)","decl":{"start":{"line":793,"column":32},"end":{"line":793,"column":null}},"loc":{"start":{"line":799,"column":14},"end":{"line":829,"column":3}}},"53":{"name":"(anonymous_53)","decl":{"start":{"line":831,"column":36},"end":{"line":831,"column":null}},"loc":{"start":{"line":838,"column":14},"end":{"line":877,"column":3}}},"54":{"name":"(anonymous_54)","decl":{"start":{"line":841,"column":41},"end":{"line":841,"column":42}},"loc":{"start":{"line":841,"column":48},"end":{"line":841,"column":71}}},"55":{"name":"(anonymous_55)","decl":{"start":{"line":879,"column":36},"end":{"line":879,"column":null}},"loc":{"start":{"line":881,"column":12},"end":{"line":890,"column":3}}},"56":{"name":"createBoardForPlayers","decl":{"start":{"line":897,"column":49},"end":{"line":897,"column":70}},"loc":{"start":{"line":899,"column":42},"end":{"line":946,"column":3}}}},"branchMap":{"0":{"loc":{"start":{"line":38,"column":2},"end":{"line":40,"column":3}},"type":"if","locations":[{"start":{"line":38,"column":2},"end":{"line":40,"column":3}}]},"1":{"loc":{"start":{"line":38,"column":6},"end":{"line":38,"column":52}},"type":"binary-expr","locations":[{"start":{"line":38,"column":6},"end":{"line":38,"column":14}},{"start":{"line":38,"column":18},"end":{"line":38,"column":36}},{"start":{"line":38,"column":40},"end":{"line":38,"column":52}}]},"2":{"loc":{"start":{"line":45,"column":2},"end":{"line":47,"column":3}},"type":"if","locations":[{"start":{"line":45,"column":2},"end":{"line":47,"column":3}}]},"3":{"loc":{"start":{"line":45,"column":6},"end":{"line":45,"column":38}},"type":"binary-expr","locations":[{"start":{"line":45,"column":6},"end":{"line":45,"column":19}},{"start":{"line":45,"column":23},"end":{"line":45,"column":38}}]},"4":{"loc":{"start":{"line":50,"column":20},"end":{"line":50,"column":68}},"type":"cond-expr","locations":[{"start":{"line":50,"column":49},"end":{"line":50,"column":57}},{"start":{"line":50,"column":60},"end":{"line":50,"column":68}}]},"5":{"loc":{"start":{"line":88,"column":35},"end":{"line":88,"column":70}},"type":"binary-expr","locations":[{"start":{"line":88,"column":35},"end":{"line":88,"column":46}},{"start":{"line":88,"column":50},"end":{"line":88,"column":70}}]},"6":{"loc":{"start":{"line":89,"column":31},"end":{"line":89,"column":66}},"type":"binary-expr","locations":[{"start":{"line":89,"column":31},"end":{"line":89,"column":42}},{"start":{"line":89,"column":46},"end":{"line":89,"column":66}}]},"7":{"loc":{"start":{"line":90,"column":31},"end":{"line":90,"column":66}},"type":"binary-expr","locations":[{"start":{"line":90,"column":31},"end":{"line":90,"column":42}},{"start":{"line":90,"column":46},"end":{"line":90,"column":66}}]},"8":{"loc":{"start":{"line":107,"column":4},"end":{"line":107,"column":null}},"type":"if","locations":[{"start":{"line":107,"column":4},"end":{"line":107,"column":null}}]},"9":{"loc":{"start":{"line":110,"column":6},"end":{"line":110,"column":66}},"type":"cond-expr","locations":[{"start":{"line":110,"column":34},"end":{"line":110,"column":52}},{"start":{"line":110,"column":55},"end":{"line":110,"column":66}}]},"10":{"loc":{"start":{"line":125,"column":4},"end":{"line":133,"column":5}},"type":"if","locations":[{"start":{"line":125,"column":4},"end":{"line":133,"column":5}}]},"11":{"loc":{"start":{"line":125,"column":8},"end":{"line":125,"column":66}},"type":"binary-expr","locations":[{"start":{"line":125,"column":8},"end":{"line":125,"column":29}},{"start":{"line":125,"column":33},"end":{"line":125,"column":66}}]},"12":{"loc":{"start":{"line":129,"column":22},"end":{"line":129,"column":55}},"type":"binary-expr","locations":[{"start":{"line":129,"column":22},"end":{"line":129,"column":50}},{"start":{"line":129,"column":54},"end":{"line":129,"column":55}}]},"13":{"loc":{"start":{"line":129,"column":22},"end":{"line":129,"column":50}},"type":"cond-expr","locations":[{"start":{"line":129,"column":42},"end":{"line":129,"column":44}},{"start":{"line":129,"column":42},"end":{"line":129,"column":50}}]},"14":{"loc":{"start":{"line":129,"column":22},"end":{"line":129,"column":44}},"type":"binary-expr","locations":[{"start":{"line":129,"column":22},"end":{"line":129,"column":44}},{"start":{"line":129,"column":42},"end":{"line":129,"column":44}}]},"15":{"loc":{"start":{"line":137,"column":4},"end":{"line":144,"column":5}},"type":"if","locations":[{"start":{"line":137,"column":4},"end":{"line":144,"column":5}}]},"16":{"loc":{"start":{"line":148,"column":4},"end":{"line":158,"column":5}},"type":"if","locations":[{"start":{"line":148,"column":4},"end":{"line":158,"column":5}}]},"17":{"loc":{"start":{"line":149,"column":6},"end":{"line":150,"column":72}},"type":"binary-expr","locations":[{"start":{"line":149,"column":6},"end":{"line":149,"column":25}},{"start":{"line":150,"column":7},"end":{"line":150,"column":37}},{"start":{"line":150,"column":41},"end":{"line":150,"column":71}}]},"18":{"loc":{"start":{"line":171,"column":4},"end":{"line":210,"column":5}},"type":"if","locations":[{"start":{"line":171,"column":4},"end":{"line":210,"column":5}},{"start":{"line":203,"column":11},"end":{"line":210,"column":5}}]},"19":{"loc":{"start":{"line":172,"column":6},"end":{"line":202,"column":7}},"type":"if","locations":[{"start":{"line":172,"column":6},"end":{"line":202,"column":7}},{"start":{"line":195,"column":13},"end":{"line":202,"column":7}}]},"20":{"loc":{"start":{"line":173,"column":8},"end":{"line":174,"column":65}},"type":"binary-expr","locations":[{"start":{"line":173,"column":8},"end":{"line":173,"column":46}},{"start":{"line":174,"column":8},"end":{"line":174,"column":65}}]},"21":{"loc":{"start":{"line":203,"column":11},"end":{"line":210,"column":5}},"type":"if","locations":[{"start":{"line":203,"column":11},"end":{"line":210,"column":5}}]},"22":{"loc":{"start":{"line":436,"column":4},"end":{"line":436,"column":null}},"type":"if","locations":[{"start":{"line":436,"column":4},"end":{"line":436,"column":null}}]},"23":{"loc":{"start":{"line":459,"column":4},"end":{"line":460,"column":null}},"type":"if","locations":[{"start":{"line":459,"column":4},"end":{"line":460,"column":null}}]},"24":{"loc":{"start":{"line":466,"column":8},"end":{"line":471,"column":9}},"type":"if","locations":[{"start":{"line":466,"column":8},"end":{"line":471,"column":9}}]},"25":{"loc":{"start":{"line":466,"column":12},"end":{"line":466,"column":73}},"type":"binary-expr","locations":[{"start":{"line":466,"column":12},"end":{"line":466,"column":43}},{"start":{"line":466,"column":47},"end":{"line":466,"column":73}}]},"26":{"loc":{"start":{"line":468,"column":12},"end":{"line":469,"column":76}},"type":"binary-expr","locations":[{"start":{"line":468,"column":12},"end":{"line":468,"column":62}},{"start":{"line":469,"column":12},"end":{"line":469,"column":76}}]},"27":{"loc":{"start":{"line":475,"column":6},"end":{"line":486,"column":7}},"type":"if","locations":[{"start":{"line":475,"column":6},"end":{"line":486,"column":7}}]},"28":{"loc":{"start":{"line":477,"column":10},"end":{"line":484,"column":11}},"type":"if","locations":[{"start":{"line":477,"column":10},"end":{"line":484,"column":11}}]},"29":{"loc":{"start":{"line":266,"column":4},"end":{"line":268,"column":5}},"type":"if","locations":[{"start":{"line":266,"column":4},"end":{"line":268,"column":5}}]},"30":{"loc":{"start":{"line":280,"column":8},"end":{"line":280,"column":69}},"type":"binary-expr","locations":[{"start":{"line":280,"column":8},"end":{"line":280,"column":29}},{"start":{"line":280,"column":33},"end":{"line":280,"column":69}}]},"31":{"loc":{"start":{"line":286,"column":4},"end":{"line":288,"column":5}},"type":"if","locations":[{"start":{"line":286,"column":4},"end":{"line":288,"column":5}}]},"32":{"loc":{"start":{"line":286,"column":8},"end":{"line":286,"column":62}},"type":"binary-expr","locations":[{"start":{"line":286,"column":8},"end":{"line":286,"column":33}},{"start":{"line":286,"column":37},"end":{"line":286,"column":62}}]},"33":{"loc":{"start":{"line":291,"column":4},"end":{"line":314,"column":5}},"type":"if","locations":[{"start":{"line":291,"column":4},"end":{"line":314,"column":5}}]},"34":{"loc":{"start":{"line":293,"column":6},"end":{"line":297,"column":7}},"type":"if","locations":[{"start":{"line":293,"column":6},"end":{"line":297,"column":7}},{"start":{"line":295,"column":13},"end":{"line":297,"column":7}}]},"35":{"loc":{"start":{"line":301,"column":10},"end":{"line":303,"column":54}},"type":"binary-expr","locations":[{"start":{"line":301,"column":11},"end":{"line":301,"column":32}},{"start":{"line":301,"column":36},"end":{"line":301,"column":72}},{"start":{"line":303,"column":10},"end":{"line":303,"column":54}}]},"36":{"loc":{"start":{"line":305,"column":6},"end":{"line":312,"column":7}},"type":"if","locations":[{"start":{"line":305,"column":6},"end":{"line":312,"column":7}}]},"37":{"loc":{"start":{"line":326,"column":6},"end":{"line":328,"column":7}},"type":"if","locations":[{"start":{"line":326,"column":6},"end":{"line":328,"column":7}}]},"38":{"loc":{"start":{"line":326,"column":10},"end":{"line":326,"column":61}},"type":"binary-expr","locations":[{"start":{"line":326,"column":10},"end":{"line":326,"column":33}},{"start":{"line":326,"column":37},"end":{"line":326,"column":61}}]},"39":{"loc":{"start":{"line":333,"column":10},"end":{"line":337,"column":61}},"type":"binary-expr","locations":[{"start":{"line":333,"column":11},"end":{"line":333,"column":34}},{"start":{"line":334,"column":13},"end":{"line":334,"column":36}},{"start":{"line":334,"column":40},"end":{"line":334,"column":76}},{"start":{"line":335,"column":13},"end":{"line":335,"column":34}},{"start":{"line":335,"column":38},"end":{"line":335,"column":74}},{"start":{"line":337,"column":10},"end":{"line":337,"column":61}}]},"40":{"loc":{"start":{"line":340,"column":6},"end":{"line":347,"column":7}},"type":"if","locations":[{"start":{"line":340,"column":6},"end":{"line":347,"column":7}}]},"41":{"loc":{"start":{"line":354,"column":13},"end":{"line":354,"column":33}},"type":"binary-expr","locations":[{"start":{"line":354,"column":13},"end":{"line":354,"column":21}},{"start":{"line":354,"column":25},"end":{"line":354,"column":33}}]},"42":{"loc":{"start":{"line":362,"column":4},"end":{"line":418,"column":5}},"type":"if","locations":[{"start":{"line":362,"column":4},"end":{"line":418,"column":5}}]},"43":{"loc":{"start":{"line":369,"column":12},"end":{"line":370,"column":52}},"type":"binary-expr","locations":[{"start":{"line":369,"column":12},"end":{"line":369,"column":37}},{"start":{"line":370,"column":12},"end":{"line":370,"column":52}}]},"44":{"loc":{"start":{"line":382,"column":6},"end":{"line":417,"column":7}},"type":"if","locations":[{"start":{"line":382,"column":6},"end":{"line":417,"column":7}},{"start":{"line":391,"column":13},"end":{"line":417,"column":7}}]},"45":{"loc":{"start":{"line":398,"column":8},"end":{"line":414,"column":9}},"type":"if","locations":[{"start":{"line":398,"column":8},"end":{"line":414,"column":9}}]},"46":{"loc":{"start":{"line":403,"column":10},"end":{"line":413,"column":11}},"type":"if","locations":[{"start":{"line":403,"column":10},"end":{"line":413,"column":11}}]},"47":{"loc":{"start":{"line":521,"column":4},"end":{"line":532,"column":5}},"type":"if","locations":[{"start":{"line":521,"column":4},"end":{"line":532,"column":5}}]},"48":{"loc":{"start":{"line":522,"column":6},"end":{"line":524,"column":7}},"type":"if","locations":[{"start":{"line":522,"column":6},"end":{"line":524,"column":7}}]},"49":{"loc":{"start":{"line":543,"column":4},"end":{"line":554,"column":5}},"type":"if","locations":[{"start":{"line":543,"column":4},"end":{"line":554,"column":5}}]},"50":{"loc":{"start":{"line":544,"column":6},"end":{"line":546,"column":7}},"type":"if","locations":[{"start":{"line":544,"column":6},"end":{"line":546,"column":7}}]},"51":{"loc":{"start":{"line":595,"column":4},"end":{"line":606,"column":5}},"type":"if","locations":[{"start":{"line":595,"column":4},"end":{"line":606,"column":5}}]},"52":{"loc":{"start":{"line":596,"column":6},"end":{"line":605,"column":7}},"type":"if","locations":[{"start":{"line":596,"column":6},"end":{"line":605,"column":7}}]},"53":{"loc":{"start":{"line":609,"column":4},"end":{"line":620,"column":5}},"type":"if","locations":[{"start":{"line":609,"column":4},"end":{"line":620,"column":5}}]},"54":{"loc":{"start":{"line":610,"column":6},"end":{"line":619,"column":7}},"type":"if","locations":[{"start":{"line":610,"column":6},"end":{"line":619,"column":7}}]},"55":{"loc":{"start":{"line":669,"column":8},"end":{"line":671,"column":9}},"type":"if","locations":[{"start":{"line":669,"column":8},"end":{"line":671,"column":9}}]},"56":{"loc":{"start":{"line":674,"column":8},"end":{"line":685,"column":9}},"type":"if","locations":[{"start":{"line":674,"column":8},"end":{"line":685,"column":9}}]},"57":{"loc":{"start":{"line":712,"column":6},"end":{"line":714,"column":7}},"type":"if","locations":[{"start":{"line":712,"column":6},"end":{"line":714,"column":7}}]},"58":{"loc":{"start":{"line":712,"column":10},"end":{"line":712,"column":28}},"type":"cond-expr","locations":[{"start":{"line":712,"column":21},"end":{"line":712,"column":23}},{"start":{"line":712,"column":21},"end":{"line":712,"column":28}}]},"59":{"loc":{"start":{"line":712,"column":10},"end":{"line":712,"column":23}},"type":"binary-expr","locations":[{"start":{"line":712,"column":10},"end":{"line":712,"column":23}},{"start":{"line":712,"column":21},"end":{"line":712,"column":23}}]},"60":{"loc":{"start":{"line":718,"column":6},"end":{"line":720,"column":7}},"type":"if","locations":[{"start":{"line":718,"column":6},"end":{"line":720,"column":7}}]},"61":{"loc":{"start":{"line":718,"column":10},"end":{"line":718,"column":28}},"type":"cond-expr","locations":[{"start":{"line":718,"column":21},"end":{"line":718,"column":23}},{"start":{"line":718,"column":21},"end":{"line":718,"column":28}}]},"62":{"loc":{"start":{"line":718,"column":10},"end":{"line":718,"column":23}},"type":"binary-expr","locations":[{"start":{"line":718,"column":10},"end":{"line":718,"column":23}},{"start":{"line":718,"column":21},"end":{"line":718,"column":23}}]},"63":{"loc":{"start":{"line":724,"column":4},"end":{"line":734,"column":5}},"type":"if","locations":[{"start":{"line":724,"column":4},"end":{"line":734,"column":5}}]},"64":{"loc":{"start":{"line":736,"column":4},"end":{"line":746,"column":5}},"type":"if","locations":[{"start":{"line":736,"column":4},"end":{"line":746,"column":5}}]},"65":{"loc":{"start":{"line":760,"column":26},"end":{"line":760,"column":69}},"type":"cond-expr","locations":[{"start":{"line":760,"column":52},"end":{"line":760,"column":59}},{"start":{"line":760,"column":62},"end":{"line":760,"column":69}}]},"66":{"loc":{"start":{"line":764,"column":34},"end":{"line":764,"column":80}},"type":"cond-expr","locations":[{"start":{"line":764,"column":63},"end":{"line":764,"column":70}},{"start":{"line":764,"column":73},"end":{"line":764,"column":80}}]},"67":{"loc":{"start":{"line":773,"column":8},"end":{"line":773,"column":63}},"type":"cond-expr","locations":[{"start":{"line":773,"column":41},"end":{"line":773,"column":50}},{"start":{"line":773,"column":53},"end":{"line":773,"column":63}}]},"68":{"loc":{"start":{"line":781,"column":8},"end":{"line":781,"column":70}},"type":"cond-expr","locations":[{"start":{"line":781,"column":48},"end":{"line":781,"column":57}},{"start":{"line":781,"column":60},"end":{"line":781,"column":70}}]},"69":{"loc":{"start":{"line":802,"column":6},"end":{"line":822,"column":7}},"type":"if","locations":[{"start":{"line":802,"column":6},"end":{"line":822,"column":7}}]},"70":{"loc":{"start":{"line":802,"column":10},"end":{"line":802,"column":56}},"type":"binary-expr","locations":[{"start":{"line":802,"column":10},"end":{"line":802,"column":17}},{"start":{"line":802,"column":21},"end":{"line":802,"column":40}},{"start":{"line":802,"column":44},"end":{"line":802,"column":56}}]},"71":{"loc":{"start":{"line":809,"column":8},"end":{"line":821,"column":9}},"type":"if","locations":[{"start":{"line":809,"column":8},"end":{"line":821,"column":9}}]},"72":{"loc":{"start":{"line":841,"column":27},"end":{"line":841,"column":72}},"type":"cond-expr","locations":[{"start":{"line":841,"column":34},"end":{"line":841,"column":36}},{"start":{"line":841,"column":27},"end":{"line":841,"column":72}}]},"73":{"loc":{"start":{"line":841,"column":27},"end":{"line":841,"column":36}},"type":"binary-expr","locations":[{"start":{"line":841,"column":27},"end":{"line":841,"column":36}},{"start":{"line":841,"column":27},"end":{"line":841,"column":36}}]},"74":{"loc":{"start":{"line":844,"column":35},"end":{"line":846,"column":22}},"type":"cond-expr","locations":[{"start":{"line":845,"column":10},"end":{"line":845,"column":52}},{"start":{"line":846,"column":10},"end":{"line":846,"column":22}}]},"75":{"loc":{"start":{"line":845,"column":13},"end":{"line":845,"column":31}},"type":"binary-expr","locations":[{"start":{"line":845,"column":13},"end":{"line":845,"column":25}},{"start":{"line":845,"column":29},"end":{"line":845,"column":31}}]},"76":{"loc":{"start":{"line":855,"column":6},"end":{"line":864,"column":7}},"type":"if","locations":[{"start":{"line":855,"column":6},"end":{"line":864,"column":7}}]},"77":{"loc":{"start":{"line":882,"column":4},"end":{"line":889,"column":5}},"type":"if","locations":[{"start":{"line":882,"column":4},"end":{"line":889,"column":5}},{"start":{"line":887,"column":11},"end":{"line":889,"column":5}}]}},"s":{"0":1,"1":1,"2":1,"3":1,"4":1,"5":77,"6":0,"7":0,"8":0,"9":0,"10":0,"11":0,"12":0,"13":0,"14":0,"15":0,"16":1,"17":15,"18":15,"19":15,"20":15,"21":0,"22":0,"23":0,"24":0,"25":0,"26":0,"27":0,"28":0,"29":0,"30":0,"31":0,"32":0,"33":0,"34":0,"35":0,"36":0,"37":0,"38":0,"39":0,"40":0,"41":0,"42":0,"43":0,"44":0,"45":0,"46":0,"47":0,"48":0,"49":0,"50":0,"51":0,"52":0,"53":0,"54":0,"55":0,"56":0,"57":0,"58":0,"59":62,"60":0,"61":62,"62":62,"63":62,"64":1488,"65":1488,"66":1488,"67":1488,"68":1488,"69":1488,"70":62,"71":0,"72":62,"73":62,"74":1488,"75":11904,"76":11904,"77":0,"78":1488,"79":496,"80":496,"81":496,"82":496,"83":62,"84":62,"85":62,"86":1,"87":1,"88":310,"89":1,"90":0,"91":1,"92":0,"93":1,"94":0,"95":0,"96":0,"97":0,"98":1,"99":0,"100":0,"101":0,"102":0,"103":0,"104":1,"105":0,"106":0,"107":0,"108":0,"109":0,"110":0,"111":0,"112":0,"113":0,"114":0,"115":0,"116":0,"117":0,"118":0,"119":0,"120":0,"121":0,"122":0,"123":0,"124":0,"125":0,"126":0,"127":0,"128":0,"129":0,"130":0,"131":0,"132":0,"133":0,"134":0,"135":0,"136":0,"137":0,"138":0,"139":0,"140":0,"141":0,"142":0,"143":0,"144":0,"145":0,"146":0,"147":0,"148":0,"149":0,"150":0,"151":0,"152":0,"153":0,"154":0,"155":0,"156":0,"157":1,"158":0,"159":0,"160":0,"161":1,"162":77,"163":77,"164":77,"165":616,"166":77,"167":0,"168":77,"169":77,"170":77,"171":0,"172":0,"173":0,"174":77,"175":0,"176":77,"177":77,"178":77,"179":0,"180":0,"181":0,"182":77,"183":1,"184":77,"185":616,"186":77,"187":0,"188":77,"189":0,"190":77,"191":77,"192":0,"193":0,"194":0,"195":77,"196":77,"197":0,"198":0,"199":0,"200":77,"201":1,"202":0,"203":0,"204":1,"205":0,"206":0,"207":0,"208":0,"209":0,"210":0,"211":0,"212":0,"213":0,"214":0,"215":0,"216":0,"217":0,"218":0,"219":0,"220":0,"221":0,"222":0,"223":0,"224":0,"225":0,"226":0,"227":0,"228":0,"229":0,"230":0,"231":0,"232":0,"233":0,"234":0,"235":0,"236":0,"237":0,"238":0,"239":0,"240":0,"241":0,"242":0,"243":0,"244":1,"245":0,"246":0,"247":0,"248":0,"249":0,"250":0,"251":0,"252":1,"253":0,"254":0,"255":0,"256":0,"257":0,"258":0,"259":0,"260":0,"261":0,"262":0,"263":0,"264":1,"265":0,"266":0,"267":0,"268":0,"269":0,"270":0,"271":0,"272":0,"273":0,"274":0,"275":0,"276":0,"277":0,"278":1,"279":0,"280":0,"281":0,"282":1,"283":47,"284":47,"285":47},"f":{"0":77,"1":0,"2":0,"3":0,"4":15,"5":0,"6":0,"7":0,"8":0,"9":0,"10":62,"11":1488,"12":11904,"13":496,"14":310,"15":0,"16":0,"17":0,"18":0,"19":0,"20":0,"21":0,"22":0,"23":0,"24":0,"25":0,"26":0,"27":0,"28":0,"29":0,"30":0,"31":0,"32":0,"33":0,"34":0,"35":77,"36":616,"37":0,"38":0,"39":77,"40":616,"41":0,"42":0,"43":0,"44":0,"45":0,"46":0,"47":0,"48":0,"49":0,"50":0,"51":0,"52":0,"53":0,"54":0,"55":0,"56":47},"b":{"0":[0],"1":[0,0,0],"2":[0],"3":[0,0],"4":[0,0],"5":[15,15],"6":[15,15],"7":[15,15],"8":[0],"9":[0,0],"10":[0],"11":[0,0],"12":[0,0],"13":[0,0],"14":[0,0],"15":[0],"16":[0],"17":[0,0,0],"18":[0,0],"19":[0,0],"20":[0,0],"21":[0],"22":[0],"23":[0],"24":[11904],"25":[11904,11904],"26":[11904,496],"27":[496],"28":[496],"29":[0],"30":[0,0],"31":[0],"32":[0,0],"33":[0],"34":[0,0],"35":[0,0,0],"36":[0],"37":[0],"38":[0,0],"39":[0,0,0,0,0,0],"40":[0],"41":[0,0],"42":[0],"43":[0,0],"44":[0,0],"45":[0],"46":[0],"47":[0],"48":[0],"49":[0],"50":[0],"51":[0],"52":[0],"53":[0],"54":[0],"55":[0],"56":[0],"57":[0],"58":[0,0],"59":[0,0],"60":[0],"61":[0,0],"62":[0,0],"63":[0],"64":[0],"65":[0,0],"66":[0,0],"67":[0,0],"68":[0,0],"69":[0],"70":[0,0,0],"71":[0],"72":[0,0],"73":[0,0],"74":[0,0],"75":[0,0],"76":[0],"77":[0,0]}},"/Users/kenr/Code/nodots-backgammon/nodots-backgammon-core/src/utils/logger.ts":{"path":"/Users/kenr/Code/nodots-backgammon/nodots-backgammon-core/src/utils/logger.ts","statementMap":{"0":{"start":{"line":25,"column":19},"end":{"line":25,"column":null}},"1":{"start":{"line":28,"column":4},"end":{"line":28,"column":null}},"2":{"start":{"line":29,"column":4},"end":{"line":29,"column":null}},"3":{"start":{"line":30,"column":4},"end":{"line":30,"column":null}},"4":{"start":{"line":34,"column":45},"end":{"line":39,"column":null}},"5":{"start":{"line":40,"column":4},"end":{"line":40,"column":null}},"6":{"start":{"line":44,"column":4},"end":{"line":44,"column":null}},"7":{"start":{"line":44,"column":33},"end":{"line":44,"column":null}},"8":{"start":{"line":46,"column":4},"end":{"line":95,"column":5}},"9":{"start":{"line":47,"column":20},"end":{"line":47,"column":37}},"10":{"start":{"line":48,"column":6},"end":{"line":48,"column":null}},"11":{"start":{"line":48,"column":18},"end":{"line":48,"column":null}},"12":{"start":{"line":51,"column":25},"end":{"line":51,"column":42}},"13":{"start":{"line":54,"column":23},"end":{"line":54,"column":25}},"14":{"start":{"line":55,"column":6},"end":{"line":64,"column":7}},"15":{"start":{"line":55,"column":19},"end":{"line":55,"column":20}},"16":{"start":{"line":56,"column":21},"end":{"line":56,"column":34}},"17":{"start":{"line":57,"column":8},"end":{"line":59,"column":9}},"18":{"start":{"line":58,"column":10},"end":{"line":58,"column":18}},"19":{"start":{"line":60,"column":8},"end":{"line":63,"column":9}},"20":{"start":{"line":61,"column":10},"end":{"line":61,"column":null}},"21":{"start":{"line":62,"column":10},"end":{"line":62,"column":15}},"22":{"start":{"line":66,"column":6},"end":{"line":66,"column":null}},"23":{"start":{"line":66,"column":23},"end":{"line":66,"column":null}},"24":{"start":{"line":69,"column":20},"end":{"line":69,"column":74}},"25":{"start":{"line":70,"column":6},"end":{"line":78,"column":7}},"26":{"start":{"line":71,"column":8},"end":{"line":77,"column":null}},"27":{"start":{"line":81,"column":28},"end":{"line":81,"column":70}},"28":{"start":{"line":82,"column":6},"end":{"line":90,"column":7}},"29":{"start":{"line":83,"column":8},"end":{"line":89,"column":null}},"30":{"start":{"line":92,"column":6},"end":{"line":92,"column":null}},"31":{"start":{"line":94,"column":6},"end":{"line":94,"column":null}},"32":{"start":{"line":103,"column":22},"end":{"line":103,"column":46}},"33":{"start":{"line":104,"column":23},"end":{"line":104,"column":43}},"34":{"start":{"line":106,"column":27},"end":{"line":108,"column":57}},"35":{"start":{"line":110,"column":4},"end":{"line":112,"column":5}},"36":{"start":{"line":111,"column":6},"end":{"line":111,"column":null}},"37":{"start":{"line":114,"column":4},"end":{"line":114,"column":null}},"38":{"start":{"line":118,"column":4},"end":{"line":120,"column":5}},"39":{"start":{"line":119,"column":6},"end":{"line":119,"column":null}},"40":{"start":{"line":124,"column":4},"end":{"line":126,"column":5}},"41":{"start":{"line":125,"column":6},"end":{"line":125,"column":null}},"42":{"start":{"line":130,"column":4},"end":{"line":132,"column":5}},"43":{"start":{"line":131,"column":6},"end":{"line":131,"column":null}},"44":{"start":{"line":136,"column":4},"end":{"line":138,"column":5}},"45":{"start":{"line":137,"column":6},"end":{"line":137,"column":null}},"46":{"start":{"line":142,"column":4},"end":{"line":142,"column":null}},"47":{"start":{"line":146,"column":4},"end":{"line":146,"column":null}},"48":{"start":{"line":150,"column":4},"end":{"line":150,"column":null}},"49":{"start":{"line":154,"column":4},"end":{"line":154,"column":null}},"50":{"start":{"line":165,"column":9},"end":{"line":165,"column":15}},"51":{"start":{"line":159,"column":22},"end":{"line":159,"column":34}},"52":{"start":{"line":162,"column":13},"end":{"line":162,"column":null}},"53":{"start":{"line":168,"column":21},"end":{"line":169,"column":39}},"54":{"start":{"line":169,"column":2},"end":{"line":169,"column":39}},"55":{"start":{"line":168,"column":13},"end":{"line":168,"column":21}},"56":{"start":{"line":170,"column":20},"end":{"line":171,"column":38}},"57":{"start":{"line":171,"column":2},"end":{"line":171,"column":38}},"58":{"start":{"line":170,"column":13},"end":{"line":170,"column":20}},"59":{"start":{"line":172,"column":20},"end":{"line":173,"column":38}},"60":{"start":{"line":173,"column":2},"end":{"line":173,"column":38}},"61":{"start":{"line":172,"column":13},"end":{"line":172,"column":20}},"62":{"start":{"line":174,"column":21},"end":{"line":175,"column":39}},"63":{"start":{"line":175,"column":2},"end":{"line":175,"column":39}},"64":{"start":{"line":174,"column":13},"end":{"line":174,"column":21}},"65":{"start":{"line":178,"column":27},"end":{"line":178,"column":77}},"66":{"start":{"line":178,"column":48},"end":{"line":178,"column":77}},"67":{"start":{"line":178,"column":13},"end":{"line":178,"column":27}},"68":{"start":{"line":179,"column":33},"end":{"line":180,"column":42}},"69":{"start":{"line":180,"column":2},"end":{"line":180,"column":42}},"70":{"start":{"line":179,"column":13},"end":{"line":179,"column":33}},"71":{"start":{"line":181,"column":36},"end":{"line":182,"column":45}},"72":{"start":{"line":182,"column":2},"end":{"line":182,"column":45}},"73":{"start":{"line":181,"column":13},"end":{"line":181,"column":36}},"74":{"start":{"line":183,"column":37},"end":{"line":183,"column":80}},"75":{"start":{"line":183,"column":43},"end":{"line":183,"column":80}},"76":{"start":{"line":183,"column":13},"end":{"line":183,"column":37}}},"fnMap":{"0":{"name":"(anonymous_0)","decl":{"start":{"line":27,"column":2},"end":{"line":27,"column":14}},"loc":{"start":{"line":27,"column":41},"end":{"line":31,"column":3}}},"1":{"name":"(anonymous_1)","decl":{"start":{"line":33,"column":10},"end":{"line":33,"column":19}},"loc":{"start":{"line":33,"column":42},"end":{"line":41,"column":3}}},"2":{"name":"(anonymous_2)","decl":{"start":{"line":43,"column":10},"end":{"line":43,"column":23}},"loc":{"start":{"line":43,"column":23},"end":{"line":96,"column":3}}},"3":{"name":"(anonymous_3)","decl":{"start":{"line":98,"column":10},"end":{"line":98,"column":23}},"loc":{"start":{"line":101,"column":18},"end":{"line":115,"column":3}}},"4":{"name":"(anonymous_4)","decl":{"start":{"line":117,"column":2},"end":{"line":117,"column":7}},"loc":{"start":{"line":117,"column":39},"end":{"line":121,"column":3}}},"5":{"name":"(anonymous_5)","decl":{"start":{"line":123,"column":2},"end":{"line":123,"column":6}},"loc":{"start":{"line":123,"column":38},"end":{"line":127,"column":3}}},"6":{"name":"(anonymous_6)","decl":{"start":{"line":129,"column":2},"end":{"line":129,"column":6}},"loc":{"start":{"line":129,"column":38},"end":{"line":133,"column":3}}},"7":{"name":"(anonymous_7)","decl":{"start":{"line":135,"column":2},"end":{"line":135,"column":7}},"loc":{"start":{"line":135,"column":39},"end":{"line":139,"column":3}}},"8":{"name":"(anonymous_8)","decl":{"start":{"line":141,"column":2},"end":{"line":141,"column":10}},"loc":{"start":{"line":141,"column":26},"end":{"line":143,"column":3}}},"9":{"name":"(anonymous_9)","decl":{"start":{"line":145,"column":2},"end":{"line":145,"column":19}},"loc":{"start":{"line":145,"column":36},"end":{"line":147,"column":3}}},"10":{"name":"(anonymous_10)","decl":{"start":{"line":149,"column":2},"end":{"line":149,"column":22}},"loc":{"start":{"line":149,"column":39},"end":{"line":151,"column":3}}},"11":{"name":"(anonymous_11)","decl":{"start":{"line":153,"column":2},"end":{"line":153,"column":23}},"loc":{"start":{"line":153,"column":23},"end":{"line":155,"column":3}}},"12":{"name":"(anonymous_12)","decl":{"start":{"line":168,"column":21},"end":{"line":168,"column":22}},"loc":{"start":{"line":169,"column":2},"end":{"line":169,"column":39}}},"13":{"name":"(anonymous_13)","decl":{"start":{"line":170,"column":20},"end":{"line":170,"column":21}},"loc":{"start":{"line":171,"column":2},"end":{"line":171,"column":38}}},"14":{"name":"(anonymous_14)","decl":{"start":{"line":172,"column":20},"end":{"line":172,"column":21}},"loc":{"start":{"line":173,"column":2},"end":{"line":173,"column":38}}},"15":{"name":"(anonymous_15)","decl":{"start":{"line":174,"column":21},"end":{"line":174,"column":22}},"loc":{"start":{"line":175,"column":2},"end":{"line":175,"column":39}}},"16":{"name":"(anonymous_16)","decl":{"start":{"line":178,"column":27},"end":{"line":178,"column":28}},"loc":{"start":{"line":178,"column":48},"end":{"line":178,"column":77}}},"17":{"name":"(anonymous_17)","decl":{"start":{"line":179,"column":33},"end":{"line":179,"column":34}},"loc":{"start":{"line":180,"column":2},"end":{"line":180,"column":42}}},"18":{"name":"(anonymous_18)","decl":{"start":{"line":181,"column":36},"end":{"line":181,"column":37}},"loc":{"start":{"line":182,"column":2},"end":{"line":182,"column":45}}},"19":{"name":"(anonymous_19)","decl":{"start":{"line":183,"column":37},"end":{"line":183,"column":40}},"loc":{"start":{"line":183,"column":43},"end":{"line":183,"column":80}}}},"branchMap":{"0":{"loc":{"start":{"line":27,"column":14},"end":{"line":27,"column":41}},"type":"default-arg","locations":[{"start":{"line":27,"column":39},"end":{"line":27,"column":41}}]},"1":{"loc":{"start":{"line":28,"column":17},"end":{"line":28,"column":40}},"type":"binary-expr","locations":[{"start":{"line":28,"column":17},"end":{"line":28,"column":30}},{"start":{"line":28,"column":34},"end":{"line":28,"column":40}}]},"2":{"loc":{"start":{"line":44,"column":4},"end":{"line":44,"column":null}},"type":"if","locations":[{"start":{"line":44,"column":4},"end":{"line":44,"column":null}}]},"3":{"loc":{"start":{"line":48,"column":6},"end":{"line":48,"column":null}},"type":"if","locations":[{"start":{"line":48,"column":6},"end":{"line":48,"column":null}}]},"4":{"loc":{"start":{"line":57,"column":8},"end":{"line":59,"column":9}},"type":"if","locations":[{"start":{"line":57,"column":8},"end":{"line":59,"column":9}}]},"5":{"loc":{"start":{"line":57,"column":12},"end":{"line":57,"column":66}},"type":"binary-expr","locations":[{"start":{"line":57,"column":12},"end":{"line":57,"column":36}},{"start":{"line":57,"column":40},"end":{"line":57,"column":66}}]},"6":{"loc":{"start":{"line":60,"column":8},"end":{"line":63,"column":9}},"type":"if","locations":[{"start":{"line":60,"column":8},"end":{"line":63,"column":9}}]},"7":{"loc":{"start":{"line":60,"column":12},"end":{"line":60,"column":66}},"type":"binary-expr","locations":[{"start":{"line":60,"column":12},"end":{"line":60,"column":32}},{"start":{"line":60,"column":36},"end":{"line":60,"column":66}}]},"8":{"loc":{"start":{"line":66,"column":6},"end":{"line":66,"column":null}},"type":"if","locations":[{"start":{"line":66,"column":6},"end":{"line":66,"column":null}}]},"9":{"loc":{"start":{"line":70,"column":6},"end":{"line":78,"column":7}},"type":"if","locations":[{"start":{"line":70,"column":6},"end":{"line":78,"column":7}}]},"10":{"loc":{"start":{"line":73,"column":20},"end":{"line":73,"column":57}},"type":"binary-expr","locations":[{"start":{"line":73,"column":20},"end":{"line":73,"column":45}},{"start":{"line":73,"column":49},"end":{"line":73,"column":57}}]},"11":{"loc":{"start":{"line":82,"column":6},"end":{"line":90,"column":7}},"type":"if","locations":[{"start":{"line":82,"column":6},"end":{"line":90,"column":7}}]},"12":{"loc":{"start":{"line":85,"column":20},"end":{"line":85,"column":73}},"type":"binary-expr","locations":[{"start":{"line":85,"column":20},"end":{"line":85,"column":53}},{"start":{"line":85,"column":57},"end":{"line":85,"column":73}}]},"13":{"loc":{"start":{"line":110,"column":4},"end":{"line":112,"column":5}},"type":"if","locations":[{"start":{"line":110,"column":4},"end":{"line":112,"column":5}}]},"14":{"loc":{"start":{"line":118,"column":4},"end":{"line":120,"column":5}},"type":"if","locations":[{"start":{"line":118,"column":4},"end":{"line":120,"column":5}}]},"15":{"loc":{"start":{"line":118,"column":8},"end":{"line":118,"column":53}},"type":"binary-expr","locations":[{"start":{"line":118,"column":8},"end":{"line":118,"column":31}},{"start":{"line":118,"column":35},"end":{"line":118,"column":53}}]},"16":{"loc":{"start":{"line":124,"column":4},"end":{"line":126,"column":5}},"type":"if","locations":[{"start":{"line":124,"column":4},"end":{"line":126,"column":5}}]},"17":{"loc":{"start":{"line":124,"column":8},"end":{"line":124,"column":52}},"type":"binary-expr","locations":[{"start":{"line":124,"column":8},"end":{"line":124,"column":30}},{"start":{"line":124,"column":34},"end":{"line":124,"column":52}}]},"18":{"loc":{"start":{"line":130,"column":4},"end":{"line":132,"column":5}},"type":"if","locations":[{"start":{"line":130,"column":4},"end":{"line":132,"column":5}}]},"19":{"loc":{"start":{"line":130,"column":8},"end":{"line":130,"column":52}},"type":"binary-expr","locations":[{"start":{"line":130,"column":8},"end":{"line":130,"column":30}},{"start":{"line":130,"column":34},"end":{"line":130,"column":52}}]},"20":{"loc":{"start":{"line":136,"column":4},"end":{"line":138,"column":5}},"type":"if","locations":[{"start":{"line":136,"column":4},"end":{"line":138,"column":5}}]},"21":{"loc":{"start":{"line":136,"column":8},"end":{"line":136,"column":53}},"type":"binary-expr","locations":[{"start":{"line":136,"column":8},"end":{"line":136,"column":31}},{"start":{"line":136,"column":35},"end":{"line":136,"column":53}}]}},"s":{"0":1,"1":1,"2":1,"3":1,"4":0,"5":0,"6":0,"7":0,"8":0,"9":0,"10":0,"11":0,"12":0,"13":0,"14":0,"15":0,"16":0,"17":0,"18":0,"19":0,"20":0,"21":0,"22":0,"23":0,"24":0,"25":0,"26":0,"27":0,"28":0,"29":0,"30":0,"31":0,"32":0,"33":0,"34":0,"35":0,"36":0,"37":0,"38":0,"39":0,"40":0,"41":0,"42":0,"43":0,"44":0,"45":0,"46":0,"47":0,"48":0,"49":0,"50":1,"51":1,"52":1,"53":1,"54":0,"55":1,"56":1,"57":0,"58":1,"59":1,"60":0,"61":1,"62":1,"63":0,"64":1,"65":1,"66":0,"67":1,"68":1,"69":0,"70":1,"71":1,"72":0,"73":1,"74":1,"75":0,"76":1},"f":{"0":1,"1":0,"2":0,"3":0,"4":0,"5":0,"6":0,"7":0,"8":0,"9":0,"10":0,"11":0,"12":0,"13":0,"14":0,"15":0,"16":0,"17":0,"18":0,"19":0},"b":{"0":[1],"1":[1,1],"2":[0],"3":[0],"4":[0],"5":[0,0],"6":[0],"7":[0,0],"8":[0],"9":[0],"10":[0,0],"11":[0],"12":[0,0],"13":[0],"14":[0],"15":[0,0],"16":[0],"17":[0,0],"18":[0],"19":[0,0],"20":[0],"21":[0,0]}},"/Users/kenr/Code/nodots-backgammon/nodots-backgammon-core/src/Board/ascii.ts":{"path":"/Users/kenr/Code/nodots-backgammon/nodots-backgammon-core/src/Board/ascii.ts","statementMap":{"0":{"start":{"line":8,"column":29},"end":{"line":8,"column":30}},"1":{"start":{"line":10,"column":21},"end":{"line":284,"column":1}},"2":{"start":{"line":18,"column":2},"end":{"line":20,"column":3}},"3":{"start":{"line":19,"column":4},"end":{"line":19,"column":null}},"4":{"start":{"line":22,"column":2},"end":{"line":24,"column":3}},"5":{"start":{"line":23,"column":4},"end":{"line":23,"column":null}},"6":{"start":{"line":26,"column":2},"end":{"line":28,"column":3}},"7":{"start":{"line":27,"column":4},"end":{"line":27,"column":null}},"8":{"start":{"line":30,"column":2},"end":{"line":32,"column":3}},"9":{"start":{"line":31,"column":4},"end":{"line":31,"column":null}},"10":{"start":{"line":34,"column":2},"end":{"line":36,"column":3}},"11":{"start":{"line":35,"column":4},"end":{"line":35,"column":null}},"12":{"start":{"line":38,"column":2},"end":{"line":40,"column":3}},"13":{"start":{"line":39,"column":4},"end":{"line":39,"column":null}},"14":{"start":{"line":42,"column":17},"end":{"line":42,"column":29}},"15":{"start":{"line":43,"column":14},"end":{"line":43,"column":23}},"16":{"start":{"line":45,"column":21},"end":{"line":45,"column":23}},"17":{"start":{"line":49,"column":31},"end":{"line":49,"column":77}},"18":{"start":{"line":50,"column":2},"end":{"line":50,"column":null}},"19":{"start":{"line":53,"column":25},"end":{"line":63,"column":3}},"20":{"start":{"line":54,"column":19},"end":{"line":54,"column":56}},"21":{"start":{"line":55,"column":18},"end":{"line":55,"column":56}},"22":{"start":{"line":56,"column":22},"end":{"line":56,"column":52}},"23":{"start":{"line":58,"column":6},"end":{"line":58,"column":71}},"24":{"start":{"line":60,"column":4},"end":{"line":62,"column":null}},"25":{"start":{"line":66,"column":2},"end":{"line":66,"column":null}},"26":{"start":{"line":67,"column":2},"end":{"line":73,"column":3}},"27":{"start":{"line":68,"column":20},"end":{"line":68,"column":30}},"28":{"start":{"line":69,"column":20},"end":{"line":69,"column":57}},"29":{"start":{"line":70,"column":4},"end":{"line":70,"column":null}},"30":{"start":{"line":72,"column":4},"end":{"line":72,"column":null}},"31":{"start":{"line":76,"column":35},"end":{"line":79,"column":74}},"32":{"start":{"line":79,"column":4},"end":{"line":79,"column":74}},"33":{"start":{"line":79,"column":27},"end":{"line":79,"column":65}},"34":{"start":{"line":82,"column":28},"end":{"line":88,"column":3}},"35":{"start":{"line":83,"column":18},"end":{"line":83,"column":53}},"36":{"start":{"line":84,"column":4},"end":{"line":84,"column":null}},"37":{"start":{"line":84,"column":16},"end":{"line":84,"column":null}},"38":{"start":{"line":85,"column":4},"end":{"line":87,"column":null}},"39":{"start":{"line":86,"column":6},"end":{"line":86,"column":65}},"40":{"start":{"line":91,"column":29},"end":{"line":91,"column":53}},"41":{"start":{"line":93,"column":24},"end":{"line":93,"column":58}},"42":{"start":{"line":94,"column":24},"end":{"line":94,"column":25}},"43":{"start":{"line":97,"column":2},"end":{"line":136,"column":3}},"44":{"start":{"line":97,"column":17},"end":{"line":97,"column":18}},"45":{"start":{"line":98,"column":4},"end":{"line":98,"column":null}},"46":{"start":{"line":100,"column":4},"end":{"line":115,"column":5}},"47":{"start":{"line":100,"column":25},"end":{"line":100,"column":27}},"48":{"start":{"line":101,"column":22},"end":{"line":101,"column":50}},"49":{"start":{"line":102,"column":17},"end":{"line":102,"column":22}},"50":{"start":{"line":103,"column":6},"end":{"line":112,"column":7}},"51":{"start":{"line":105,"column":8},"end":{"line":109,"column":9}},"52":{"start":{"line":106,"column":10},"end":{"line":106,"column":null}},"53":{"start":{"line":107,"column":15},"end":{"line":109,"column":9}},"54":{"start":{"line":108,"column":10},"end":{"line":108,"column":null}},"55":{"start":{"line":110,"column":13},"end":{"line":112,"column":7}},"56":{"start":{"line":111,"column":8},"end":{"line":111,"column":null}},"57":{"start":{"line":113,"column":6},"end":{"line":113,"column":null}},"58":{"start":{"line":114,"column":6},"end":{"line":114,"column":null}},"59":{"start":{"line":116,"column":4},"end":{"line":116,"column":null}},"60":{"start":{"line":118,"column":4},"end":{"line":118,"column":null}},"61":{"start":{"line":120,"column":4},"end":{"line":134,"column":5}},"62":{"start":{"line":120,"column":25},"end":{"line":120,"column":27}},"63":{"start":{"line":121,"column":22},"end":{"line":121,"column":50}},"64":{"start":{"line":122,"column":17},"end":{"line":122,"column":22}},"65":{"start":{"line":123,"column":6},"end":{"line":131,"column":7}},"66":{"start":{"line":124,"column":8},"end":{"line":128,"column":9}},"67":{"start":{"line":125,"column":10},"end":{"line":125,"column":null}},"68":{"start":{"line":126,"column":15},"end":{"line":128,"column":9}},"69":{"start":{"line":127,"column":10},"end":{"line":127,"column":null}},"70":{"start":{"line":129,"column":13},"end":{"line":131,"column":7}},"71":{"start":{"line":130,"column":8},"end":{"line":130,"column":null}},"72":{"start":{"line":132,"column":6},"end":{"line":132,"column":null}},"73":{"start":{"line":133,"column":6},"end":{"line":133,"column":null}},"74":{"start":{"line":135,"column":4},"end":{"line":135,"column":null}},"75":{"start":{"line":139,"column":2},"end":{"line":139,"column":null}},"76":{"start":{"line":140,"column":2},"end":{"line":164,"column":3}},"77":{"start":{"line":141,"column":20},"end":{"line":141,"column":30}},"78":{"start":{"line":142,"column":21},"end":{"line":142,"column":22}},"79":{"start":{"line":145,"column":4},"end":{"line":159,"column":5}},"80":{"start":{"line":146,"column":6},"end":{"line":150,"column":7}},"81":{"start":{"line":147,"column":8},"end":{"line":149,"column":null}},"82":{"start":{"line":148,"column":17},"end":{"line":148,"column":42}},"83":{"start":{"line":151,"column":6},"end":{"line":155,"column":7}},"84":{"start":{"line":152,"column":8},"end":{"line":154,"column":null}},"85":{"start":{"line":153,"column":17},"end":{"line":153,"column":42}},"86":{"start":{"line":157,"column":6},"end":{"line":157,"column":null}},"87":{"start":{"line":158,"column":6},"end":{"line":158,"column":null}},"88":{"start":{"line":161,"column":4},"end":{"line":161,"column":null}},"89":{"start":{"line":163,"column":4},"end":{"line":163,"column":null}},"90":{"start":{"line":167,"column":2},"end":{"line":241,"column":3}},"91":{"start":{"line":167,"column":17},"end":{"line":167,"column":41}},"92":{"start":{"line":168,"column":4},"end":{"line":168,"column":null}},"93":{"start":{"line":170,"column":4},"end":{"line":202,"column":5}},"94":{"start":{"line":170,"column":25},"end":{"line":170,"column":27}},"95":{"start":{"line":171,"column":22},"end":{"line":171,"column":50}},"96":{"start":{"line":172,"column":17},"end":{"line":172,"column":22}},"97":{"start":{"line":173,"column":6},"end":{"line":199,"column":7}},"98":{"start":{"line":175,"column":8},"end":{"line":187,"column":9}},"99":{"start":{"line":176,"column":10},"end":{"line":176,"column":null}},"100":{"start":{"line":179,"column":31},"end":{"line":179,"column":34}},"101":{"start":{"line":180,"column":10},"end":{"line":186,"column":11}},"102":{"start":{"line":182,"column":14},"end":{"line":184,"column":21}},"103":{"start":{"line":185,"column":12},"end":{"line":185,"column":null}},"104":{"start":{"line":188,"column":13},"end":{"line":199,"column":7}},"105":{"start":{"line":191,"column":8},"end":{"line":198,"column":9}},"106":{"start":{"line":192,"column":31},"end":{"line":192,"column":34}},"107":{"start":{"line":194,"column":12},"end":{"line":196,"column":19}},"108":{"start":{"line":197,"column":10},"end":{"line":197,"column":null}},"109":{"start":{"line":200,"column":6},"end":{"line":200,"column":null}},"110":{"start":{"line":201,"column":6},"end":{"line":201,"column":null}},"111":{"start":{"line":203,"column":4},"end":{"line":203,"column":null}},"112":{"start":{"line":205,"column":4},"end":{"line":205,"column":null}},"113":{"start":{"line":207,"column":4},"end":{"line":239,"column":5}},"114":{"start":{"line":207,"column":25},"end":{"line":207,"column":26}},"115":{"start":{"line":208,"column":22},"end":{"line":208,"column":50}},"116":{"start":{"line":209,"column":17},"end":{"line":209,"column":22}},"117":{"start":{"line":210,"column":6},"end":{"line":236,"column":7}},"118":{"start":{"line":212,"column":8},"end":{"line":224,"column":9}},"119":{"start":{"line":213,"column":10},"end":{"line":213,"column":null}},"120":{"start":{"line":216,"column":31},"end":{"line":216,"column":34}},"121":{"start":{"line":217,"column":10},"end":{"line":223,"column":11}},"122":{"start":{"line":219,"column":14},"end":{"line":221,"column":21}},"123":{"start":{"line":222,"column":12},"end":{"line":222,"column":null}},"124":{"start":{"line":225,"column":13},"end":{"line":236,"column":7}},"125":{"start":{"line":228,"column":8},"end":{"line":235,"column":9}},"126":{"start":{"line":229,"column":31},"end":{"line":229,"column":34}},"127":{"start":{"line":231,"column":12},"end":{"line":233,"column":19}},"128":{"start":{"line":234,"column":10},"end":{"line":234,"column":null}},"129":{"start":{"line":237,"column":6},"end":{"line":237,"column":null}},"130":{"start":{"line":238,"column":6},"end":{"line":238,"column":null}},"131":{"start":{"line":240,"column":4},"end":{"line":240,"column":null}},"132":{"start":{"line":244,"column":2},"end":{"line":244,"column":null}},"133":{"start":{"line":247,"column":2},"end":{"line":276,"column":3}},"134":{"start":{"line":248,"column":20},"end":{"line":248,"column":30}},"135":{"start":{"line":249,"column":20},"end":{"line":249,"column":57}},"136":{"start":{"line":250,"column":21},"end":{"line":250,"column":22}},"137":{"start":{"line":253,"column":4},"end":{"line":267,"column":5}},"138":{"start":{"line":254,"column":6},"end":{"line":258,"column":7}},"139":{"start":{"line":255,"column":8},"end":{"line":257,"column":null}},"140":{"start":{"line":256,"column":17},"end":{"line":256,"column":42}},"141":{"start":{"line":259,"column":6},"end":{"line":263,"column":7}},"142":{"start":{"line":260,"column":8},"end":{"line":262,"column":null}},"143":{"start":{"line":261,"column":17},"end":{"line":261,"column":42}},"144":{"start":{"line":265,"column":6},"end":{"line":265,"column":null}},"145":{"start":{"line":266,"column":6},"end":{"line":266,"column":null}},"146":{"start":{"line":269,"column":4},"end":{"line":269,"column":null}},"147":{"start":{"line":270,"column":4},"end":{"line":272,"column":5}},"148":{"start":{"line":271,"column":6},"end":{"line":271,"column":null}},"149":{"start":{"line":273,"column":4},"end":{"line":273,"column":null}},"150":{"start":{"line":275,"column":4},"end":{"line":275,"column":null}},"151":{"start":{"line":279,"column":2},"end":{"line":281,"column":3}},"152":{"start":{"line":280,"column":4},"end":{"line":280,"column":null}},"153":{"start":{"line":283,"column":2},"end":{"line":283,"column":null}},"154":{"start":{"line":10,"column":13},"end":{"line":10,"column":21}}},"fnMap":{"0":{"name":"(anonymous_0)","decl":{"start":{"line":10,"column":21},"end":{"line":10,"column":null}},"loc":{"start":{"line":16,"column":12},"end":{"line":284,"column":1}}},"1":{"name":"(anonymous_1)","decl":{"start":{"line":53,"column":25},"end":{"line":53,"column":26}},"loc":{"start":{"line":53,"column":59},"end":{"line":63,"column":3}}},"2":{"name":"(anonymous_2)","decl":{"start":{"line":76,"column":35},"end":{"line":76,"column":null}},"loc":{"start":{"line":79,"column":4},"end":{"line":79,"column":74}}},"3":{"name":"(anonymous_3)","decl":{"start":{"line":79,"column":16},"end":{"line":79,"column":17}},"loc":{"start":{"line":79,"column":27},"end":{"line":79,"column":65}}},"4":{"name":"(anonymous_4)","decl":{"start":{"line":82,"column":28},"end":{"line":82,"column":29}},"loc":{"start":{"line":82,"column":50},"end":{"line":88,"column":3}}},"5":{"name":"(anonymous_5)","decl":{"start":{"line":85,"column":30},"end":{"line":85,"column":31}},"loc":{"start":{"line":86,"column":6},"end":{"line":86,"column":65}}},"6":{"name":"(anonymous_6)","decl":{"start":{"line":148,"column":10},"end":{"line":148,"column":11}},"loc":{"start":{"line":148,"column":17},"end":{"line":148,"column":42}}},"7":{"name":"(anonymous_7)","decl":{"start":{"line":153,"column":10},"end":{"line":153,"column":11}},"loc":{"start":{"line":153,"column":17},"end":{"line":153,"column":42}}},"8":{"name":"(anonymous_8)","decl":{"start":{"line":256,"column":10},"end":{"line":256,"column":11}},"loc":{"start":{"line":256,"column":17},"end":{"line":256,"column":42}}},"9":{"name":"(anonymous_9)","decl":{"start":{"line":261,"column":10},"end":{"line":261,"column":11}},"loc":{"start":{"line":261,"column":17},"end":{"line":261,"column":42}}}},"branchMap":{"0":{"loc":{"start":{"line":18,"column":2},"end":{"line":20,"column":3}},"type":"if","locations":[{"start":{"line":18,"column":2},"end":{"line":20,"column":3}}]},"1":{"loc":{"start":{"line":22,"column":2},"end":{"line":24,"column":3}},"type":"if","locations":[{"start":{"line":22,"column":2},"end":{"line":24,"column":3}}]},"2":{"loc":{"start":{"line":26,"column":2},"end":{"line":28,"column":3}},"type":"if","locations":[{"start":{"line":26,"column":2},"end":{"line":28,"column":3}}]},"3":{"loc":{"start":{"line":30,"column":2},"end":{"line":32,"column":3}},"type":"if","locations":[{"start":{"line":30,"column":2},"end":{"line":32,"column":3}}]},"4":{"loc":{"start":{"line":34,"column":2},"end":{"line":36,"column":3}},"type":"if","locations":[{"start":{"line":34,"column":2},"end":{"line":36,"column":3}}]},"5":{"loc":{"start":{"line":38,"column":2},"end":{"line":40,"column":3}},"type":"if","locations":[{"start":{"line":38,"column":2},"end":{"line":40,"column":3}}]},"6":{"loc":{"start":{"line":49,"column":31},"end":{"line":49,"column":77}},"type":"binary-expr","locations":[{"start":{"line":49,"column":31},"end":{"line":49,"column":50}},{"start":{"line":49,"column":54},"end":{"line":49,"column":77}}]},"7":{"loc":{"start":{"line":54,"column":19},"end":{"line":54,"column":56}},"type":"cond-expr","locations":[{"start":{"line":54,"column":47},"end":{"line":54,"column":50}},{"start":{"line":54,"column":53},"end":{"line":54,"column":56}}]},"8":{"loc":{"start":{"line":54,"column":19},"end":{"line":54,"column":32}},"type":"cond-expr","locations":[{"start":{"line":54,"column":25},"end":{"line":54,"column":27}},{"start":{"line":54,"column":19},"end":{"line":54,"column":32}}]},"9":{"loc":{"start":{"line":54,"column":19},"end":{"line":54,"column":27}},"type":"binary-expr","locations":[{"start":{"line":54,"column":19},"end":{"line":54,"column":27}},{"start":{"line":54,"column":19},"end":{"line":54,"column":27}}]},"10":{"loc":{"start":{"line":55,"column":18},"end":{"line":55,"column":56}},"type":"binary-expr","locations":[{"start":{"line":55,"column":18},"end":{"line":55,"column":44}},{"start":{"line":55,"column":48},"end":{"line":55,"column":56}}]},"11":{"loc":{"start":{"line":55,"column":18},"end":{"line":55,"column":44}},"type":"cond-expr","locations":[{"start":{"line":55,"column":30},"end":{"line":55,"column":33}},{"start":{"line":55,"column":18},"end":{"line":55,"column":44}}]},"12":{"loc":{"start":{"line":55,"column":18},"end":{"line":55,"column":33}},"type":"binary-expr","locations":[{"start":{"line":55,"column":18},"end":{"line":55,"column":33}},{"start":{"line":55,"column":18},"end":{"line":55,"column":33}}]},"13":{"loc":{"start":{"line":55,"column":33},"end":{"line":55,"column":43}},"type":"cond-expr","locations":[{"start":{"line":55,"column":39},"end":{"line":55,"column":41}},{"start":{"line":55,"column":33},"end":{"line":55,"column":43}}]},"14":{"loc":{"start":{"line":55,"column":33},"end":{"line":55,"column":41}},"type":"binary-expr","locations":[{"start":{"line":55,"column":33},"end":{"line":55,"column":41}},{"start":{"line":55,"column":33},"end":{"line":55,"column":41}}]},"15":{"loc":{"start":{"line":56,"column":22},"end":{"line":56,"column":52}},"type":"binary-expr","locations":[{"start":{"line":56,"column":22},"end":{"line":56,"column":39}},{"start":{"line":56,"column":43},"end":{"line":56,"column":52}}]},"16":{"loc":{"start":{"line":56,"column":22},"end":{"line":56,"column":39}},"type":"cond-expr","locations":[{"start":{"line":56,"column":28},"end":{"line":56,"column":30}},{"start":{"line":56,"column":22},"end":{"line":56,"column":39}}]},"17":{"loc":{"start":{"line":56,"column":22},"end":{"line":56,"column":30}},"type":"binary-expr","locations":[{"start":{"line":56,"column":22},"end":{"line":56,"column":30}},{"start":{"line":56,"column":22},"end":{"line":56,"column":30}}]},"18":{"loc":{"start":{"line":58,"column":6},"end":{"line":58,"column":71}},"type":"cond-expr","locations":[{"start":{"line":58,"column":55},"end":{"line":58,"column":66}},{"start":{"line":58,"column":69},"end":{"line":58,"column":71}}]},"19":{"loc":{"start":{"line":58,"column":6},"end":{"line":58,"column":53}},"type":"binary-expr","locations":[{"start":{"line":58,"column":6},"end":{"line":58,"column":18}},{"start":{"line":58,"column":22},"end":{"line":58,"column":53}}]},"20":{"loc":{"start":{"line":58,"column":42},"end":{"line":58,"column":52}},"type":"cond-expr","locations":[{"start":{"line":58,"column":48},"end":{"line":58,"column":50}},{"start":{"line":58,"column":42},"end":{"line":58,"column":52}}]},"21":{"loc":{"start":{"line":58,"column":42},"end":{"line":58,"column":50}},"type":"binary-expr","locations":[{"start":{"line":58,"column":42},"end":{"line":58,"column":50}},{"start":{"line":58,"column":42},"end":{"line":58,"column":50}}]},"22":{"loc":{"start":{"line":61,"column":6},"end":{"line":61,"column":null}},"type":"binary-expr","locations":[{"start":{"line":61,"column":6},"end":{"line":61,"column":16}},{"start":{"line":61,"column":20},"end":{"line":61,"column":null}}]},"23":{"loc":{"start":{"line":61,"column":6},"end":{"line":61,"column":16}},"type":"cond-expr","locations":[{"start":{"line":61,"column":12},"end":{"line":61,"column":14}},{"start":{"line":61,"column":6},"end":{"line":61,"column":16}}]},"24":{"loc":{"start":{"line":61,"column":6},"end":{"line":61,"column":14}},"type":"binary-expr","locations":[{"start":{"line":61,"column":6},"end":{"line":61,"column":14}},{"start":{"line":61,"column":6},"end":{"line":61,"column":14}}]},"25":{"loc":{"start":{"line":67,"column":2},"end":{"line":73,"column":3}},"type":"if","locations":[{"start":{"line":67,"column":2},"end":{"line":73,"column":3}},{"start":{"line":71,"column":9},"end":{"line":73,"column":3}}]},"26":{"loc":{"start":{"line":67,"column":6},"end":{"line":67,"column":36}},"type":"binary-expr","locations":[{"start":{"line":67,"column":6},"end":{"line":67,"column":13}},{"start":{"line":67,"column":17},"end":{"line":67,"column":36}}]},"27":{"loc":{"start":{"line":69,"column":20},"end":{"line":69,"column":57}},"type":"cond-expr","locations":[{"start":{"line":69,"column":48},"end":{"line":69,"column":51}},{"start":{"line":69,"column":54},"end":{"line":69,"column":57}}]},"28":{"loc":{"start":{"line":79,"column":4},"end":{"line":79,"column":74}},"type":"binary-expr","locations":[{"start":{"line":79,"column":4},"end":{"line":79,"column":66}},{"start":{"line":79,"column":70},"end":{"line":79,"column":74}}]},"29":{"loc":{"start":{"line":84,"column":4},"end":{"line":84,"column":null}},"type":"if","locations":[{"start":{"line":84,"column":4},"end":{"line":84,"column":null}}]},"30":{"loc":{"start":{"line":86,"column":6},"end":{"line":86,"column":65}},"type":"cond-expr","locations":[{"start":{"line":86,"column":28},"end":{"line":86,"column":31}},{"start":{"line":86,"column":34},"end":{"line":86,"column":65}}]},"31":{"loc":{"start":{"line":86,"column":34},"end":{"line":86,"column":65}},"type":"cond-expr","locations":[{"start":{"line":86,"column":56},"end":{"line":86,"column":59}},{"start":{"line":86,"column":62},"end":{"line":86,"column":65}}]},"32":{"loc":{"start":{"line":103,"column":6},"end":{"line":112,"column":7}},"type":"if","locations":[{"start":{"line":103,"column":6},"end":{"line":112,"column":7}},{"start":{"line":110,"column":13},"end":{"line":112,"column":7}}]},"33":{"loc":{"start":{"line":105,"column":8},"end":{"line":109,"column":9}},"type":"if","locations":[{"start":{"line":105,"column":8},"end":{"line":109,"column":9}},{"start":{"line":107,"column":15},"end":{"line":109,"column":9}}]},"34":{"loc":{"start":{"line":107,"column":15},"end":{"line":109,"column":9}},"type":"if","locations":[{"start":{"line":107,"column":15},"end":{"line":109,"column":9}}]},"35":{"loc":{"start":{"line":110,"column":13},"end":{"line":112,"column":7}},"type":"if","locations":[{"start":{"line":110,"column":13},"end":{"line":112,"column":7}}]},"36":{"loc":{"start":{"line":123,"column":6},"end":{"line":131,"column":7}},"type":"if","locations":[{"start":{"line":123,"column":6},"end":{"line":131,"column":7}},{"start":{"line":129,"column":13},"end":{"line":131,"column":7}}]},"37":{"loc":{"start":{"line":124,"column":8},"end":{"line":128,"column":9}},"type":"if","locations":[{"start":{"line":124,"column":8},"end":{"line":128,"column":9}},{"start":{"line":126,"column":15},"end":{"line":128,"column":9}}]},"38":{"loc":{"start":{"line":126,"column":15},"end":{"line":128,"column":9}},"type":"if","locations":[{"start":{"line":126,"column":15},"end":{"line":128,"column":9}}]},"39":{"loc":{"start":{"line":129,"column":13},"end":{"line":131,"column":7}},"type":"if","locations":[{"start":{"line":129,"column":13},"end":{"line":131,"column":7}}]},"40":{"loc":{"start":{"line":140,"column":2},"end":{"line":164,"column":3}},"type":"if","locations":[{"start":{"line":140,"column":2},"end":{"line":164,"column":3}},{"start":{"line":162,"column":9},"end":{"line":164,"column":3}}]},"41":{"loc":{"start":{"line":140,"column":6},"end":{"line":140,"column":36}},"type":"binary-expr","locations":[{"start":{"line":140,"column":6},"end":{"line":140,"column":13}},{"start":{"line":140,"column":17},"end":{"line":140,"column":36}}]},"42":{"loc":{"start":{"line":146,"column":6},"end":{"line":150,"column":7}},"type":"if","locations":[{"start":{"line":146,"column":6},"end":{"line":150,"column":7}}]},"43":{"loc":{"start":{"line":146,"column":10},"end":{"line":146,"column":40}},"type":"cond-expr","locations":[{"start":{"line":146,"column":30},"end":{"line":146,"column":32}},{"start":{"line":146,"column":30},"end":{"line":146,"column":40}}]},"44":{"loc":{"start":{"line":146,"column":10},"end":{"line":146,"column":32}},"type":"binary-expr","locations":[{"start":{"line":146,"column":10},"end":{"line":146,"column":32}},{"start":{"line":146,"column":30},"end":{"line":146,"column":32}}]},"45":{"loc":{"start":{"line":146,"column":10},"end":{"line":146,"column":30}},"type":"cond-expr","locations":[{"start":{"line":146,"column":19},"end":{"line":146,"column":21}},{"start":{"line":146,"column":19},"end":{"line":146,"column":30}}]},"46":{"loc":{"start":{"line":146,"column":10},"end":{"line":146,"column":21}},"type":"binary-expr","locations":[{"start":{"line":146,"column":10},"end":{"line":146,"column":21}},{"start":{"line":146,"column":19},"end":{"line":146,"column":21}}]},"47":{"loc":{"start":{"line":151,"column":6},"end":{"line":155,"column":7}},"type":"if","locations":[{"start":{"line":151,"column":6},"end":{"line":155,"column":7}}]},"48":{"loc":{"start":{"line":151,"column":10},"end":{"line":151,"column":47}},"type":"cond-expr","locations":[{"start":{"line":151,"column":37},"end":{"line":151,"column":39}},{"start":{"line":151,"column":37},"end":{"line":151,"column":47}}]},"49":{"loc":{"start":{"line":151,"column":10},"end":{"line":151,"column":39}},"type":"binary-expr","locations":[{"start":{"line":151,"column":10},"end":{"line":151,"column":39}},{"start":{"line":151,"column":37},"end":{"line":151,"column":39}}]},"50":{"loc":{"start":{"line":151,"column":10},"end":{"line":151,"column":37}},"type":"cond-expr","locations":[{"start":{"line":151,"column":19},"end":{"line":151,"column":21}},{"start":{"line":151,"column":19},"end":{"line":151,"column":37}}]},"51":{"loc":{"start":{"line":151,"column":10},"end":{"line":151,"column":21}},"type":"binary-expr","locations":[{"start":{"line":151,"column":10},"end":{"line":151,"column":21}},{"start":{"line":151,"column":19},"end":{"line":151,"column":21}}]},"52":{"loc":{"start":{"line":173,"column":6},"end":{"line":199,"column":7}},"type":"if","locations":[{"start":{"line":173,"column":6},"end":{"line":199,"column":7}},{"start":{"line":188,"column":13},"end":{"line":199,"column":7}}]},"53":{"loc":{"start":{"line":175,"column":8},"end":{"line":187,"column":9}},"type":"if","locations":[{"start":{"line":175,"column":8},"end":{"line":187,"column":9}},{"start":{"line":177,"column":15},"end":{"line":187,"column":9}}]},"54":{"loc":{"start":{"line":180,"column":10},"end":{"line":186,"column":11}},"type":"if","locations":[{"start":{"line":180,"column":10},"end":{"line":186,"column":11}}]},"55":{"loc":{"start":{"line":180,"column":14},"end":{"line":180,"column":74}},"type":"binary-expr","locations":[{"start":{"line":180,"column":14},"end":{"line":180,"column":31}},{"start":{"line":180,"column":35},"end":{"line":180,"column":74}}]},"56":{"loc":{"start":{"line":182,"column":14},"end":{"line":184,"column":21}},"type":"cond-expr","locations":[{"start":{"line":183,"column":18},"end":{"line":183,"column":39}},{"start":{"line":184,"column":18},"end":{"line":184,"column":21}}]},"57":{"loc":{"start":{"line":182,"column":14},"end":{"line":182,"column":76}},"type":"binary-expr","locations":[{"start":{"line":182,"column":14},"end":{"line":182,"column":43}},{"start":{"line":182,"column":47},"end":{"line":182,"column":76}}]},"58":{"loc":{"start":{"line":188,"column":13},"end":{"line":199,"column":7}},"type":"if","locations":[{"start":{"line":188,"column":13},"end":{"line":199,"column":7}}]},"59":{"loc":{"start":{"line":191,"column":8},"end":{"line":198,"column":9}},"type":"if","locations":[{"start":{"line":191,"column":8},"end":{"line":198,"column":9}}]},"60":{"loc":{"start":{"line":194,"column":12},"end":{"line":196,"column":19}},"type":"cond-expr","locations":[{"start":{"line":195,"column":16},"end":{"line":195,"column":37}},{"start":{"line":196,"column":16},"end":{"line":196,"column":19}}]},"61":{"loc":{"start":{"line":194,"column":12},"end":{"line":194,"column":74}},"type":"binary-expr","locations":[{"start":{"line":194,"column":12},"end":{"line":194,"column":41}},{"start":{"line":194,"column":45},"end":{"line":194,"column":74}}]},"62":{"loc":{"start":{"line":210,"column":6},"end":{"line":236,"column":7}},"type":"if","locations":[{"start":{"line":210,"column":6},"end":{"line":236,"column":7}},{"start":{"line":225,"column":13},"end":{"line":236,"column":7}}]},"63":{"loc":{"start":{"line":212,"column":8},"end":{"line":224,"column":9}},"type":"if","locations":[{"start":{"line":212,"column":8},"end":{"line":224,"column":9}},{"start":{"line":214,"column":15},"end":{"line":224,"column":9}}]},"64":{"loc":{"start":{"line":217,"column":10},"end":{"line":223,"column":11}},"type":"if","locations":[{"start":{"line":217,"column":10},"end":{"line":223,"column":11}}]},"65":{"loc":{"start":{"line":217,"column":14},"end":{"line":217,"column":74}},"type":"binary-expr","locations":[{"start":{"line":217,"column":14},"end":{"line":217,"column":31}},{"start":{"line":217,"column":35},"end":{"line":217,"column":74}}]},"66":{"loc":{"start":{"line":219,"column":14},"end":{"line":221,"column":21}},"type":"cond-expr","locations":[{"start":{"line":220,"column":18},"end":{"line":220,"column":39}},{"start":{"line":221,"column":18},"end":{"line":221,"column":21}}]},"67":{"loc":{"start":{"line":219,"column":14},"end":{"line":219,"column":76}},"type":"binary-expr","locations":[{"start":{"line":219,"column":14},"end":{"line":219,"column":43}},{"start":{"line":219,"column":47},"end":{"line":219,"column":76}}]},"68":{"loc":{"start":{"line":225,"column":13},"end":{"line":236,"column":7}},"type":"if","locations":[{"start":{"line":225,"column":13},"end":{"line":236,"column":7}}]},"69":{"loc":{"start":{"line":228,"column":8},"end":{"line":235,"column":9}},"type":"if","locations":[{"start":{"line":228,"column":8},"end":{"line":235,"column":9}}]},"70":{"loc":{"start":{"line":231,"column":12},"end":{"line":233,"column":19}},"type":"cond-expr","locations":[{"start":{"line":232,"column":16},"end":{"line":232,"column":37}},{"start":{"line":233,"column":16},"end":{"line":233,"column":19}}]},"71":{"loc":{"start":{"line":231,"column":12},"end":{"line":231,"column":74}},"type":"binary-expr","locations":[{"start":{"line":231,"column":12},"end":{"line":231,"column":41}},{"start":{"line":231,"column":45},"end":{"line":231,"column":74}}]},"72":{"loc":{"start":{"line":247,"column":2},"end":{"line":276,"column":3}},"type":"if","locations":[{"start":{"line":247,"column":2},"end":{"line":276,"column":3}},{"start":{"line":274,"column":9},"end":{"line":276,"column":3}}]},"73":{"loc":{"start":{"line":247,"column":6},"end":{"line":247,"column":36}},"type":"binary-expr","locations":[{"start":{"line":247,"column":6},"end":{"line":247,"column":13}},{"start":{"line":247,"column":17},"end":{"line":247,"column":36}}]},"74":{"loc":{"start":{"line":249,"column":20},"end":{"line":249,"column":57}},"type":"cond-expr","locations":[{"start":{"line":249,"column":48},"end":{"line":249,"column":51}},{"start":{"line":249,"column":54},"end":{"line":249,"column":57}}]},"75":{"loc":{"start":{"line":254,"column":6},"end":{"line":258,"column":7}},"type":"if","locations":[{"start":{"line":254,"column":6},"end":{"line":258,"column":7}}]},"76":{"loc":{"start":{"line":254,"column":10},"end":{"line":254,"column":40}},"type":"cond-expr","locations":[{"start":{"line":254,"column":30},"end":{"line":254,"column":32}},{"start":{"line":254,"column":30},"end":{"line":254,"column":40}}]},"77":{"loc":{"start":{"line":254,"column":10},"end":{"line":254,"column":32}},"type":"binary-expr","locations":[{"start":{"line":254,"column":10},"end":{"line":254,"column":32}},{"start":{"line":254,"column":30},"end":{"line":254,"column":32}}]},"78":{"loc":{"start":{"line":254,"column":10},"end":{"line":254,"column":30}},"type":"cond-expr","locations":[{"start":{"line":254,"column":19},"end":{"line":254,"column":21}},{"start":{"line":254,"column":19},"end":{"line":254,"column":30}}]},"79":{"loc":{"start":{"line":254,"column":10},"end":{"line":254,"column":21}},"type":"binary-expr","locations":[{"start":{"line":254,"column":10},"end":{"line":254,"column":21}},{"start":{"line":254,"column":19},"end":{"line":254,"column":21}}]},"80":{"loc":{"start":{"line":259,"column":6},"end":{"line":263,"column":7}},"type":"if","locations":[{"start":{"line":259,"column":6},"end":{"line":263,"column":7}}]},"81":{"loc":{"start":{"line":259,"column":10},"end":{"line":259,"column":47}},"type":"cond-expr","locations":[{"start":{"line":259,"column":37},"end":{"line":259,"column":39}},{"start":{"line":259,"column":37},"end":{"line":259,"column":47}}]},"82":{"loc":{"start":{"line":259,"column":10},"end":{"line":259,"column":39}},"type":"binary-expr","locations":[{"start":{"line":259,"column":10},"end":{"line":259,"column":39}},{"start":{"line":259,"column":37},"end":{"line":259,"column":39}}]},"83":{"loc":{"start":{"line":259,"column":10},"end":{"line":259,"column":37}},"type":"cond-expr","locations":[{"start":{"line":259,"column":19},"end":{"line":259,"column":21}},{"start":{"line":259,"column":19},"end":{"line":259,"column":37}}]},"84":{"loc":{"start":{"line":259,"column":10},"end":{"line":259,"column":21}},"type":"binary-expr","locations":[{"start":{"line":259,"column":10},"end":{"line":259,"column":21}},{"start":{"line":259,"column":19},"end":{"line":259,"column":21}}]},"85":{"loc":{"start":{"line":270,"column":4},"end":{"line":272,"column":5}},"type":"if","locations":[{"start":{"line":270,"column":4},"end":{"line":272,"column":5}}]},"86":{"loc":{"start":{"line":270,"column":8},"end":{"line":270,"column":60}},"type":"binary-expr","locations":[{"start":{"line":270,"column":8},"end":{"line":270,"column":20}},{"start":{"line":270,"column":24},"end":{"line":270,"column":60}}]},"87":{"loc":{"start":{"line":279,"column":2},"end":{"line":281,"column":3}},"type":"if","locations":[{"start":{"line":279,"column":2},"end":{"line":281,"column":3}}]}},"s":{"0":1,"1":1,"2":0,"3":0,"4":0,"5":0,"6":0,"7":0,"8":0,"9":0,"10":0,"11":0,"12":0,"13":0,"14":0,"15":0,"16":0,"17":0,"18":0,"19":0,"20":0,"21":0,"22":0,"23":0,"24":0,"25":0,"26":0,"27":0,"28":0,"29":0,"30":0,"31":0,"32":0,"33":0,"34":0,"35":0,"36":0,"37":0,"38":0,"39":0,"40":0,"41":0,"42":0,"43":0,"44":0,"45":0,"46":0,"47":0,"48":0,"49":0,"50":0,"51":0,"52":0,"53":0,"54":0,"55":0,"56":0,"57":0,"58":0,"59":0,"60":0,"61":0,"62":0,"63":0,"64":0,"65":0,"66":0,"67":0,"68":0,"69":0,"70":0,"71":0,"72":0,"73":0,"74":0,"75":0,"76":0,"77":0,"78":0,"79":0,"80":0,"81":0,"82":0,"83":0,"84":0,"85":0,"86":0,"87":0,"88":0,"89":0,"90":0,"91":0,"92":0,"93":0,"94":0,"95":0,"96":0,"97":0,"98":0,"99":0,"100":0,"101":0,"102":0,"103":0,"104":0,"105":0,"106":0,"107":0,"108":0,"109":0,"110":0,"111":0,"112":0,"113":0,"114":0,"115":0,"116":0,"117":0,"118":0,"119":0,"120":0,"121":0,"122":0,"123":0,"124":0,"125":0,"126":0,"127":0,"128":0,"129":0,"130":0,"131":0,"132":0,"133":0,"134":0,"135":0,"136":0,"137":0,"138":0,"139":0,"140":0,"141":0,"142":0,"143":0,"144":0,"145":0,"146":0,"147":0,"148":0,"149":0,"150":0,"151":0,"152":0,"153":0,"154":1},"f":{"0":0,"1":0,"2":0,"3":0,"4":0,"5":0,"6":0,"7":0,"8":0,"9":0},"b":{"0":[0],"1":[0],"2":[0],"3":[0],"4":[0],"5":[0],"6":[0,0],"7":[0,0],"8":[0,0],"9":[0,0],"10":[0,0],"11":[0,0],"12":[0,0],"13":[0,0],"14":[0,0],"15":[0,0],"16":[0,0],"17":[0,0],"18":[0,0],"19":[0,0],"20":[0,0],"21":[0,0],"22":[0,0],"23":[0,0],"24":[0,0],"25":[0,0],"26":[0,0],"27":[0,0],"28":[0,0],"29":[0],"30":[0,0],"31":[0,0],"32":[0,0],"33":[0,0],"34":[0],"35":[0],"36":[0,0],"37":[0,0],"38":[0],"39":[0],"40":[0,0],"41":[0,0],"42":[0],"43":[0,0],"44":[0,0],"45":[0,0],"46":[0,0],"47":[0],"48":[0,0],"49":[0,0],"50":[0,0],"51":[0,0],"52":[0,0],"53":[0,0],"54":[0],"55":[0,0],"56":[0,0],"57":[0,0],"58":[0],"59":[0],"60":[0,0],"61":[0,0],"62":[0,0],"63":[0,0],"64":[0],"65":[0,0],"66":[0,0],"67":[0,0],"68":[0],"69":[0],"70":[0,0],"71":[0,0],"72":[0,0],"73":[0,0],"74":[0,0],"75":[0],"76":[0,0],"77":[0,0],"78":[0,0],"79":[0,0],"80":[0],"81":[0,0],"82":[0,0],"83":[0,0],"84":[0,0],"85":[0],"86":[0,0],"87":[0]}},"/Users/kenr/Code/nodots-backgammon/nodots-backgammon-core/src/Board/gnuPositionId.ts":{"path":"/Users/kenr/Code/nodots-backgammon/nodots-backgammon-core/src/Board/gnuPositionId.ts","statementMap":{"0":{"start":{"line":67,"column":0},"end":{"line":67,"column":16}},"1":{"start":{"line":9,"column":0},"end":{"line":9,"column":40}},"2":{"start":{"line":13,"column":2},"end":{"line":13,"column":68}},"3":{"start":{"line":21,"column":2},"end":{"line":34,"column":3}},"4":{"start":{"line":22,"column":4},"end":{"line":23,"column":null}},"5":{"start":{"line":24,"column":9},"end":{"line":34,"column":3}},"6":{"start":{"line":29,"column":4},"end":{"line":29,"column":46}},"7":{"start":{"line":31,"column":4},"end":{"line":33,"column":null}},"8":{"start":{"line":36,"column":2},"end":{"line":38,"column":3}},"9":{"start":{"line":37,"column":4},"end":{"line":37,"column":null}},"10":{"start":{"line":40,"column":19},"end":{"line":40,"column":70}},"11":{"start":{"line":40,"column":44},"end":{"line":40,"column":69}},"12":{"start":{"line":41,"column":2},"end":{"line":43,"column":3}},"13":{"start":{"line":42,"column":4},"end":{"line":42,"column":null}},"14":{"start":{"line":44,"column":2},"end":{"line":44,"column":null}},"15":{"start":{"line":53,"column":2},"end":{"line":53,"column":null}},"16":{"start":{"line":53,"column":41},"end":{"line":53,"column":null}},"17":{"start":{"line":54,"column":16},"end":{"line":54,"column":40}},"18":{"start":{"line":55,"column":2},"end":{"line":55,"column":null}},"19":{"start":{"line":55,"column":38},"end":{"line":55,"column":61}},"20":{"start":{"line":63,"column":23},"end":{"line":63,"column":50}},"21":{"start":{"line":64,"column":2},"end":{"line":64,"column":null}},"22":{"start":{"line":64,"column":45},"end":{"line":64,"column":69}},"23":{"start":{"line":68,"column":20},"end":{"line":68,"column":24}},"24":{"start":{"line":69,"column":37},"end":{"line":69,"column":63}},"25":{"start":{"line":71,"column":18},"end":{"line":71,"column":20}},"26":{"start":{"line":74,"column":2},"end":{"line":83,"column":3}},"27":{"start":{"line":74,"column":15},"end":{"line":74,"column":16}},"28":{"start":{"line":75,"column":19},"end":{"line":75,"column":20}},"29":{"start":{"line":76,"column":4},"end":{"line":80,"column":5}},"30":{"start":{"line":77,"column":6},"end":{"line":77,"column":null}},"31":{"start":{"line":79,"column":6},"end":{"line":79,"column":null}},"32":{"start":{"line":81,"column":4},"end":{"line":81,"column":null}},"33":{"start":{"line":82,"column":4},"end":{"line":82,"column":null}},"34":{"start":{"line":84,"column":26},"end":{"line":84,"column":63}},"35":{"start":{"line":85,"column":2},"end":{"line":85,"column":null}},"36":{"start":{"line":86,"column":2},"end":{"line":86,"column":null}},"37":{"start":{"line":89,"column":2},"end":{"line":98,"column":3}},"38":{"start":{"line":89,"column":15},"end":{"line":89,"column":16}},"39":{"start":{"line":90,"column":19},"end":{"line":90,"column":20}},"40":{"start":{"line":91,"column":4},"end":{"line":95,"column":5}},"41":{"start":{"line":92,"column":6},"end":{"line":92,"column":null}},"42":{"start":{"line":94,"column":6},"end":{"line":94,"column":null}},"43":{"start":{"line":96,"column":4},"end":{"line":96,"column":null}},"44":{"start":{"line":97,"column":4},"end":{"line":97,"column":null}},"45":{"start":{"line":99,"column":28},"end":{"line":99,"column":61}},"46":{"start":{"line":100,"column":2},"end":{"line":100,"column":null}},"47":{"start":{"line":101,"column":2},"end":{"line":101,"column":null}},"48":{"start":{"line":104,"column":2},"end":{"line":113,"column":3}},"49":{"start":{"line":105,"column":4},"end":{"line":109,"column":null}},"50":{"start":{"line":110,"column":4},"end":{"line":110,"column":null}},"51":{"start":{"line":112,"column":4},"end":{"line":112,"column":null}},"52":{"start":{"line":116,"column":26},"end":{"line":116,"column":28}},"53":{"start":{"line":117,"column":2},"end":{"line":126,"column":3}},"54":{"start":{"line":117,"column":15},"end":{"line":117,"column":16}},"55":{"start":{"line":118,"column":21},"end":{"line":118,"column":60}},"56":{"start":{"line":119,"column":20},"end":{"line":119,"column":21}},"57":{"start":{"line":120,"column":4},"end":{"line":124,"column":5}},"58":{"start":{"line":120,"column":17},"end":{"line":120,"column":18}},"59":{"start":{"line":121,"column":6},"end":{"line":123,"column":7}},"60":{"start":{"line":122,"column":8},"end":{"line":122,"column":null}},"61":{"start":{"line":125,"column":4},"end":{"line":125,"column":null}},"62":{"start":{"line":129,"column":20},"end":{"line":129,"column":22}},"63":{"start":{"line":130,"column":18},"end":{"line":130,"column":19}},"64":{"start":{"line":131,"column":16},"end":{"line":131,"column":17}},"65":{"start":{"line":133,"column":2},"end":{"line":141,"column":3}},"66":{"start":{"line":133,"column":15},"end":{"line":133,"column":16}},"67":{"start":{"line":134,"column":4},"end":{"line":134,"column":null}},"68":{"start":{"line":135,"column":4},"end":{"line":135,"column":null}},"69":{"start":{"line":136,"column":4},"end":{"line":140,"column":5}},"70":{"start":{"line":137,"column":6},"end":{"line":137,"column":null}},"71":{"start":{"line":138,"column":20},"end":{"line":138,"column":49}},"72":{"start":{"line":139,"column":6},"end":{"line":139,"column":null}},"73":{"start":{"line":143,"column":2},"end":{"line":146,"column":3}},"74":{"start":{"line":144,"column":18},"end":{"line":144,"column":53}},"75":{"start":{"line":145,"column":4},"end":{"line":145,"column":null}},"76":{"start":{"line":148,"column":2},"end":{"line":148,"column":null}}},"fnMap":{"0":{"name":"getPlayerAndOpponent","decl":{"start":{"line":15,"column":9},"end":{"line":15,"column":29}},"loc":{"start":{"line":15,"column":50},"end":{"line":45,"column":1}}},"1":{"name":"(anonymous_1)","decl":{"start":{"line":40,"column":37},"end":{"line":40,"column":38}},"loc":{"start":{"line":40,"column":44},"end":{"line":40,"column":69}}},"2":{"name":"(anonymous_3)","decl":{"start":{"line":55,"column":31},"end":{"line":55,"column":32}},"loc":{"start":{"line":55,"column":38},"end":{"line":55,"column":61}}},"3":{"name":"getCheckersOnBar","decl":{"start":{"line":59,"column":9},"end":{"line":59,"column":25}},"loc":{"start":{"line":61,"column":26},"end":{"line":65,"column":1}}},"4":{"name":"(anonymous_5)","decl":{"start":{"line":64,"column":38},"end":{"line":64,"column":39}},"loc":{"start":{"line":64,"column":45},"end":{"line":64,"column":69}}},"5":{"name":"exportToGnuPositionId","decl":{"start":{"line":67,"column":16},"end":{"line":67,"column":37}},"loc":{"start":{"line":67,"column":58},"end":{"line":149,"column":1}}}},"branchMap":{"0":{"loc":{"start":{"line":21,"column":2},"end":{"line":34,"column":3}},"type":"if","locations":[{"start":{"line":21,"column":2},"end":{"line":34,"column":3}},{"start":{"line":24,"column":9},"end":{"line":34,"column":3}}]},"1":{"loc":{"start":{"line":21,"column":6},"end":{"line":21,"column":64}},"type":"binary-expr","locations":[{"start":{"line":21,"column":6},"end":{"line":21,"column":33}},{"start":{"line":21,"column":37},"end":{"line":21,"column":64}}]},"2":{"loc":{"start":{"line":24,"column":9},"end":{"line":34,"column":3}},"type":"if","locations":[{"start":{"line":24,"column":9},"end":{"line":34,"column":3}},{"start":{"line":30,"column":9},"end":{"line":34,"column":3}}]},"3":{"loc":{"start":{"line":36,"column":2},"end":{"line":38,"column":3}},"type":"if","locations":[{"start":{"line":36,"column":2},"end":{"line":38,"column":3}}]},"4":{"loc":{"start":{"line":41,"column":2},"end":{"line":43,"column":3}},"type":"if","locations":[{"start":{"line":41,"column":2},"end":{"line":43,"column":3}}]},"5":{"loc":{"start":{"line":53,"column":2},"end":{"line":53,"column":null}},"type":"if","locations":[{"start":{"line":53,"column":2},"end":{"line":53,"column":null}}]},"6":{"loc":{"start":{"line":53,"column":6},"end":{"line":53,"column":39}},"type":"binary-expr","locations":[{"start":{"line":53,"column":6},"end":{"line":53,"column":20}},{"start":{"line":53,"column":24},"end":{"line":53,"column":39}}]},"7":{"loc":{"start":{"line":76,"column":4},"end":{"line":80,"column":5}},"type":"if","locations":[{"start":{"line":76,"column":4},"end":{"line":80,"column":5}},{"start":{"line":78,"column":11},"end":{"line":80,"column":5}}]},"8":{"loc":{"start":{"line":91,"column":4},"end":{"line":95,"column":5}},"type":"if","locations":[{"start":{"line":91,"column":4},"end":{"line":95,"column":5}},{"start":{"line":93,"column":11},"end":{"line":95,"column":5}}]},"9":{"loc":{"start":{"line":104,"column":2},"end":{"line":113,"column":3}},"type":"if","locations":[{"start":{"line":104,"column":2},"end":{"line":113,"column":3}},{"start":{"line":111,"column":9},"end":{"line":113,"column":3}}]},"10":{"loc":{"start":{"line":121,"column":6},"end":{"line":123,"column":7}},"type":"if","locations":[{"start":{"line":121,"column":6},"end":{"line":123,"column":7}}]},"11":{"loc":{"start":{"line":143,"column":2},"end":{"line":146,"column":3}},"type":"if","locations":[{"start":{"line":143,"column":2},"end":{"line":146,"column":3}}]}},"s":{"0":1,"1":1,"2":1,"3":0,"4":0,"5":0,"6":0,"7":0,"8":0,"9":0,"10":0,"11":0,"12":0,"13":0,"14":0,"15":0,"16":0,"17":0,"18":0,"19":0,"20":0,"21":0,"22":0,"23":0,"24":0,"25":0,"26":0,"27":0,"28":0,"29":0,"30":0,"31":0,"32":0,"33":0,"34":0,"35":0,"36":0,"37":0,"38":0,"39":0,"40":0,"41":0,"42":0,"43":0,"44":0,"45":0,"46":0,"47":0,"48":0,"49":0,"50":0,"51":0,"52":0,"53":0,"54":0,"55":0,"56":0,"57":0,"58":0,"59":0,"60":0,"61":0,"62":0,"63":0,"64":0,"65":0,"66":0,"67":0,"68":0,"69":0,"70":0,"71":0,"72":0,"73":0,"74":0,"75":0,"76":0},"f":{"0":0,"1":0,"2":0,"3":0,"4":0,"5":0},"b":{"0":[0,0],"1":[0,0],"2":[0,0],"3":[0],"4":[0],"5":[0],"6":[0,0],"7":[0,0],"8":[0,0],"9":[0,0],"10":[0],"11":[0]}},"/Users/kenr/Code/nodots-backgammon/nodots-backgammon-core/src/Board/imports/index.ts":{"path":"/Users/kenr/Code/nodots-backgammon/nodots-backgammon-core/src/Board/imports/index.ts","statementMap":{"0":{"start":{"line":1,"column":0},"end":{"line":1,"column":9}},"1":{"start":{"line":1,"column":9},"end":{"line":1,"column":71}},"2":{"start":{"line":2,"column":0},"end":{"line":2,"column":9}},"3":{"start":{"line":2,"column":9},"end":{"line":2,"column":61}},"4":{"start":{"line":3,"column":0},"end":{"line":3,"column":9}},"5":{"start":{"line":3,"column":9},"end":{"line":3,"column":71}},"6":{"start":{"line":4,"column":0},"end":{"line":4,"column":9}},"7":{"start":{"line":4,"column":9},"end":{"line":4,"column":71}}},"fnMap":{"0":{"name":"(anonymous_0)","decl":{"start":{"line":1,"column":9},"end":{"line":1,"column":34}},"loc":{"start":{"line":1,"column":9},"end":{"line":1,"column":71}}},"1":{"name":"(anonymous_1)","decl":{"start":{"line":2,"column":9},"end":{"line":2,"column":29}},"loc":{"start":{"line":2,"column":9},"end":{"line":2,"column":61}}},"2":{"name":"(anonymous_2)","decl":{"start":{"line":3,"column":9},"end":{"line":3,"column":34}},"loc":{"start":{"line":3,"column":9},"end":{"line":3,"column":71}}},"3":{"name":"(anonymous_3)","decl":{"start":{"line":4,"column":9},"end":{"line":4,"column":34}},"loc":{"start":{"line":4,"column":9},"end":{"line":4,"column":71}}}},"branchMap":{},"s":{"0":1,"1":1,"2":1,"3":46,"4":1,"5":1,"6":1,"7":1},"f":{"0":0,"1":45,"2":0,"3":0},"b":{}},"/Users/kenr/Code/nodots-backgammon/nodots-backgammon-core/src/Board/imports/BOARD_IMPORT_BOTH_BEAROFF.ts":{"path":"/Users/kenr/Code/nodots-backgammon/nodots-backgammon-core/src/Board/imports/BOARD_IMPORT_BOTH_BEAROFF.ts","statementMap":{"0":{"start":{"line":4,"column":30},"end":{"line":4,"column":37}},"1":{"start":{"line":6,"column":2},"end":{"line":6,"column":55}},"2":{"start":{"line":8,"column":13},"end":{"line":99,"column":null}}},"fnMap":{},"branchMap":{"0":{"loc":{"start":{"line":6,"column":2},"end":{"line":6,"column":55}},"type":"cond-expr","locations":[{"start":{"line":6,"column":38},"end":{"line":6,"column":45}},{"start":{"line":6,"column":48},"end":{"line":6,"column":55}}]}},"s":{"0":1,"1":1,"2":1},"f":{},"b":{"0":[1,0]}},"/Users/kenr/Code/nodots-backgammon/nodots-backgammon-core/src/Board/imports/BOARD_IMPORT_DEFAULT.ts":{"path":"/Users/kenr/Code/nodots-backgammon/nodots-backgammon-core/src/Board/imports/BOARD_IMPORT_DEFAULT.ts","statementMap":{"0":{"start":{"line":3,"column":30},"end":{"line":3,"column":37}},"1":{"start":{"line":5,"column":2},"end":{"line":5,"column":55}},"2":{"start":{"line":7,"column":13},"end":{"line":90,"column":null}}},"fnMap":{},"branchMap":{"0":{"loc":{"start":{"line":5,"column":2},"end":{"line":5,"column":55}},"type":"cond-expr","locations":[{"start":{"line":5,"column":38},"end":{"line":5,"column":45}},{"start":{"line":5,"column":48},"end":{"line":5,"column":55}}]}},"s":{"0":1,"1":1,"2":1},"f":{},"b":{"0":[1,0]}},"/Users/kenr/Code/nodots-backgammon/nodots-backgammon-core/src/Board/imports/BOARD_IMPORT_BOTH_REENTER.ts":{"path":"/Users/kenr/Code/nodots-backgammon/nodots-backgammon-core/src/Board/imports/BOARD_IMPORT_BOTH_REENTER.ts","statementMap":{"0":{"start":{"line":4,"column":23},"end":{"line":4,"column":30}},"1":{"start":{"line":5,"column":30},"end":{"line":5,"column":37}},"2":{"start":{"line":7,"column":13},"end":{"line":100,"column":null}}},"fnMap":{},"branchMap":{},"s":{"0":1,"1":1,"2":1},"f":{},"b":{}},"/Users/kenr/Code/nodots-backgammon/nodots-backgammon-core/src/Board/imports/BOARD_IMPORT_REENTER_TEST.ts":{"path":"/Users/kenr/Code/nodots-backgammon/nodots-backgammon-core/src/Board/imports/BOARD_IMPORT_REENTER_TEST.ts","statementMap":{"0":{"start":{"line":4,"column":23},"end":{"line":4,"column":30}},"1":{"start":{"line":5,"column":30},"end":{"line":5,"column":37}},"2":{"start":{"line":7,"column":13},"end":{"line":39,"column":null}}},"fnMap":{},"branchMap":{},"s":{"0":1,"1":1,"2":1},"f":{},"b":{}},"/Users/kenr/Code/nodots-backgammon/nodots-backgammon-core/src/Checker/index.ts":{"path":"/Users/kenr/Code/nodots-backgammon/nodots-backgammon-core/src/Checker/index.ts","statementMap":{"0":{"start":{"line":6,"column":0},"end":{"line":6,"column":38}},"1":{"start":{"line":8,"column":0},"end":{"line":8,"column":13}},"2":{"start":{"line":9,"column":16},"end":{"line":19,"column":null}},"3":{"start":{"line":12,"column":42},"end":{"line":12,"column":44}},"4":{"start":{"line":13,"column":4},"end":{"line":17,"column":5}},"5":{"start":{"line":14,"column":6},"end":{"line":16,"column":7}},"6":{"start":{"line":15,"column":8},"end":{"line":15,"column":null}},"7":{"start":{"line":18,"column":4},"end":{"line":18,"column":null}},"8":{"start":{"line":21,"column":16},"end":{"line":26,"column":null}},"9":{"start":{"line":25,"column":4},"end":{"line":25,"column":null}},"10":{"start":{"line":28,"column":16},"end":{"line":45,"column":null}},"11":{"start":{"line":34,"column":48},"end":{"line":34,"column":50}},"12":{"start":{"line":36,"column":6},"end":{"line":43,"column":7}},"13":{"start":{"line":36,"column":19},"end":{"line":36,"column":20}},"14":{"start":{"line":37,"column":43},"end":{"line":41,"column":null}},"15":{"start":{"line":42,"column":8},"end":{"line":42,"column":null}},"16":{"start":{"line":44,"column":6},"end":{"line":44,"column":null}},"17":{"start":{"line":47,"column":16},"end":{"line":60,"column":null}},"18":{"start":{"line":51,"column":20},"end":{"line":55,"column":6}},"19":{"start":{"line":54,"column":6},"end":{"line":54,"column":null}},"20":{"start":{"line":56,"column":4},"end":{"line":58,"column":5}},"21":{"start":{"line":57,"column":6},"end":{"line":57,"column":null}},"22":{"start":{"line":59,"column":4},"end":{"line":59,"column":null}}},"fnMap":{"0":{"name":"getCheckers","decl":{"start":{"line":9,"column":39},"end":{"line":9,"column":50}},"loc":{"start":{"line":10,"column":26},"end":{"line":19,"column":3}}},"1":{"name":"initializeChecker","decl":{"start":{"line":21,"column":38},"end":{"line":21,"column":55}},"loc":{"start":{"line":23,"column":30},"end":{"line":26,"column":3}}},"2":{"name":"buildCheckersForCheckerContainerId","decl":{"start":{"line":29,"column":13},"end":{"line":29,"column":47}},"loc":{"start":{"line":32,"column":19},"end":{"line":45,"column":5}}},"3":{"name":"getChecker","decl":{"start":{"line":47,"column":38},"end":{"line":47,"column":48}},"loc":{"start":{"line":49,"column":14},"end":{"line":60,"column":3}}},"4":{"name":"findChecker","decl":{"start":{"line":51,"column":59},"end":{"line":51,"column":70}},"loc":{"start":{"line":52,"column":13},"end":{"line":55,"column":5}}}},"branchMap":{"0":{"loc":{"start":{"line":56,"column":4},"end":{"line":58,"column":5}},"type":"if","locations":[{"start":{"line":56,"column":4},"end":{"line":58,"column":5}}]}},"s":{"0":1,"1":1,"2":1,"3":0,"4":0,"5":0,"6":0,"7":0,"8":1,"9":0,"10":1,"11":496,"12":496,"13":496,"14":1860,"15":1860,"16":496,"17":1,"18":0,"19":0,"20":0,"21":0,"22":0},"f":{"0":0,"1":0,"2":496,"3":0,"4":0},"b":{"0":[0]}},"/Users/kenr/Code/nodots-backgammon/nodots-backgammon-core/src/Cube/index.ts":{"path":"/Users/kenr/Code/nodots-backgammon/nodots-backgammon-core/src/Cube/index.ts","statementMap":{"0":{"start":{"line":12,"column":0},"end":{"line":12,"column":31}},"1":{"start":{"line":18,"column":2},"end":{"line":18,"column":null}},"2":{"start":{"line":19,"column":2},"end":{"line":19,"column":null}},"3":{"start":{"line":20,"column":2},"end":{"line":20,"column":null}},"4":{"start":{"line":16,"column":0},"end":{"line":16,"column":13}},"5":{"start":{"line":22,"column":16},"end":{"line":22,"column":29}},"6":{"start":{"line":25,"column":4},"end":{"line":27,"column":5}},"7":{"start":{"line":26,"column":6},"end":{"line":26,"column":null}},"8":{"start":{"line":28,"column":42},"end":{"line":28,"column":46}},"9":{"start":{"line":29,"column":4},"end":{"line":31,"column":5}},"10":{"start":{"line":30,"column":6},"end":{"line":30,"column":null}},"11":{"start":{"line":32,"column":4},"end":{"line":34,"column":5}},"12":{"start":{"line":33,"column":6},"end":{"line":33,"column":null}},"13":{"start":{"line":35,"column":4},"end":{"line":40,"column":null}},"14":{"start":{"line":43,"column":16},"end":{"line":43,"column":25}},"15":{"start":{"line":48,"column":4},"end":{"line":53,"column":null}},"16":{"start":{"line":49,"column":6},"end":{"line":53,"column":null}},"17":{"start":{"line":55,"column":18},"end":{"line":55,"column":57}},"18":{"start":{"line":55,"column":38},"end":{"line":55,"column":56}},"19":{"start":{"line":56,"column":21},"end":{"line":56,"column":79}},"20":{"start":{"line":57,"column":22},"end":{"line":57,"column":60}},"21":{"start":{"line":59,"column":4},"end":{"line":71,"column":null}}},"fnMap":{"0":{"name":"(anonymous_0)","decl":{"start":{"line":16,"column":0},"end":{"line":16,"column":13}},"loc":{"start":{"line":16,"column":0},"end":{"line":73,"column":1}}},"1":{"name":"initializeCube","decl":{"start":{"line":22,"column":38},"end":{"line":22,"column":52}},"loc":{"start":{"line":23,"column":20},"end":{"line":41,"column":null}}},"2":{"name":"doubleCube","decl":{"start":{"line":43,"column":34},"end":{"line":43,"column":44}},"loc":{"start":{"line":46,"column":30},"end":{"line":72,"column":null}}},"3":{"name":"(anonymous_3)","decl":{"start":{"line":55,"column":31},"end":{"line":55,"column":32}},"loc":{"start":{"line":55,"column":38},"end":{"line":55,"column":56}}}},"branchMap":{"0":{"loc":{"start":{"line":25,"column":4},"end":{"line":27,"column":5}},"type":"if","locations":[{"start":{"line":25,"column":4},"end":{"line":27,"column":5}}]},"1":{"loc":{"start":{"line":29,"column":4},"end":{"line":31,"column":5}},"type":"if","locations":[{"start":{"line":29,"column":4},"end":{"line":31,"column":5}}]},"2":{"loc":{"start":{"line":32,"column":4},"end":{"line":34,"column":5}},"type":"if","locations":[{"start":{"line":32,"column":4},"end":{"line":34,"column":5}}]},"3":{"loc":{"start":{"line":39,"column":13},"end":{"line":39,"column":31}},"type":"cond-expr","locations":[{"start":{"line":39,"column":13},"end":{"line":39,"column":18}},{"start":{"line":39,"column":22},"end":{"line":39,"column":31}}]},"4":{"loc":{"start":{"line":39,"column":13},"end":{"line":39,"column":22}},"type":"binary-expr","locations":[{"start":{"line":39,"column":13},"end":{"line":39,"column":22}},{"start":{"line":39,"column":13},"end":{"line":39,"column":22}}]},"5":{"loc":{"start":{"line":48,"column":4},"end":{"line":53,"column":null}},"type":"if","locations":[{"start":{"line":48,"column":4},"end":{"line":53,"column":null}}]},"6":{"loc":{"start":{"line":48,"column":8},"end":{"line":48,"column":57}},"type":"binary-expr","locations":[{"start":{"line":48,"column":8},"end":{"line":48,"column":32}},{"start":{"line":48,"column":36},"end":{"line":48,"column":57}}]},"7":{"loc":{"start":{"line":56,"column":21},"end":{"line":56,"column":79}},"type":"cond-expr","locations":[{"start":{"line":56,"column":36},"end":{"line":56,"column":50}},{"start":{"line":56,"column":78},"end":{"line":56,"column":79}}]},"8":{"loc":{"start":{"line":57,"column":22},"end":{"line":57,"column":60}},"type":"cond-expr","locations":[{"start":{"line":57,"column":40},"end":{"line":57,"column":48}},{"start":{"line":57,"column":51},"end":{"line":57,"column":60}}]},"9":{"loc":{"start":{"line":59,"column":11},"end":{"line":70,"column":null}},"type":"cond-expr","locations":[{"start":{"line":60,"column":9},"end":{"line":64,"column":null}},{"start":{"line":66,"column":9},"end":{"line":70,"column":null}}]}},"s":{"0":1,"1":0,"2":0,"3":0,"4":1,"5":1,"6":21,"7":21,"8":21,"9":21,"10":21,"11":21,"12":21,"13":21,"14":1,"15":0,"16":0,"17":0,"18":0,"19":0,"20":0,"21":0},"f":{"0":0,"1":21,"2":0,"3":0},"b":{"0":[21],"1":[21],"2":[21],"3":[0,21],"4":[21,21],"5":[0],"6":[0,0],"7":[0,0],"8":[0,0],"9":[0,0]}},"/Users/kenr/Code/nodots-backgammon/nodots-backgammon-core/src/Dice/index.ts":{"path":"/Users/kenr/Code/nodots-backgammon/nodots-backgammon-core/src/Dice/index.ts","statementMap":{"0":{"start":{"line":1,"column":0},"end":{"line":1,"column":31}},"1":{"start":{"line":11,"column":0},"end":{"line":11,"column":13}},"2":{"start":{"line":12,"column":16},"end":{"line":12,"column":29}},"3":{"start":{"line":18,"column":18},"end":{"line":18,"column":75}},"4":{"start":{"line":19,"column":4},"end":{"line":25,"column":null}},"5":{"start":{"line":28,"column":16},"end":{"line":28,"column":23}},"6":{"start":{"line":31,"column":40},"end":{"line":34,"column":null}},"7":{"start":{"line":35,"column":4},"end":{"line":39,"column":null}},"8":{"start":{"line":43,"column":16},"end":{"line":43,"column":29}},"9":{"start":{"line":46,"column":4},"end":{"line":51,"column":null}},"10":{"start":{"line":55,"column":16},"end":{"line":55,"column":27}},"11":{"start":{"line":58,"column":4},"end":{"line":58,"column":null}},"12":{"start":{"line":61,"column":9},"end":{"line":61,"column":19}},"13":{"start":{"line":62,"column":4},"end":{"line":62,"column":null}},"14":{"start":{"line":65,"column":9},"end":{"line":65,"column":23}}},"fnMap":{"0":{"name":"initializeDice","decl":{"start":{"line":12,"column":38},"end":{"line":12,"column":52}},"loc":{"start":{"line":16,"column":55},"end":{"line":26,"column":null}}},"1":{"name":"rollDice","decl":{"start":{"line":28,"column":32},"end":{"line":28,"column":40}},"loc":{"start":{"line":29,"column":32},"end":{"line":41,"column":null}}},"2":{"name":"switchDice","decl":{"start":{"line":43,"column":38},"end":{"line":43,"column":48}},"loc":{"start":{"line":44,"column":30},"end":{"line":53,"column":null}}},"3":{"name":"isDouble","decl":{"start":{"line":55,"column":36},"end":{"line":55,"column":44}},"loc":{"start":{"line":56,"column":30},"end":{"line":59,"column":null}}},"4":{"name":"rollDie","decl":{"start":{"line":61,"column":28},"end":{"line":61,"column":35}},"loc":{"start":{"line":61,"column":35},"end":{"line":63,"column":null}}}},"branchMap":{"0":{"loc":{"start":{"line":14,"column":4},"end":{"line":14,"column":51}},"type":"default-arg","locations":[{"start":{"line":14,"column":41},"end":{"line":14,"column":51}}]},"1":{"loc":{"start":{"line":15,"column":4},"end":{"line":15,"column":29}},"type":"default-arg","locations":[{"start":{"line":15,"column":17},"end":{"line":15,"column":29}}]},"2":{"loc":{"start":{"line":16,"column":4},"end":{"line":16,"column":55}},"type":"default-arg","locations":[{"start":{"line":16,"column":46},"end":{"line":16,"column":55}}]},"3":{"loc":{"start":{"line":18,"column":18},"end":{"line":18,"column":75}},"type":"cond-expr","locations":[{"start":{"line":18,"column":32},"end":{"line":18,"column":63}},{"start":{"line":18,"column":66},"end":{"line":18,"column":75}}]}},"s":{"0":1,"1":1,"2":1,"3":84,"4":84,"5":1,"6":0,"7":0,"8":1,"9":0,"10":1,"11":0,"12":1,"13":2,"14":1},"f":{"0":84,"1":0,"2":0,"3":0,"4":2},"b":{"0":[84],"1":[84],"2":[84],"3":[0,84]}},"/Users/kenr/Code/nodots-backgammon/nodots-backgammon-core/src/Game/index.ts":{"path":"/Users/kenr/Code/nodots-backgammon/nodots-backgammon-core/src/Game/index.ts","statementMap":{"0":{"start":{"line":29,"column":0},"end":{"line":29,"column":62}},"1":{"start":{"line":30,"column":0},"end":{"line":30,"column":32}},"2":{"start":{"line":31,"column":0},"end":{"line":31,"column":36}},"3":{"start":{"line":32,"column":0},"end":{"line":32,"column":30}},"4":{"start":{"line":33,"column":0},"end":{"line":33,"column":55}},"5":{"start":{"line":34,"column":0},"end":{"line":34,"column":40}},"6":{"start":{"line":35,"column":0},"end":{"line":35,"column":24}},"7":{"start":{"line":40,"column":2},"end":{"line":40,"column":null}},"8":{"start":{"line":727,"column":4},"end":{"line":732,"column":null}},"9":{"start":{"line":741,"column":4},"end":{"line":741,"column":null}},"10":{"start":{"line":748,"column":4},"end":{"line":748,"column":null}},"11":{"start":{"line":755,"column":4},"end":{"line":757,"column":5}},"12":{"start":{"line":756,"column":6},"end":{"line":756,"column":null}},"13":{"start":{"line":760,"column":4},"end":{"line":767,"column":5}},"14":{"start":{"line":761,"column":27},"end":{"line":762,"column":null}},"15":{"start":{"line":762,"column":15},"end":{"line":762,"column":43}},"16":{"start":{"line":764,"column":6},"end":{"line":766,"column":7}},"17":{"start":{"line":765,"column":8},"end":{"line":765,"column":null}},"18":{"start":{"line":769,"column":4},"end":{"line":769,"column":null}},"19":{"start":{"line":776,"column":4},"end":{"line":776,"column":null}},"20":{"start":{"line":791,"column":4},"end":{"line":795,"column":5}},"21":{"start":{"line":792,"column":6},"end":{"line":792,"column":null}},"22":{"start":{"line":794,"column":6},"end":{"line":794,"column":null}},"23":{"start":{"line":802,"column":4},"end":{"line":803,"column":null}},"24":{"start":{"line":803,"column":6},"end":{"line":803,"column":null}},"25":{"start":{"line":806,"column":21},"end":{"line":806,"column":66}},"26":{"start":{"line":806,"column":46},"end":{"line":806,"column":64}},"27":{"start":{"line":808,"column":25},"end":{"line":815,"column":null}},"28":{"start":{"line":817,"column":27},"end":{"line":817,"column":63}},"29":{"start":{"line":819,"column":23},"end":{"line":819,"column":45}},"30":{"start":{"line":820,"column":4},"end":{"line":836,"column":13}},"31":{"start":{"line":844,"column":4},"end":{"line":848,"column":null}},"32":{"start":{"line":855,"column":4},"end":{"line":856,"column":null}},"33":{"start":{"line":856,"column":6},"end":{"line":856,"column":null}},"34":{"start":{"line":858,"column":22},"end":{"line":860,"column":null}},"35":{"start":{"line":862,"column":27},"end":{"line":862,"column":47}},"36":{"start":{"line":864,"column":25},"end":{"line":866,"column":null}},"37":{"start":{"line":868,"column":27},"end":{"line":870,"column":null}},"38":{"start":{"line":873,"column":23},"end":{"line":873,"column":45}},"39":{"start":{"line":874,"column":4},"end":{"line":892,"column":5}},"40":{"start":{"line":876,"column":21},"end":{"line":878,"column":null}},"41":{"start":{"line":880,"column":6},"end":{"line":891,"column":15}},"42":{"start":{"line":893,"column":4},"end":{"line":907,"column":13}},"43":{"start":{"line":915,"column":4},"end":{"line":915,"column":null}},"44":{"start":{"line":922,"column":4},"end":{"line":923,"column":null}},"45":{"start":{"line":923,"column":6},"end":{"line":923,"column":null}},"46":{"start":{"line":926,"column":27},"end":{"line":926,"column":47}},"47":{"start":{"line":927,"column":19},"end":{"line":929,"column":null}},"48":{"start":{"line":931,"column":4},"end":{"line":935,"column":13}},"49":{"start":{"line":39,"column":0},"end":{"line":39,"column":13}},"50":{"start":{"line":61,"column":16},"end":{"line":61,"column":32}},"51":{"start":{"line":78,"column":4},"end":{"line":93,"column":5}},"52":{"start":{"line":79,"column":6},"end":{"line":79,"column":null}},"53":{"start":{"line":80,"column":6},"end":{"line":80,"column":null}},"54":{"start":{"line":81,"column":6},"end":{"line":81,"column":null}},"55":{"start":{"line":84,"column":6},"end":{"line":92,"column":7}},"56":{"start":{"line":85,"column":8},"end":{"line":85,"column":null}},"57":{"start":{"line":86,"column":8},"end":{"line":86,"column":null}},"58":{"start":{"line":87,"column":8},"end":{"line":87,"column":null}},"59":{"start":{"line":89,"column":8},"end":{"line":89,"column":null}},"60":{"start":{"line":90,"column":8},"end":{"line":90,"column":null}},"61":{"start":{"line":91,"column":8},"end":{"line":91,"column":null}},"62":{"start":{"line":96,"column":26},"end":{"line":124,"column":null}},"63":{"start":{"line":126,"column":20},"end":{"line":135,"column":null}},"64":{"start":{"line":127,"column":6},"end":{"line":134,"column":null}},"65":{"start":{"line":139,"column":25},"end":{"line":139,"column":78}},"66":{"start":{"line":143,"column":18},"end":{"line":145,"column":null}},"67":{"start":{"line":149,"column":31},"end":{"line":153,"column":null}},"68":{"start":{"line":157,"column":4},"end":{"line":159,"column":5}},"69":{"start":{"line":158,"column":6},"end":{"line":158,"column":null}},"70":{"start":{"line":161,"column":4},"end":{"line":161,"column":null}},"71":{"start":{"line":164,"column":16},"end":{"line":164,"column":29}},"72":{"start":{"line":176,"column":4},"end":{"line":255,"column":5}},"73":{"start":{"line":178,"column":8},"end":{"line":184,"column":null}},"74":{"start":{"line":186,"column":8},"end":{"line":186,"column":null}},"75":{"start":{"line":186,"column":26},"end":{"line":186,"column":null}},"76":{"start":{"line":187,"column":8},"end":{"line":187,"column":null}},"77":{"start":{"line":187,"column":27},"end":{"line":187,"column":null}},"78":{"start":{"line":188,"column":8},"end":{"line":188,"column":null}},"79":{"start":{"line":188,"column":29},"end":{"line":188,"column":null}},"80":{"start":{"line":189,"column":8},"end":{"line":198,"column":null}},"81":{"start":{"line":200,"column":8},"end":{"line":200,"column":null}},"82":{"start":{"line":200,"column":26},"end":{"line":200,"column":null}},"83":{"start":{"line":201,"column":8},"end":{"line":201,"column":null}},"84":{"start":{"line":201,"column":27},"end":{"line":201,"column":null}},"85":{"start":{"line":202,"column":8},"end":{"line":202,"column":null}},"86":{"start":{"line":202,"column":29},"end":{"line":202,"column":null}},"87":{"start":{"line":203,"column":8},"end":{"line":212,"column":null}},"88":{"start":{"line":214,"column":8},"end":{"line":214,"column":null}},"89":{"start":{"line":214,"column":26},"end":{"line":214,"column":null}},"90":{"start":{"line":215,"column":8},"end":{"line":215,"column":null}},"91":{"start":{"line":215,"column":27},"end":{"line":215,"column":null}},"92":{"start":{"line":216,"column":8},"end":{"line":216,"column":null}},"93":{"start":{"line":216,"column":29},"end":{"line":216,"column":null}},"94":{"start":{"line":217,"column":8},"end":{"line":217,"column":null}},"95":{"start":{"line":217,"column":25},"end":{"line":217,"column":null}},"96":{"start":{"line":218,"column":8},"end":{"line":228,"column":null}},"97":{"start":{"line":230,"column":8},"end":{"line":230,"column":null}},"98":{"start":{"line":230,"column":26},"end":{"line":230,"column":null}},"99":{"start":{"line":231,"column":8},"end":{"line":231,"column":null}},"100":{"start":{"line":231,"column":27},"end":{"line":231,"column":null}},"101":{"start":{"line":232,"column":8},"end":{"line":232,"column":null}},"102":{"start":{"line":232,"column":29},"end":{"line":232,"column":null}},"103":{"start":{"line":233,"column":8},"end":{"line":233,"column":null}},"104":{"start":{"line":233,"column":25},"end":{"line":233,"column":null}},"105":{"start":{"line":234,"column":8},"end":{"line":244,"column":null}},"106":{"start":{"line":246,"column":8},"end":{"line":246,"column":null}},"107":{"start":{"line":248,"column":8},"end":{"line":248,"column":null}},"108":{"start":{"line":250,"column":8},"end":{"line":250,"column":null}},"109":{"start":{"line":252,"column":8},"end":{"line":252,"column":null}},"110":{"start":{"line":254,"column":8},"end":{"line":254,"column":null}},"111":{"start":{"line":257,"column":36},"end":{"line":257,"column":45}},"112":{"start":{"line":258,"column":4},"end":{"line":258,"column":null}},"113":{"start":{"line":261,"column":16},"end":{"line":261,"column":31}},"114":{"start":{"line":264,"column":24},"end":{"line":264,"column":47}},"115":{"start":{"line":265,"column":27},"end":{"line":284,"column":null}},"116":{"start":{"line":266,"column":6},"end":{"line":283,"column":null}},"117":{"start":{"line":286,"column":25},"end":{"line":287,"column":null}},"118":{"start":{"line":287,"column":13},"end":{"line":287,"column":36}},"119":{"start":{"line":289,"column":27},"end":{"line":290,"column":null}},"120":{"start":{"line":290,"column":13},"end":{"line":290,"column":36}},"121":{"start":{"line":293,"column":31},"end":{"line":299,"column":null}},"122":{"start":{"line":303,"column":4},"end":{"line":303,"column":null}},"123":{"start":{"line":312,"column":16},"end":{"line":312,"column":39}},"124":{"start":{"line":315,"column":4},"end":{"line":317,"column":5}},"125":{"start":{"line":316,"column":6},"end":{"line":316,"column":null}},"126":{"start":{"line":319,"column":4},"end":{"line":321,"column":5}},"127":{"start":{"line":320,"column":6},"end":{"line":320,"column":null}},"128":{"start":{"line":324,"column":26},"end":{"line":324,"column":48}},"129":{"start":{"line":325,"column":4},"end":{"line":325,"column":null}},"130":{"start":{"line":337,"column":16},"end":{"line":337,"column":35}},"131":{"start":{"line":338,"column":4},"end":{"line":363,"column":null}},"132":{"start":{"line":347,"column":4},"end":{"line":353,"column":5}},"133":{"start":{"line":348,"column":6},"end":{"line":352,"column":null}},"134":{"start":{"line":356,"column":22},"end":{"line":356,"column":46}},"135":{"start":{"line":359,"column":24},"end":{"line":359,"column":69}},"136":{"start":{"line":362,"column":4},"end":{"line":362,"column":null}},"137":{"start":{"line":365,"column":16},"end":{"line":365,"column":23}},"138":{"start":{"line":368,"column":4},"end":{"line":398,"column":5}},"139":{"start":{"line":369,"column":39},"end":{"line":369,"column":43}},"140":{"start":{"line":370,"column":29},"end":{"line":382,"column":29}},"141":{"start":{"line":371,"column":8},"end":{"line":377,"column":9}},"142":{"start":{"line":372,"column":10},"end":{"line":372,"column":null}},"143":{"start":{"line":372,"column":41},"end":{"line":372,"column":null}},"144":{"start":{"line":373,"column":10},"end":{"line":376,"column":null}},"145":{"start":{"line":378,"column":8},"end":{"line":381,"column":null}},"146":{"start":{"line":383,"column":30},"end":{"line":384,"column":null}},"147":{"start":{"line":384,"column":15},"end":{"line":384,"column":38}},"148":{"start":{"line":386,"column":29},"end":{"line":387,"column":null}},"149":{"start":{"line":387,"column":15},"end":{"line":387,"column":38}},"150":{"start":{"line":389,"column":23},"end":{"line":395,"column":null}},"151":{"start":{"line":397,"column":6},"end":{"line":397,"column":null}},"152":{"start":{"line":399,"column":44},"end":{"line":399,"column":48}},"153":{"start":{"line":400,"column":4},"end":{"line":400,"column":null}},"154":{"start":{"line":400,"column":22},"end":{"line":400,"column":null}},"155":{"start":{"line":402,"column":6},"end":{"line":402,"column":52}},"156":{"start":{"line":403,"column":4},"end":{"line":405,"column":5}},"157":{"start":{"line":404,"column":6},"end":{"line":404,"column":null}},"158":{"start":{"line":406,"column":32},"end":{"line":406,"column":79}},"159":{"start":{"line":407,"column":27},"end":{"line":407,"column":49}},"160":{"start":{"line":408,"column":4},"end":{"line":408,"column":null}},"161":{"start":{"line":408,"column":25},"end":{"line":408,"column":null}},"162":{"start":{"line":410,"column":25},"end":{"line":410,"column":57}},"163":{"start":{"line":411,"column":23},"end":{"line":411,"column":59}},"164":{"start":{"line":413,"column":23},"end":{"line":416,"column":null}},"165":{"start":{"line":420,"column":27},"end":{"line":421,"column":null}},"166":{"start":{"line":421,"column":6},"end":{"line":421,"column":49}},"167":{"start":{"line":424,"column":4},"end":{"line":431,"column":null}},"168":{"start":{"line":438,"column":16},"end":{"line":438,"column":30}},"169":{"start":{"line":441,"column":4},"end":{"line":443,"column":5}},"170":{"start":{"line":442,"column":6},"end":{"line":442,"column":null}},"171":{"start":{"line":447,"column":4},"end":{"line":450,"column":null}},"172":{"start":{"line":457,"column":16},"end":{"line":457,"column":27}},"173":{"start":{"line":461,"column":6},"end":{"line":461,"column":73}},"174":{"start":{"line":463,"column":4},"end":{"line":469,"column":5}},"175":{"start":{"line":464,"column":6},"end":{"line":468,"column":null}},"176":{"start":{"line":471,"column":23},"end":{"line":471,"column":54}},"177":{"start":{"line":472,"column":4},"end":{"line":472,"column":null}},"178":{"start":{"line":479,"column":16},"end":{"line":479,"column":29}},"179":{"start":{"line":482,"column":4},"end":{"line":488,"column":5}},"180":{"start":{"line":483,"column":6},"end":{"line":487,"column":null}},"181":{"start":{"line":491,"column":4},"end":{"line":491,"column":null}},"182":{"start":{"line":494,"column":16},"end":{"line":494,"column":23}},"183":{"start":{"line":498,"column":32},"end":{"line":498,"column":36}},"184":{"start":{"line":501,"column":4},"end":{"line":505,"column":5}},"185":{"start":{"line":502,"column":6},"end":{"line":504,"column":null}},"186":{"start":{"line":507,"column":23},"end":{"line":507,"column":63}},"187":{"start":{"line":508,"column":4},"end":{"line":508,"column":null}},"188":{"start":{"line":512,"column":6},"end":{"line":514,"column":27}},"189":{"start":{"line":517,"column":31},"end":{"line":517,"column":68}},"190":{"start":{"line":522,"column":22},"end":{"line":522,"column":43}},"191":{"start":{"line":523,"column":22},"end":{"line":523,"column":42}},"192":{"start":{"line":524,"column":30},"end":{"line":526,"column":12}},"193":{"start":{"line":525,"column":13},"end":{"line":525,"column":42}},"194":{"start":{"line":528,"column":25},"end":{"line":528,"column":68}},"195":{"start":{"line":530,"column":4},"end":{"line":536,"column":null}},"196":{"start":{"line":537,"column":4},"end":{"line":551,"column":5}},"197":{"start":{"line":539,"column":21},"end":{"line":541,"column":null}},"198":{"start":{"line":543,"column":6},"end":{"line":550,"column":15}},"199":{"start":{"line":554,"column":4},"end":{"line":560,"column":null}},"200":{"start":{"line":570,"column":16},"end":{"line":570,"column":40}},"201":{"start":{"line":575,"column":26},"end":{"line":575,"column":51}},"202":{"start":{"line":578,"column":4},"end":{"line":580,"column":5}},"203":{"start":{"line":579,"column":6},"end":{"line":579,"column":null}},"204":{"start":{"line":583,"column":23},"end":{"line":583,"column":60}},"205":{"start":{"line":586,"column":31},"end":{"line":586,"column":68}},"206":{"start":{"line":589,"column":4},"end":{"line":591,"column":5}},"207":{"start":{"line":590,"column":6},"end":{"line":590,"column":null}},"208":{"start":{"line":600,"column":4},"end":{"line":600,"column":null}},"209":{"start":{"line":608,"column":16},"end":{"line":608,"column":39}},"210":{"start":{"line":612,"column":23},"end":{"line":612,"column":38}},"211":{"start":{"line":613,"column":4},"end":{"line":615,"column":5}},"212":{"start":{"line":614,"column":6},"end":{"line":614,"column":18}},"213":{"start":{"line":617,"column":23},"end":{"line":617,"column":51}},"214":{"start":{"line":618,"column":30},"end":{"line":619,"column":null}},"215":{"start":{"line":619,"column":16},"end":{"line":619,"column":46}},"216":{"start":{"line":622,"column":4},"end":{"line":624,"column":5}},"217":{"start":{"line":623,"column":6},"end":{"line":623,"column":18}},"218":{"start":{"line":627,"column":22},"end":{"line":627,"column":70}},"219":{"start":{"line":630,"column":27},"end":{"line":636,"column":27}},"220":{"start":{"line":631,"column":6},"end":{"line":635,"column":7}},"221":{"start":{"line":632,"column":8},"end":{"line":632,"column":60}},"222":{"start":{"line":634,"column":8},"end":{"line":634,"column":59}},"223":{"start":{"line":639,"column":28},"end":{"line":640,"column":null}},"224":{"start":{"line":640,"column":13},"end":{"line":640,"column":34}},"225":{"start":{"line":642,"column":30},"end":{"line":643,"column":null}},"226":{"start":{"line":643,"column":13},"end":{"line":643,"column":41}},"227":{"start":{"line":647,"column":29},"end":{"line":649,"column":null}},"228":{"start":{"line":653,"column":4},"end":{"line":663,"column":null}},"229":{"start":{"line":666,"column":16},"end":{"line":666,"column":31}},"230":{"start":{"line":669,"column":25},"end":{"line":670,"column":null}},"231":{"start":{"line":670,"column":13},"end":{"line":670,"column":71}},"232":{"start":{"line":672,"column":4},"end":{"line":674,"column":5}},"233":{"start":{"line":673,"column":6},"end":{"line":673,"column":null}},"234":{"start":{"line":675,"column":4},"end":{"line":675,"column":null}},"235":{"start":{"line":678,"column":16},"end":{"line":678,"column":33}},"236":{"start":{"line":681,"column":27},"end":{"line":682,"column":null}},"237":{"start":{"line":682,"column":13},"end":{"line":682,"column":71}},"238":{"start":{"line":684,"column":4},"end":{"line":686,"column":5}},"239":{"start":{"line":685,"column":6},"end":{"line":685,"column":null}},"240":{"start":{"line":687,"column":4},"end":{"line":687,"column":null}},"241":{"start":{"line":690,"column":16},"end":{"line":690,"column":37}},"242":{"start":{"line":697,"column":33},"end":{"line":697,"column":71}},"243":{"start":{"line":697,"column":53},"end":{"line":697,"column":70}},"244":{"start":{"line":698,"column":35},"end":{"line":698,"column":73}},"245":{"start":{"line":698,"column":55},"end":{"line":698,"column":72}},"246":{"start":{"line":699,"column":4},"end":{"line":701,"column":5}},"247":{"start":{"line":700,"column":6},"end":{"line":700,"column":null}},"248":{"start":{"line":702,"column":4},"end":{"line":705,"column":null}},"249":{"start":{"line":708,"column":16},"end":{"line":708,"column":28}},"250":{"start":{"line":712,"column":4},"end":{"line":716,"column":null}},"251":{"start":{"line":943,"column":16},"end":{"line":943,"column":35}},"252":{"start":{"line":954,"column":4},"end":{"line":963,"column":5}},"253":{"start":{"line":959,"column":6},"end":{"line":962,"column":null}},"254":{"start":{"line":966,"column":25},"end":{"line":966,"column":79}},"255":{"start":{"line":966,"column":50},"end":{"line":966,"column":78}},"256":{"start":{"line":967,"column":4},"end":{"line":972,"column":5}},"257":{"start":{"line":968,"column":6},"end":{"line":971,"column":null}},"258":{"start":{"line":975,"column":23},"end":{"line":975,"column":38}},"259":{"start":{"line":976,"column":4},"end":{"line":981,"column":5}},"260":{"start":{"line":977,"column":6},"end":{"line":980,"column":null}},"261":{"start":{"line":983,"column":21},"end":{"line":985,"column":36}},"262":{"start":{"line":989,"column":50},"end":{"line":989,"column":52}},"263":{"start":{"line":992,"column":4},"end":{"line":1080,"column":5}},"264":{"start":{"line":994,"column":25},"end":{"line":994,"column":78}},"265":{"start":{"line":994,"column":51},"end":{"line":994,"column":77}},"266":{"start":{"line":995,"column":28},"end":{"line":995,"column":67}},"267":{"start":{"line":995,"column":53},"end":{"line":995,"column":66}},"268":{"start":{"line":1000,"column":6},"end":{"line":1000,"column":null}},"269":{"start":{"line":1002,"column":6},"end":{"line":1022,"column":7}},"270":{"start":{"line":1005,"column":8},"end":{"line":1008,"column":null}},"271":{"start":{"line":1010,"column":8},"end":{"line":1014,"column":null}},"272":{"start":{"line":1016,"column":8},"end":{"line":1021,"column":null}},"273":{"start":{"line":1025,"column":6},"end":{"line":1079,"column":7}},"274":{"start":{"line":1027,"column":30},"end":{"line":1027,"column":53}},"275":{"start":{"line":1029,"column":8},"end":{"line":1029,"column":null}},"276":{"start":{"line":1032,"column":31},"end":{"line":1040,"column":11}},"277":{"start":{"line":1032,"column":54},"end":{"line":1039,"column":null}},"278":{"start":{"line":1043,"column":33},"end":{"line":1046,"column":null}},"279":{"start":{"line":1050,"column":26},"end":{"line":1050,"column":74}},"280":{"start":{"line":1051,"column":25},"end":{"line":1055,"column":null}},"281":{"start":{"line":1059,"column":31},"end":{"line":1065,"column":10}},"282":{"start":{"line":1060,"column":10},"end":{"line":1064,"column":11}},"283":{"start":{"line":1061,"column":12},"end":{"line":1061,"column":64}},"284":{"start":{"line":1063,"column":12},"end":{"line":1063,"column":63}},"285":{"start":{"line":1067,"column":33},"end":{"line":1069,"column":null}},"286":{"start":{"line":1072,"column":8},"end":{"line":1078,"column":null}},"287":{"start":{"line":1082,"column":4},"end":{"line":1087,"column":null}}},"fnMap":{"0":{"name":"(anonymous_17)","decl":{"start":{"line":39,"column":0},"end":{"line":39,"column":13}},"loc":{"start":{"line":39,"column":0},"end":{"line":1089,"column":1}}},"1":{"name":"(anonymous_18)","decl":{"start":{"line":721,"column":9},"end":{"line":721,"column":15}},"loc":{"start":{"line":723,"column":34},"end":{"line":733,"column":3}}},"2":{"name":"(anonymous_19)","decl":{"start":{"line":740,"column":9},"end":{"line":740,"column":15}},"loc":{"start":{"line":740,"column":44},"end":{"line":742,"column":3}}},"3":{"name":"(anonymous_20)","decl":{"start":{"line":747,"column":9},"end":{"line":747,"column":15}},"loc":{"start":{"line":747,"column":52},"end":{"line":749,"column":3}}},"4":{"name":"(anonymous_21)","decl":{"start":{"line":754,"column":9},"end":{"line":754,"column":15}},"loc":{"start":{"line":754,"column":68},"end":{"line":770,"column":3}}},"5":{"name":"(anonymous_22)","decl":{"start":{"line":762,"column":8},"end":{"line":762,"column":9}},"loc":{"start":{"line":762,"column":15},"end":{"line":762,"column":43}}},"6":{"name":"(anonymous_23)","decl":{"start":{"line":775,"column":9},"end":{"line":775,"column":15}},"loc":{"start":{"line":775,"column":56},"end":{"line":777,"column":3}}},"7":{"name":"(anonymous_24)","decl":{"start":{"line":787,"column":9},"end":{"line":787,"column":15}},"loc":{"start":{"line":789,"column":21},"end":{"line":796,"column":3}}},"8":{"name":"(anonymous_25)","decl":{"start":{"line":798,"column":9},"end":{"line":798,"column":15}},"loc":{"start":{"line":800,"column":34},"end":{"line":837,"column":3}}},"9":{"name":"(anonymous_26)","decl":{"start":{"line":806,"column":39},"end":{"line":806,"column":40}},"loc":{"start":{"line":806,"column":46},"end":{"line":806,"column":64}}},"10":{"name":"(anonymous_27)","decl":{"start":{"line":839,"column":9},"end":{"line":839,"column":15}},"loc":{"start":{"line":841,"column":34},"end":{"line":849,"column":3}}},"11":{"name":"(anonymous_28)","decl":{"start":{"line":851,"column":9},"end":{"line":851,"column":15}},"loc":{"start":{"line":853,"column":34},"end":{"line":908,"column":3}}},"12":{"name":"(anonymous_29)","decl":{"start":{"line":910,"column":9},"end":{"line":910,"column":15}},"loc":{"start":{"line":912,"column":34},"end":{"line":916,"column":3}}},"13":{"name":"(anonymous_30)","decl":{"start":{"line":918,"column":9},"end":{"line":918,"column":15}},"loc":{"start":{"line":920,"column":34},"end":{"line":936,"column":3}}},"14":{"name":"createNewGame","decl":{"start":{"line":61,"column":41},"end":{"line":61,"column":54}},"loc":{"start":{"line":71,"column":5},"end":{"line":162,"column":null}}},"15":{"name":"(anonymous_32)","decl":{"start":{"line":126,"column":38},"end":{"line":126,"column":39}},"loc":{"start":{"line":127,"column":6},"end":{"line":134,"column":null}}},"16":{"name":"initializeGame","decl":{"start":{"line":164,"column":38},"end":{"line":164,"column":52}},"loc":{"start":{"line":174,"column":33},"end":{"line":259,"column":null}}},"17":{"name":"rollForStart","decl":{"start":{"line":261,"column":40},"end":{"line":261,"column":52}},"loc":{"start":{"line":262,"column":39},"end":{"line":304,"column":null}}},"18":{"name":"(anonymous_35)","decl":{"start":{"line":265,"column":44},"end":{"line":265,"column":45}},"loc":{"start":{"line":266,"column":6},"end":{"line":283,"column":null}}},"19":{"name":"(anonymous_36)","decl":{"start":{"line":287,"column":6},"end":{"line":287,"column":7}},"loc":{"start":{"line":287,"column":13},"end":{"line":287,"column":36}}},"20":{"name":"(anonymous_37)","decl":{"start":{"line":290,"column":6},"end":{"line":290,"column":7}},"loc":{"start":{"line":290,"column":13},"end":{"line":290,"column":36}}},"21":{"name":"advanceRobotToMoving","decl":{"start":{"line":312,"column":48},"end":{"line":312,"column":68}},"loc":{"start":{"line":313,"column":30},"end":{"line":326,"column":null}}},"22":{"name":"processRobotTurn","decl":{"start":{"line":337,"column":50},"end":{"line":337,"column":66}},"loc":{"start":{"line":337,"column":66},"end":{"line":337,"column":35}}},"23":{"name":"(anonymous_40)","decl":{"start":{"line":338,"column":4},"end":{"line":338,"column":24}},"loc":{"start":{"line":339,"column":69},"end":{"line":363,"column":null}}},"24":{"name":"(anonymous_41)","decl":{"start":{"line":356,"column":22},"end":{"line":356,"column":35}},"loc":{"start":{"line":356,"column":22},"end":{"line":356,"column":46}}},"25":{"name":"roll","decl":{"start":{"line":365,"column":32},"end":{"line":365,"column":36}},"loc":{"start":{"line":366,"column":62},"end":{"line":432,"column":null}}},"26":{"name":"(anonymous_43)","decl":{"start":{"line":370,"column":41},"end":{"line":370,"column":42}},"loc":{"start":{"line":370,"column":47},"end":{"line":382,"column":7}}},"27":{"name":"(anonymous_44)","decl":{"start":{"line":384,"column":8},"end":{"line":384,"column":9}},"loc":{"start":{"line":384,"column":15},"end":{"line":384,"column":38}}},"28":{"name":"(anonymous_45)","decl":{"start":{"line":387,"column":8},"end":{"line":387,"column":9}},"loc":{"start":{"line":387,"column":15},"end":{"line":387,"column":38}}},"29":{"name":"(anonymous_46)","decl":{"start":{"line":420,"column":39},"end":{"line":420,"column":40}},"loc":{"start":{"line":421,"column":6},"end":{"line":421,"column":49}}},"30":{"name":"prepareMove","decl":{"start":{"line":438,"column":39},"end":{"line":438,"column":50}},"loc":{"start":{"line":439,"column":30},"end":{"line":451,"column":null}}},"31":{"name":"toMoving","decl":{"start":{"line":457,"column":36},"end":{"line":457,"column":44}},"loc":{"start":{"line":458,"column":61},"end":{"line":473,"column":null}}},"32":{"name":"toDoubling","decl":{"start":{"line":479,"column":38},"end":{"line":479,"column":48}},"loc":{"start":{"line":480,"column":37},"end":{"line":492,"column":null}}},"33":{"name":"move","decl":{"start":{"line":494,"column":32},"end":{"line":494,"column":36}},"loc":{"start":{"line":496,"column":20},"end":{"line":561,"column":null}}},"34":{"name":"(anonymous_51)","decl":{"start":{"line":525,"column":6},"end":{"line":525,"column":7}},"loc":{"start":{"line":525,"column":13},"end":{"line":525,"column":42}}},"35":{"name":"executeAndRecalculate","decl":{"start":{"line":570,"column":49},"end":{"line":570,"column":70}},"loc":{"start":{"line":572,"column":20},"end":{"line":601,"column":null}}},"36":{"name":"checkAndCompleteTurn","decl":{"start":{"line":608,"column":48},"end":{"line":608,"column":68}},"loc":{"start":{"line":609,"column":30},"end":{"line":664,"column":null}}},"37":{"name":"(anonymous_54)","decl":{"start":{"line":619,"column":6},"end":{"line":619,"column":7}},"loc":{"start":{"line":619,"column":16},"end":{"line":619,"column":46}}},"38":{"name":"(anonymous_55)","decl":{"start":{"line":630,"column":44},"end":{"line":630,"column":45}},"loc":{"start":{"line":630,"column":55},"end":{"line":636,"column":5}}},"39":{"name":"(anonymous_56)","decl":{"start":{"line":640,"column":6},"end":{"line":640,"column":7}},"loc":{"start":{"line":640,"column":13},"end":{"line":640,"column":34}}},"40":{"name":"(anonymous_57)","decl":{"start":{"line":643,"column":6},"end":{"line":643,"column":7}},"loc":{"start":{"line":643,"column":13},"end":{"line":643,"column":41}}},"41":{"name":"activePlayer","decl":{"start":{"line":666,"column":40},"end":{"line":666,"column":52}},"loc":{"start":{"line":667,"column":24},"end":{"line":676,"column":null}}},"42":{"name":"(anonymous_59)","decl":{"start":{"line":670,"column":6},"end":{"line":670,"column":7}},"loc":{"start":{"line":670,"column":13},"end":{"line":670,"column":71}}},"43":{"name":"inactivePlayer","decl":{"start":{"line":678,"column":42},"end":{"line":678,"column":56}},"loc":{"start":{"line":679,"column":24},"end":{"line":688,"column":null}}},"44":{"name":"(anonymous_61)","decl":{"start":{"line":682,"column":6},"end":{"line":682,"column":7}},"loc":{"start":{"line":682,"column":13},"end":{"line":682,"column":71}}},"45":{"name":"getPlayersForColor","decl":{"start":{"line":690,"column":46},"end":{"line":690,"column":64}},"loc":{"start":{"line":692,"column":26},"end":{"line":706,"column":null}}},"46":{"name":"(anonymous_63)","decl":{"start":{"line":697,"column":46},"end":{"line":697,"column":47}},"loc":{"start":{"line":697,"column":53},"end":{"line":697,"column":70}}},"47":{"name":"(anonymous_64)","decl":{"start":{"line":698,"column":48},"end":{"line":698,"column":49}},"loc":{"start":{"line":698,"column":55},"end":{"line":698,"column":72}}},"48":{"name":"startMove","decl":{"start":{"line":708,"column":37},"end":{"line":708,"column":46}},"loc":{"start":{"line":710,"column":36},"end":{"line":717,"column":null}}},"49":{"name":"getPossibleMoves","decl":{"start":{"line":943,"column":44},"end":{"line":943,"column":60}},"loc":{"start":{"line":944,"column":24},"end":{"line":1088,"column":null}}},"50":{"name":"(anonymous_67)","decl":{"start":{"line":966,"column":43},"end":{"line":966,"column":44}},"loc":{"start":{"line":966,"column":50},"end":{"line":966,"column":78}}},"51":{"name":"(anonymous_68)","decl":{"start":{"line":994,"column":41},"end":{"line":994,"column":42}},"loc":{"start":{"line":994,"column":51},"end":{"line":994,"column":77}}},"52":{"name":"(anonymous_69)","decl":{"start":{"line":995,"column":43},"end":{"line":995,"column":44}},"loc":{"start":{"line":995,"column":53},"end":{"line":995,"column":66}}},"53":{"name":"(anonymous_70)","decl":{"start":{"line":1027,"column":23},"end":{"line":1027,"column":24}},"loc":{"start":{"line":1027,"column":30},"end":{"line":1027,"column":53}}},"54":{"name":"(anonymous_71)","decl":{"start":{"line":1032,"column":44},"end":{"line":1032,"column":45}},"loc":{"start":{"line":1032,"column":54},"end":{"line":1039,"column":null}}},"55":{"name":"(anonymous_72)","decl":{"start":{"line":1059,"column":48},"end":{"line":1059,"column":49}},"loc":{"start":{"line":1059,"column":59},"end":{"line":1065,"column":9}}}},"branchMap":{"0":{"loc":{"start":{"line":728,"column":6},"end":{"line":731,"column":60}},"type":"binary-expr","locations":[{"start":{"line":728,"column":6},"end":{"line":728,"column":41}},{"start":{"line":729,"column":6},"end":{"line":729,"column":38}},{"start":{"line":730,"column":6},"end":{"line":730,"column":39}},{"start":{"line":731,"column":7},"end":{"line":731,"column":23}},{"start":{"line":731,"column":27},"end":{"line":731,"column":59}}]},"1":{"loc":{"start":{"line":741,"column":11},"end":{"line":741,"column":80}},"type":"binary-expr","locations":[{"start":{"line":741,"column":11},"end":{"line":741,"column":48}},{"start":{"line":741,"column":52},"end":{"line":741,"column":80}}]},"2":{"loc":{"start":{"line":755,"column":4},"end":{"line":757,"column":5}},"type":"if","locations":[{"start":{"line":755,"column":4},"end":{"line":757,"column":5}}]},"3":{"loc":{"start":{"line":760,"column":4},"end":{"line":767,"column":5}},"type":"if","locations":[{"start":{"line":760,"column":4},"end":{"line":767,"column":5}}]},"4":{"loc":{"start":{"line":764,"column":6},"end":{"line":766,"column":7}},"type":"if","locations":[{"start":{"line":764,"column":6},"end":{"line":766,"column":7}}]},"5":{"loc":{"start":{"line":764,"column":10},"end":{"line":764,"column":55}},"type":"binary-expr","locations":[{"start":{"line":764,"column":10},"end":{"line":764,"column":23}},{"start":{"line":764,"column":27},"end":{"line":764,"column":55}}]},"6":{"loc":{"start":{"line":776,"column":11},"end":{"line":776,"column":77}},"type":"binary-expr","locations":[{"start":{"line":776,"column":11},"end":{"line":776,"column":38}},{"start":{"line":776,"column":42},"end":{"line":776,"column":77}}]},"7":{"loc":{"start":{"line":802,"column":4},"end":{"line":803,"column":null}},"type":"if","locations":[{"start":{"line":802,"column":4},"end":{"line":803,"column":null}}]},"8":{"loc":{"start":{"line":827,"column":15},"end":{"line":829,"column":13}},"type":"cond-expr","locations":[{"start":{"line":828,"column":13},"end":{"line":828,"column":75}},{"start":{"line":829,"column":12},"end":{"line":829,"column":13}}]},"9":{"loc":{"start":{"line":845,"column":6},"end":{"line":847,"column":42}},"type":"binary-expr","locations":[{"start":{"line":845,"column":6},"end":{"line":845,"column":39}},{"start":{"line":846,"column":6},"end":{"line":846,"column":25}},{"start":{"line":847,"column":6},"end":{"line":847,"column":42}}]},"10":{"loc":{"start":{"line":855,"column":4},"end":{"line":856,"column":null}},"type":"if","locations":[{"start":{"line":855,"column":4},"end":{"line":856,"column":null}}]},"11":{"loc":{"start":{"line":859,"column":6},"end":{"line":859,"column":47}},"type":"cond-expr","locations":[{"start":{"line":859,"column":24},"end":{"line":859,"column":43}},{"start":{"line":859,"column":46},"end":{"line":859,"column":47}}]},"12":{"loc":{"start":{"line":874,"column":4},"end":{"line":892,"column":5}},"type":"if","locations":[{"start":{"line":874,"column":4},"end":{"line":892,"column":5}}]},"13":{"loc":{"start":{"line":922,"column":4},"end":{"line":923,"column":null}},"type":"if","locations":[{"start":{"line":922,"column":4},"end":{"line":923,"column":null}}]},"14":{"loc":{"start":{"line":64,"column":4},"end":{"line":64,"column":36}},"type":"default-arg","locations":[{"start":{"line":64,"column":32},"end":{"line":64,"column":36}}]},"15":{"loc":{"start":{"line":65,"column":4},"end":{"line":65,"column":34}},"type":"default-arg","locations":[{"start":{"line":65,"column":30},"end":{"line":65,"column":34}}]},"16":{"loc":{"start":{"line":66,"column":4},"end":{"line":66,"column":34}},"type":"default-arg","locations":[{"start":{"line":66,"column":30},"end":{"line":66,"column":34}}]},"17":{"loc":{"start":{"line":78,"column":4},"end":{"line":93,"column":5}},"type":"if","locations":[{"start":{"line":78,"column":4},"end":{"line":93,"column":5}},{"start":{"line":82,"column":11},"end":{"line":93,"column":5}}]},"18":{"loc":{"start":{"line":81,"column":19},"end":{"line":81,"column":58}},"type":"cond-expr","locations":[{"start":{"line":81,"column":50},"end":{"line":81,"column":54}},{"start":{"line":81,"column":54},"end":{"line":81,"column":58}}]},"19":{"loc":{"start":{"line":81,"column":19},"end":{"line":81,"column":54}},"type":"binary-expr","locations":[{"start":{"line":81,"column":19},"end":{"line":81,"column":54}},{"start":{"line":81,"column":50},"end":{"line":81,"column":54}}]},"20":{"loc":{"start":{"line":84,"column":6},"end":{"line":92,"column":7}},"type":"if","locations":[{"start":{"line":84,"column":6},"end":{"line":92,"column":7}},{"start":{"line":88,"column":13},"end":{"line":92,"column":7}}]},"21":{"loc":{"start":{"line":96,"column":26},"end":{"line":124,"column":null}},"type":"cond-expr","locations":[{"start":{"line":97,"column":8},"end":{"line":110,"column":null}},{"start":{"line":111,"column":8},"end":{"line":124,"column":null}}]},"22":{"loc":{"start":{"line":144,"column":6},"end":{"line":144,"column":56}},"type":"cond-expr","locations":[{"start":{"line":144,"column":39},"end":{"line":144,"column":46}},{"start":{"line":144,"column":49},"end":{"line":144,"column":56}}]},"23":{"loc":{"start":{"line":145,"column":6},"end":{"line":145,"column":63}},"type":"cond-expr","locations":[{"start":{"line":145,"column":46},"end":{"line":145,"column":53}},{"start":{"line":145,"column":56},"end":{"line":145,"column":63}}]},"24":{"loc":{"start":{"line":157,"column":4},"end":{"line":159,"column":5}},"type":"if","locations":[{"start":{"line":157,"column":4},"end":{"line":159,"column":5}}]},"25":{"loc":{"start":{"line":166,"column":4},"end":{"line":166,"column":29}},"type":"default-arg","locations":[{"start":{"line":166,"column":17},"end":{"line":166,"column":29}}]},"26":{"loc":{"start":{"line":167,"column":4},"end":{"line":167,"column":60}},"type":"default-arg","locations":[{"start":{"line":167,"column":41},"end":{"line":167,"column":60}}]},"27":{"loc":{"start":{"line":168,"column":4},"end":{"line":168,"column":47}},"type":"default-arg","locations":[{"start":{"line":168,"column":29},"end":{"line":168,"column":47}}]},"28":{"loc":{"start":{"line":169,"column":4},"end":{"line":169,"column":44}},"type":"default-arg","locations":[{"start":{"line":169,"column":27},"end":{"line":169,"column":44}}]},"29":{"loc":{"start":{"line":176,"column":4},"end":{"line":255,"column":5}},"type":"switch","locations":[{"start":{"line":177,"column":6},"end":{"line":184,"column":null}},{"start":{"line":185,"column":6},"end":{"line":198,"column":null}},{"start":{"line":199,"column":6},"end":{"line":212,"column":null}},{"start":{"line":213,"column":6},"end":{"line":228,"column":null}},{"start":{"line":229,"column":6},"end":{"line":244,"column":null}},{"start":{"line":245,"column":6},"end":{"line":246,"column":null}},{"start":{"line":247,"column":6},"end":{"line":248,"column":null}},{"start":{"line":249,"column":6},"end":{"line":250,"column":null}},{"start":{"line":251,"column":6},"end":{"line":252,"column":null}},{"start":{"line":253,"column":6},"end":{"line":254,"column":null}}]},"30":{"loc":{"start":{"line":186,"column":8},"end":{"line":186,"column":null}},"type":"if","locations":[{"start":{"line":186,"column":8},"end":{"line":186,"column":null}}]},"31":{"loc":{"start":{"line":187,"column":8},"end":{"line":187,"column":null}},"type":"if","locations":[{"start":{"line":187,"column":8},"end":{"line":187,"column":null}}]},"32":{"loc":{"start":{"line":188,"column":8},"end":{"line":188,"column":null}},"type":"if","locations":[{"start":{"line":188,"column":8},"end":{"line":188,"column":null}}]},"33":{"loc":{"start":{"line":200,"column":8},"end":{"line":200,"column":null}},"type":"if","locations":[{"start":{"line":200,"column":8},"end":{"line":200,"column":null}}]},"34":{"loc":{"start":{"line":201,"column":8},"end":{"line":201,"column":null}},"type":"if","locations":[{"start":{"line":201,"column":8},"end":{"line":201,"column":null}}]},"35":{"loc":{"start":{"line":202,"column":8},"end":{"line":202,"column":null}},"type":"if","locations":[{"start":{"line":202,"column":8},"end":{"line":202,"column":null}}]},"36":{"loc":{"start":{"line":214,"column":8},"end":{"line":214,"column":null}},"type":"if","locations":[{"start":{"line":214,"column":8},"end":{"line":214,"column":null}}]},"37":{"loc":{"start":{"line":215,"column":8},"end":{"line":215,"column":null}},"type":"if","locations":[{"start":{"line":215,"column":8},"end":{"line":215,"column":null}}]},"38":{"loc":{"start":{"line":216,"column":8},"end":{"line":216,"column":null}},"type":"if","locations":[{"start":{"line":216,"column":8},"end":{"line":216,"column":null}}]},"39":{"loc":{"start":{"line":217,"column":8},"end":{"line":217,"column":null}},"type":"if","locations":[{"start":{"line":217,"column":8},"end":{"line":217,"column":null}}]},"40":{"loc":{"start":{"line":230,"column":8},"end":{"line":230,"column":null}},"type":"if","locations":[{"start":{"line":230,"column":8},"end":{"line":230,"column":null}}]},"41":{"loc":{"start":{"line":231,"column":8},"end":{"line":231,"column":null}},"type":"if","locations":[{"start":{"line":231,"column":8},"end":{"line":231,"column":null}}]},"42":{"loc":{"start":{"line":232,"column":8},"end":{"line":232,"column":null}},"type":"if","locations":[{"start":{"line":232,"column":8},"end":{"line":232,"column":null}}]},"43":{"loc":{"start":{"line":233,"column":8},"end":{"line":233,"column":null}},"type":"if","locations":[{"start":{"line":233,"column":8},"end":{"line":233,"column":null}}]},"44":{"loc":{"start":{"line":266,"column":6},"end":{"line":283,"column":null}},"type":"cond-expr","locations":[{"start":{"line":267,"column":10},"end":{"line":274,"column":null}},{"start":{"line":276,"column":10},"end":{"line":283,"column":null}}]},"45":{"loc":{"start":{"line":315,"column":4},"end":{"line":317,"column":5}},"type":"if","locations":[{"start":{"line":315,"column":4},"end":{"line":317,"column":5}}]},"46":{"loc":{"start":{"line":319,"column":4},"end":{"line":321,"column":5}},"type":"if","locations":[{"start":{"line":319,"column":4},"end":{"line":321,"column":5}}]},"47":{"loc":{"start":{"line":319,"column":9},"end":{"line":319,"column":35}},"type":"cond-expr","locations":[{"start":{"line":319,"column":26},"end":{"line":319,"column":28}},{"start":{"line":319,"column":26},"end":{"line":319,"column":35}}]},"48":{"loc":{"start":{"line":319,"column":9},"end":{"line":319,"column":28}},"type":"binary-expr","locations":[{"start":{"line":319,"column":9},"end":{"line":319,"column":28}},{"start":{"line":319,"column":26},"end":{"line":319,"column":28}}]},"49":{"loc":{"start":{"line":339,"column":4},"end":{"line":339,"column":69}},"type":"default-arg","locations":[{"start":{"line":339,"column":59},"end":{"line":339,"column":69}}]},"50":{"loc":{"start":{"line":347,"column":4},"end":{"line":353,"column":5}},"type":"if","locations":[{"start":{"line":347,"column":4},"end":{"line":353,"column":5}}]},"51":{"loc":{"start":{"line":347,"column":9},"end":{"line":347,"column":35}},"type":"cond-expr","locations":[{"start":{"line":347,"column":26},"end":{"line":347,"column":28}},{"start":{"line":347,"column":26},"end":{"line":347,"column":35}}]},"52":{"loc":{"start":{"line":347,"column":9},"end":{"line":347,"column":28}},"type":"binary-expr","locations":[{"start":{"line":347,"column":9},"end":{"line":347,"column":28}},{"start":{"line":347,"column":26},"end":{"line":347,"column":28}}]},"53":{"loc":{"start":{"line":368,"column":4},"end":{"line":398,"column":5}},"type":"if","locations":[{"start":{"line":368,"column":4},"end":{"line":398,"column":5}}]},"54":{"loc":{"start":{"line":371,"column":8},"end":{"line":377,"column":9}},"type":"if","locations":[{"start":{"line":371,"column":8},"end":{"line":377,"column":9}}]},"55":{"loc":{"start":{"line":372,"column":10},"end":{"line":372,"column":null}},"type":"if","locations":[{"start":{"line":372,"column":10},"end":{"line":372,"column":null}}]},"56":{"loc":{"start":{"line":400,"column":4},"end":{"line":400,"column":null}},"type":"if","locations":[{"start":{"line":400,"column":4},"end":{"line":400,"column":null}}]},"57":{"loc":{"start":{"line":403,"column":4},"end":{"line":405,"column":5}},"type":"if","locations":[{"start":{"line":403,"column":4},"end":{"line":405,"column":5}}]},"58":{"loc":{"start":{"line":408,"column":4},"end":{"line":408,"column":null}},"type":"if","locations":[{"start":{"line":408,"column":4},"end":{"line":408,"column":null}}]},"59":{"loc":{"start":{"line":421,"column":6},"end":{"line":421,"column":49}},"type":"cond-expr","locations":[{"start":{"line":421,"column":33},"end":{"line":421,"column":45}},{"start":{"line":421,"column":48},"end":{"line":421,"column":49}}]},"60":{"loc":{"start":{"line":441,"column":4},"end":{"line":443,"column":5}},"type":"if","locations":[{"start":{"line":441,"column":4},"end":{"line":443,"column":5}}]},"61":{"loc":{"start":{"line":461,"column":6},"end":{"line":461,"column":73}},"type":"binary-expr","locations":[{"start":{"line":461,"column":6},"end":{"line":461,"column":41}},{"start":{"line":461,"column":45},"end":{"line":461,"column":73}}]},"62":{"loc":{"start":{"line":463,"column":4},"end":{"line":469,"column":5}},"type":"if","locations":[{"start":{"line":463,"column":4},"end":{"line":469,"column":5}}]},"63":{"loc":{"start":{"line":482,"column":4},"end":{"line":488,"column":5}},"type":"if","locations":[{"start":{"line":482,"column":4},"end":{"line":488,"column":5}}]},"64":{"loc":{"start":{"line":501,"column":4},"end":{"line":505,"column":5}},"type":"if","locations":[{"start":{"line":501,"column":4},"end":{"line":505,"column":5}}]},"65":{"loc":{"start":{"line":512,"column":6},"end":{"line":514,"column":27}},"type":"cond-expr","locations":[{"start":{"line":513,"column":10},"end":{"line":513,"column":32}},{"start":{"line":514,"column":10},"end":{"line":514,"column":27}}]},"66":{"loc":{"start":{"line":512,"column":6},"end":{"line":512,"column":47}},"type":"binary-expr","locations":[{"start":{"line":512,"column":6},"end":{"line":512,"column":21}},{"start":{"line":512,"column":25},"end":{"line":512,"column":47}}]},"67":{"loc":{"start":{"line":517,"column":31},"end":{"line":517,"column":68}},"type":"binary-expr","locations":[{"start":{"line":517,"column":31},"end":{"line":517,"column":54}},{"start":{"line":517,"column":58},"end":{"line":517,"column":68}}]},"68":{"loc":{"start":{"line":528,"column":25},"end":{"line":528,"column":68}},"type":"binary-expr","locations":[{"start":{"line":528,"column":25},"end":{"line":528,"column":40}},{"start":{"line":528,"column":44},"end":{"line":528,"column":68}}]},"69":{"loc":{"start":{"line":537,"column":4},"end":{"line":551,"column":5}},"type":"if","locations":[{"start":{"line":537,"column":4},"end":{"line":551,"column":5}}]},"70":{"loc":{"start":{"line":537,"column":8},"end":{"line":537,"column":63}},"type":"binary-expr","locations":[{"start":{"line":537,"column":8},"end":{"line":537,"column":32}},{"start":{"line":537,"column":36},"end":{"line":537,"column":63}}]},"71":{"loc":{"start":{"line":578,"column":4},"end":{"line":580,"column":5}},"type":"if","locations":[{"start":{"line":578,"column":4},"end":{"line":580,"column":5}}]},"72":{"loc":{"start":{"line":589,"column":4},"end":{"line":591,"column":5}},"type":"if","locations":[{"start":{"line":589,"column":4},"end":{"line":591,"column":5}}]},"73":{"loc":{"start":{"line":613,"column":4},"end":{"line":615,"column":5}},"type":"if","locations":[{"start":{"line":613,"column":4},"end":{"line":615,"column":5}}]},"74":{"loc":{"start":{"line":613,"column":8},"end":{"line":613,"column":40}},"type":"binary-expr","locations":[{"start":{"line":613,"column":8},"end":{"line":613,"column":19}},{"start":{"line":613,"column":23},"end":{"line":613,"column":40}}]},"75":{"loc":{"start":{"line":622,"column":4},"end":{"line":624,"column":5}},"type":"if","locations":[{"start":{"line":622,"column":4},"end":{"line":624,"column":5}}]},"76":{"loc":{"start":{"line":627,"column":22},"end":{"line":627,"column":70}},"type":"cond-expr","locations":[{"start":{"line":627,"column":53},"end":{"line":627,"column":60}},{"start":{"line":627,"column":63},"end":{"line":627,"column":70}}]},"77":{"loc":{"start":{"line":631,"column":6},"end":{"line":635,"column":7}},"type":"if","locations":[{"start":{"line":631,"column":6},"end":{"line":635,"column":7}},{"start":{"line":633,"column":13},"end":{"line":635,"column":7}}]},"78":{"loc":{"start":{"line":670,"column":13},"end":{"line":670,"column":71}},"type":"binary-expr","locations":[{"start":{"line":670,"column":13},"end":{"line":670,"column":41}},{"start":{"line":670,"column":45},"end":{"line":670,"column":71}}]},"79":{"loc":{"start":{"line":672,"column":4},"end":{"line":674,"column":5}},"type":"if","locations":[{"start":{"line":672,"column":4},"end":{"line":674,"column":5}}]},"80":{"loc":{"start":{"line":682,"column":13},"end":{"line":682,"column":71}},"type":"binary-expr","locations":[{"start":{"line":682,"column":13},"end":{"line":682,"column":41}},{"start":{"line":682,"column":45},"end":{"line":682,"column":71}}]},"81":{"loc":{"start":{"line":684,"column":4},"end":{"line":686,"column":5}},"type":"if","locations":[{"start":{"line":684,"column":4},"end":{"line":686,"column":5}}]},"82":{"loc":{"start":{"line":699,"column":4},"end":{"line":701,"column":5}},"type":"if","locations":[{"start":{"line":699,"column":4},"end":{"line":701,"column":5}}]},"83":{"loc":{"start":{"line":699,"column":8},"end":{"line":699,"column":56}},"type":"binary-expr","locations":[{"start":{"line":699,"column":8},"end":{"line":699,"column":29}},{"start":{"line":699,"column":33},"end":{"line":699,"column":56}}]},"84":{"loc":{"start":{"line":954,"column":4},"end":{"line":963,"column":5}},"type":"if","locations":[{"start":{"line":954,"column":4},"end":{"line":963,"column":5}}]},"85":{"loc":{"start":{"line":955,"column":6},"end":{"line":957,"column":33}},"type":"binary-expr","locations":[{"start":{"line":955,"column":6},"end":{"line":955,"column":33}},{"start":{"line":956,"column":6},"end":{"line":956,"column":41}},{"start":{"line":957,"column":6},"end":{"line":957,"column":33}}]},"86":{"loc":{"start":{"line":967,"column":4},"end":{"line":972,"column":5}},"type":"if","locations":[{"start":{"line":967,"column":4},"end":{"line":972,"column":5}}]},"87":{"loc":{"start":{"line":976,"column":4},"end":{"line":981,"column":5}},"type":"if","locations":[{"start":{"line":976,"column":4},"end":{"line":981,"column":5}}]},"88":{"loc":{"start":{"line":976,"column":8},"end":{"line":976,"column":40}},"type":"binary-expr","locations":[{"start":{"line":976,"column":8},"end":{"line":976,"column":19}},{"start":{"line":976,"column":23},"end":{"line":976,"column":40}}]},"89":{"loc":{"start":{"line":983,"column":21},"end":{"line":985,"column":36}},"type":"cond-expr","locations":[{"start":{"line":984,"column":8},"end":{"line":984,"column":24}},{"start":{"line":985,"column":8},"end":{"line":985,"column":36}}]},"90":{"loc":{"start":{"line":992,"column":4},"end":{"line":1080,"column":5}},"type":"if","locations":[{"start":{"line":992,"column":4},"end":{"line":1080,"column":5}}]},"91":{"loc":{"start":{"line":992,"column":8},"end":{"line":992,"column":39}},"type":"binary-expr","locations":[{"start":{"line":992,"column":8},"end":{"line":992,"column":16}},{"start":{"line":992,"column":20},"end":{"line":992,"column":39}}]},"92":{"loc":{"start":{"line":1002,"column":6},"end":{"line":1022,"column":7}},"type":"if","locations":[{"start":{"line":1002,"column":6},"end":{"line":1022,"column":7}}]},"93":{"loc":{"start":{"line":1025,"column":6},"end":{"line":1079,"column":7}},"type":"if","locations":[{"start":{"line":1025,"column":6},"end":{"line":1079,"column":7}}]},"94":{"loc":{"start":{"line":1026,"column":8},"end":{"line":1027,"column":54}},"type":"binary-expr","locations":[{"start":{"line":1026,"column":8},"end":{"line":1026,"column":34}},{"start":{"line":1027,"column":8},"end":{"line":1027,"column":54}}]},"95":{"loc":{"start":{"line":1050,"column":26},"end":{"line":1050,"column":74}},"type":"cond-expr","locations":[{"start":{"line":1050,"column":57},"end":{"line":1050,"column":64}},{"start":{"line":1050,"column":67},"end":{"line":1050,"column":74}}]},"96":{"loc":{"start":{"line":1060,"column":10},"end":{"line":1064,"column":11}},"type":"if","locations":[{"start":{"line":1060,"column":10},"end":{"line":1064,"column":11}},{"start":{"line":1062,"column":17},"end":{"line":1064,"column":11}}]}},"s":{"0":1,"1":1,"2":1,"3":1,"4":1,"5":1,"6":1,"7":0,"8":0,"9":0,"10":0,"11":0,"12":0,"13":0,"14":0,"15":0,"16":0,"17":0,"18":0,"19":0,"20":0,"21":0,"22":0,"23":0,"24":0,"25":0,"26":0,"27":0,"28":0,"29":0,"30":0,"31":0,"32":0,"33":0,"34":0,"35":0,"36":0,"37":0,"38":0,"39":0,"40":0,"41":0,"42":0,"43":0,"44":0,"45":0,"46":0,"47":0,"48":0,"49":1,"50":1,"51":0,"52":0,"53":0,"54":0,"55":0,"56":0,"57":0,"58":0,"59":0,"60":0,"61":0,"62":0,"63":0,"64":0,"65":0,"66":0,"67":0,"68":0,"69":0,"70":0,"71":1,"72":21,"73":21,"74":0,"75":0,"76":0,"77":0,"78":0,"79":0,"80":0,"81":0,"82":0,"83":0,"84":0,"85":0,"86":0,"87":0,"88":0,"89":0,"90":0,"91":0,"92":0,"93":0,"94":0,"95":0,"96":0,"97":0,"98":0,"99":0,"100":0,"101":0,"102":0,"103":0,"104":0,"105":0,"106":0,"107":0,"108":0,"109":0,"110":0,"111":0,"112":0,"113":1,"114":0,"115":0,"116":0,"117":0,"118":0,"119":0,"120":0,"121":0,"122":0,"123":1,"124":0,"125":0,"126":0,"127":0,"128":0,"129":0,"130":1,"131":0,"132":0,"133":0,"134":0,"135":0,"136":0,"137":1,"138":0,"139":0,"140":0,"141":0,"142":0,"143":0,"144":0,"145":0,"146":0,"147":0,"148":0,"149":0,"150":0,"151":0,"152":0,"153":0,"154":0,"155":0,"156":0,"157":0,"158":0,"159":0,"160":0,"161":0,"162":0,"163":0,"164":0,"165":0,"166":0,"167":0,"168":1,"169":0,"170":0,"171":0,"172":1,"173":0,"174":0,"175":0,"176":0,"177":0,"178":1,"179":0,"180":0,"181":0,"182":1,"183":0,"184":0,"185":0,"186":0,"187":0,"188":0,"189":0,"190":0,"191":0,"192":0,"193":0,"194":0,"195":0,"196":0,"197":0,"198":0,"199":0,"200":1,"201":0,"202":0,"203":0,"204":0,"205":0,"206":0,"207":0,"208":0,"209":1,"210":0,"211":0,"212":0,"213":0,"214":0,"215":0,"216":0,"217":0,"218":0,"219":0,"220":0,"221":0,"222":0,"223":0,"224":0,"225":0,"226":0,"227":0,"228":0,"229":1,"230":0,"231":0,"232":0,"233":0,"234":0,"235":1,"236":0,"237":0,"238":0,"239":0,"240":0,"241":1,"242":0,"243":0,"244":0,"245":0,"246":0,"247":0,"248":0,"249":1,"250":0,"251":1,"252":0,"253":0,"254":0,"255":0,"256":0,"257":0,"258":0,"259":0,"260":0,"261":0,"262":0,"263":0,"264":0,"265":0,"266":0,"267":0,"268":0,"269":0,"270":0,"271":0,"272":0,"273":0,"274":0,"275":0,"276":0,"277":0,"278":0,"279":0,"280":0,"281":0,"282":0,"283":0,"284":0,"285":0,"286":0,"287":0},"f":{"0":0,"1":0,"2":0,"3":0,"4":0,"5":0,"6":0,"7":0,"8":0,"9":0,"10":0,"11":0,"12":0,"13":0,"14":0,"15":0,"16":21,"17":0,"18":0,"19":0,"20":0,"21":0,"22":0,"23":0,"24":0,"25":0,"26":0,"27":0,"28":0,"29":0,"30":0,"31":0,"32":0,"33":0,"34":0,"35":0,"36":0,"37":0,"38":0,"39":0,"40":0,"41":0,"42":0,"43":0,"44":0,"45":0,"46":0,"47":0,"48":0,"49":0,"50":0,"51":0,"52":0,"53":0,"54":0,"55":0},"b":{"0":[0,0,0,0,0],"1":[0,0],"2":[0],"3":[0],"4":[0],"5":[0,0],"6":[0,0],"7":[0],"8":[0,0],"9":[0,0,0],"10":[0],"11":[0,0],"12":[0],"13":[0],"14":[0],"15":[0],"16":[0],"17":[0,0],"18":[0,0],"19":[0,0],"20":[0,0],"21":[0,0],"22":[0,0],"23":[0,0],"24":[0],"25":[0],"26":[0],"27":[0],"28":[21],"29":[21,0,0,0,0,0,0,0,0,0],"30":[0],"31":[0],"32":[0],"33":[0],"34":[0],"35":[0],"36":[0],"37":[0],"38":[0],"39":[0],"40":[0],"41":[0],"42":[0],"43":[0],"44":[0,0],"45":[0],"46":[0],"47":[0,0],"48":[0,0],"49":[0],"50":[0],"51":[0,0],"52":[0,0],"53":[0],"54":[0],"55":[0],"56":[0],"57":[0],"58":[0],"59":[0,0],"60":[0],"61":[0,0],"62":[0],"63":[0],"64":[0],"65":[0,0],"66":[0,0],"67":[0,0],"68":[0,0],"69":[0],"70":[0,0],"71":[0],"72":[0],"73":[0],"74":[0,0],"75":[0],"76":[0,0],"77":[0,0],"78":[0,0],"79":[0],"80":[0,0],"81":[0],"82":[0],"83":[0,0],"84":[0],"85":[0,0,0],"86":[0],"87":[0],"88":[0,0],"89":[0,0],"90":[0],"91":[0,0],"92":[0],"93":[0],"94":[0,0],"95":[0,0],"96":[0,0]}},"/Users/kenr/Code/nodots-backgammon/nodots-backgammon-core/src/Play/index.ts":{"path":"/Users/kenr/Code/nodots-backgammon/nodots-backgammon-core/src/Play/index.ts","statementMap":{"0":{"start":{"line":18,"column":0},"end":{"line":18,"column":38}},"1":{"start":{"line":19,"column":0},"end":{"line":19,"column":51}},"2":{"start":{"line":20,"column":0},"end":{"line":20,"column":40}},"3":{"start":{"line":21,"column":0},"end":{"line":21,"column":24}},"4":{"start":{"line":23,"column":25},"end":{"line":23,"column":75}},"5":{"start":{"line":26,"column":2},"end":{"line":26,"column":null}},"6":{"start":{"line":32,"column":2},"end":{"line":32,"column":null}},"7":{"start":{"line":35,"column":2},"end":{"line":35,"column":null}},"8":{"start":{"line":31,"column":0},"end":{"line":31,"column":13}},"9":{"start":{"line":42,"column":16},"end":{"line":42,"column":23}},"10":{"start":{"line":47,"column":23},"end":{"line":47,"column":45}},"11":{"start":{"line":52,"column":25},"end":{"line":52,"column":72}},"12":{"start":{"line":52,"column":48},"end":{"line":52,"column":71}},"13":{"start":{"line":53,"column":4},"end":{"line":71,"column":5}},"14":{"start":{"line":54,"column":6},"end":{"line":54,"column":null}},"15":{"start":{"line":55,"column":52},"end":{"line":65,"column":null}},"16":{"start":{"line":66,"column":6},"end":{"line":70,"column":null}},"17":{"start":{"line":74,"column":21},"end":{"line":74,"column":42}},"18":{"start":{"line":77,"column":31},"end":{"line":80,"column":null}},"19":{"start":{"line":84,"column":25},"end":{"line":85,"column":null}},"20":{"start":{"line":85,"column":14},"end":{"line":85,"column":40}},"21":{"start":{"line":88,"column":4},"end":{"line":112,"column":5}},"22":{"start":{"line":89,"column":6},"end":{"line":95,"column":null}},"23":{"start":{"line":94,"column":59},"end":{"line":94,"column":71}},"24":{"start":{"line":96,"column":52},"end":{"line":106,"column":null}},"25":{"start":{"line":107,"column":6},"end":{"line":111,"column":null}},"26":{"start":{"line":115,"column":38},"end":{"line":123,"column":null}},"27":{"start":{"line":126,"column":4},"end":{"line":144,"column":5}},"28":{"start":{"line":128,"column":28},"end":{"line":128,"column":53}},"29":{"start":{"line":131,"column":23},"end":{"line":131,"column":45}},"30":{"start":{"line":132,"column":25},"end":{"line":132,"column":65}},"31":{"start":{"line":132,"column":48},"end":{"line":132,"column":64}},"32":{"start":{"line":133,"column":25},"end":{"line":133,"column":69}},"33":{"start":{"line":135,"column":6},"end":{"line":143,"column":null}},"34":{"start":{"line":149,"column":4},"end":{"line":153,"column":null}},"35":{"start":{"line":155,"column":4},"end":{"line":160,"column":null}},"36":{"start":{"line":162,"column":59},"end":{"line":174,"column":null}},"37":{"start":{"line":178,"column":21},"end":{"line":178,"column":43}},"38":{"start":{"line":179,"column":23},"end":{"line":179,"column":63}},"39":{"start":{"line":179,"column":46},"end":{"line":179,"column":62}},"40":{"start":{"line":184,"column":30},"end":{"line":191,"column":6}},"41":{"start":{"line":185,"column":6},"end":{"line":189,"column":7}},"42":{"start":{"line":188,"column":8},"end":{"line":188,"column":null}},"43":{"start":{"line":190,"column":6},"end":{"line":190,"column":27}},"44":{"start":{"line":193,"column":23},"end":{"line":193,"column":69}},"45":{"start":{"line":195,"column":4},"end":{"line":199,"column":null}},"46":{"start":{"line":202,"column":16},"end":{"line":202,"column":29}},"47":{"start":{"line":206,"column":17},"end":{"line":206,"column":40}},"48":{"start":{"line":207,"column":44},"end":{"line":207,"column":46}},"49":{"start":{"line":211,"column":6},"end":{"line":213,"column":36}},"50":{"start":{"line":214,"column":32},"end":{"line":215,"column":null}},"51":{"start":{"line":215,"column":38},"end":{"line":215,"column":68}},"52":{"start":{"line":218,"column":22},"end":{"line":218,"column":41}},"53":{"start":{"line":219,"column":22},"end":{"line":219,"column":39}},"54":{"start":{"line":220,"column":26},"end":{"line":220,"column":52}},"55":{"start":{"line":223,"column":24},"end":{"line":223,"column":49}},"56":{"start":{"line":225,"column":4},"end":{"line":335,"column":5}},"57":{"start":{"line":225,"column":17},"end":{"line":225,"column":18}},"58":{"start":{"line":226,"column":23},"end":{"line":226,"column":34}},"59":{"start":{"line":228,"column":6},"end":{"line":334,"column":7}},"60":{"start":{"line":230,"column":30},"end":{"line":230,"column":77}},"61":{"start":{"line":231,"column":8},"end":{"line":255,"column":9}},"62":{"start":{"line":233,"column":10},"end":{"line":241,"column":null}},"63":{"start":{"line":242,"column":10},"end":{"line":242,"column":28}},"64":{"start":{"line":245,"column":10},"end":{"line":253,"column":null}},"65":{"start":{"line":258,"column":30},"end":{"line":258,"column":77}},"66":{"start":{"line":260,"column":8},"end":{"line":333,"column":9}},"67":{"start":{"line":263,"column":12},"end":{"line":263,"column":28}},"68":{"start":{"line":266,"column":33},"end":{"line":267,"column":null}},"69":{"start":{"line":267,"column":22},"end":{"line":267,"column":53}},"70":{"start":{"line":269,"column":10},"end":{"line":271,"column":11}},"71":{"start":{"line":270,"column":12},"end":{"line":270,"column":null}},"72":{"start":{"line":275,"column":29},"end":{"line":275,"column":45}},"73":{"start":{"line":277,"column":10},"end":{"line":307,"column":11}},"74":{"start":{"line":280,"column":35},"end":{"line":298,"column":14}},"75":{"start":{"line":281,"column":31},"end":{"line":281,"column":45}},"76":{"start":{"line":282,"column":35},"end":{"line":282,"column":65}},"77":{"start":{"line":286,"column":14},"end":{"line":294,"column":15}},"78":{"start":{"line":287,"column":31},"end":{"line":287,"column":49}},"79":{"start":{"line":288,"column":41},"end":{"line":290,"column":24}},"80":{"start":{"line":289,"column":30},"end":{"line":289,"column":54}},"81":{"start":{"line":293,"column":16},"end":{"line":293,"column":null}},"82":{"start":{"line":297,"column":14},"end":{"line":297,"column":38}},"83":{"start":{"line":300,"column":12},"end":{"line":306,"column":13}},"84":{"start":{"line":302,"column":14},"end":{"line":302,"column":null}},"85":{"start":{"line":305,"column":14},"end":{"line":305,"column":null}},"86":{"start":{"line":310,"column":27},"end":{"line":310,"column":49}},"87":{"start":{"line":311,"column":10},"end":{"line":311,"column":null}},"88":{"start":{"line":313,"column":10},"end":{"line":321,"column":null}},"89":{"start":{"line":324,"column":10},"end":{"line":332,"column":null}},"90":{"start":{"line":338,"column":4},"end":{"line":344,"column":null}},"91":{"start":{"line":347,"column":16},"end":{"line":347,"column":28}},"92":{"start":{"line":350,"column":4},"end":{"line":356,"column":null}},"93":{"start":{"line":357,"column":4},"end":{"line":362,"column":null}}},"fnMap":{"0":{"name":"isAllowedMoveKind","decl":{"start":{"line":25,"column":9},"end":{"line":25,"column":26}},"loc":{"start":{"line":25,"column":36},"end":{"line":27,"column":1}}},"1":{"name":"(anonymous_5)","decl":{"start":{"line":31,"column":0},"end":{"line":31,"column":13}},"loc":{"start":{"line":31,"column":0},"end":{"line":364,"column":1}}},"2":{"name":"move","decl":{"start":{"line":42,"column":32},"end":{"line":42,"column":36}},"loc":{"start":{"line":45,"column":32},"end":{"line":200,"column":null}}},"3":{"name":"(anonymous_7)","decl":{"start":{"line":52,"column":41},"end":{"line":52,"column":42}},"loc":{"start":{"line":52,"column":48},"end":{"line":52,"column":71}}},"4":{"name":"(anonymous_8)","decl":{"start":{"line":85,"column":6},"end":{"line":85,"column":7}},"loc":{"start":{"line":85,"column":14},"end":{"line":85,"column":40}}},"5":{"name":"(anonymous_9)","decl":{"start":{"line":94,"column":51},"end":{"line":94,"column":52}},"loc":{"start":{"line":94,"column":59},"end":{"line":94,"column":71}}},"6":{"name":"(anonymous_10)","decl":{"start":{"line":132,"column":41},"end":{"line":132,"column":42}},"loc":{"start":{"line":132,"column":48},"end":{"line":132,"column":64}}},"7":{"name":"(anonymous_11)","decl":{"start":{"line":179,"column":39},"end":{"line":179,"column":40}},"loc":{"start":{"line":179,"column":46},"end":{"line":179,"column":62}}},"8":{"name":"(anonymous_12)","decl":{"start":{"line":184,"column":45},"end":{"line":184,"column":46}},"loc":{"start":{"line":184,"column":63},"end":{"line":191,"column":5}}},"9":{"name":"initialize","decl":{"start":{"line":202,"column":38},"end":{"line":202,"column":48}},"loc":{"start":{"line":204,"column":34},"end":{"line":345,"column":null}}},"10":{"name":"(anonymous_14)","decl":{"start":{"line":215,"column":6},"end":{"line":215,"column":7}},"loc":{"start":{"line":215,"column":38},"end":{"line":215,"column":68}}},"11":{"name":"(anonymous_15)","decl":{"start":{"line":267,"column":12},"end":{"line":267,"column":13}},"loc":{"start":{"line":267,"column":22},"end":{"line":267,"column":53}}},"12":{"name":"(anonymous_16)","decl":{"start":{"line":280,"column":56},"end":{"line":280,"column":57}},"loc":{"start":{"line":280,"column":65},"end":{"line":298,"column":13}}},"13":{"name":"(anonymous_17)","decl":{"start":{"line":289,"column":18},"end":{"line":289,"column":19}},"loc":{"start":{"line":289,"column":30},"end":{"line":289,"column":54}}},"14":{"name":"startMove","decl":{"start":{"line":347,"column":37},"end":{"line":347,"column":46}},"loc":{"start":{"line":348,"column":30},"end":{"line":363,"column":null}}}},"branchMap":{"0":{"loc":{"start":{"line":53,"column":4},"end":{"line":71,"column":5}},"type":"if","locations":[{"start":{"line":53,"column":4},"end":{"line":71,"column":5}}]},"1":{"loc":{"start":{"line":88,"column":4},"end":{"line":112,"column":5}},"type":"if","locations":[{"start":{"line":88,"column":4},"end":{"line":112,"column":5}}]},"2":{"loc":{"start":{"line":126,"column":4},"end":{"line":144,"column":5}},"type":"if","locations":[{"start":{"line":126,"column":4},"end":{"line":144,"column":5}}]},"3":{"loc":{"start":{"line":167,"column":16},"end":{"line":169,"column":26}},"type":"cond-expr","locations":[{"start":{"line":168,"column":10},"end":{"line":168,"column":23}},{"start":{"line":169,"column":10},"end":{"line":169,"column":26}}]},"4":{"loc":{"start":{"line":185,"column":6},"end":{"line":189,"column":7}},"type":"if","locations":[{"start":{"line":185,"column":6},"end":{"line":189,"column":7}}]},"5":{"loc":{"start":{"line":211,"column":6},"end":{"line":213,"column":36}},"type":"cond-expr","locations":[{"start":{"line":212,"column":10},"end":{"line":212,"column":29}},{"start":{"line":213,"column":10},"end":{"line":213,"column":36}}]},"6":{"loc":{"start":{"line":219,"column":22},"end":{"line":219,"column":39}},"type":"cond-expr","locations":[{"start":{"line":219,"column":34},"end":{"line":219,"column":35}},{"start":{"line":219,"column":38},"end":{"line":219,"column":39}}]},"7":{"loc":{"start":{"line":228,"column":6},"end":{"line":334,"column":7}},"type":"if","locations":[{"start":{"line":228,"column":6},"end":{"line":334,"column":7}},{"start":{"line":256,"column":13},"end":{"line":334,"column":7}}]},"8":{"loc":{"start":{"line":231,"column":8},"end":{"line":255,"column":9}},"type":"if","locations":[{"start":{"line":231,"column":8},"end":{"line":255,"column":9}},{"start":{"line":243,"column":15},"end":{"line":255,"column":9}}]},"9":{"loc":{"start":{"line":260,"column":8},"end":{"line":333,"column":9}},"type":"if","locations":[{"start":{"line":260,"column":8},"end":{"line":333,"column":9}},{"start":{"line":322,"column":15},"end":{"line":333,"column":9}}]},"10":{"loc":{"start":{"line":269,"column":10},"end":{"line":271,"column":11}},"type":"if","locations":[{"start":{"line":269,"column":10},"end":{"line":271,"column":11}}]},"11":{"loc":{"start":{"line":277,"column":10},"end":{"line":307,"column":11}},"type":"if","locations":[{"start":{"line":277,"column":10},"end":{"line":307,"column":11}}]},"12":{"loc":{"start":{"line":277,"column":14},"end":{"line":277,"column":51}},"type":"binary-expr","locations":[{"start":{"line":277,"column":14},"end":{"line":277,"column":23}},{"start":{"line":277,"column":27},"end":{"line":277,"column":51}}]},"13":{"loc":{"start":{"line":282,"column":35},"end":{"line":282,"column":65}},"type":"binary-expr","locations":[{"start":{"line":282,"column":35},"end":{"line":282,"column":60}},{"start":{"line":282,"column":64},"end":{"line":282,"column":65}}]},"14":{"loc":{"start":{"line":286,"column":14},"end":{"line":294,"column":15}},"type":"if","locations":[{"start":{"line":286,"column":14},"end":{"line":294,"column":15}}]},"15":{"loc":{"start":{"line":300,"column":12},"end":{"line":306,"column":13}},"type":"if","locations":[{"start":{"line":300,"column":12},"end":{"line":306,"column":13}},{"start":{"line":303,"column":19},"end":{"line":306,"column":13}}]},"16":{"loc":{"start":{"line":311,"column":37},"end":{"line":311,"column":67}},"type":"binary-expr","locations":[{"start":{"line":311,"column":37},"end":{"line":311,"column":62}},{"start":{"line":311,"column":66},"end":{"line":311,"column":67}}]}},"s":{"0":1,"1":1,"2":1,"3":1,"4":1,"5":0,"6":0,"7":0,"8":1,"9":1,"10":0,"11":0,"12":0,"13":0,"14":0,"15":0,"16":0,"17":0,"18":0,"19":0,"20":0,"21":0,"22":0,"23":0,"24":0,"25":0,"26":0,"27":0,"28":0,"29":0,"30":0,"31":0,"32":0,"33":0,"34":0,"35":0,"36":0,"37":0,"38":0,"39":0,"40":0,"41":0,"42":0,"43":0,"44":0,"45":0,"46":1,"47":0,"48":0,"49":0,"50":0,"51":0,"52":0,"53":0,"54":0,"55":0,"56":0,"57":0,"58":0,"59":0,"60":0,"61":0,"62":0,"63":0,"64":0,"65":0,"66":0,"67":0,"68":0,"69":0,"70":0,"71":0,"72":0,"73":0,"74":0,"75":0,"76":0,"77":0,"78":0,"79":0,"80":0,"81":0,"82":0,"83":0,"84":0,"85":0,"86":0,"87":0,"88":0,"89":0,"90":0,"91":1,"92":0,"93":0},"f":{"0":0,"1":0,"2":0,"3":0,"4":0,"5":0,"6":0,"7":0,"8":0,"9":0,"10":0,"11":0,"12":0,"13":0,"14":0},"b":{"0":[0],"1":[0],"2":[0],"3":[0,0],"4":[0],"5":[0,0],"6":[0,0],"7":[0,0],"8":[0,0],"9":[0,0],"10":[0],"11":[0],"12":[0,0],"13":[0,0],"14":[0],"15":[0,0],"16":[0,0]}},"/Users/kenr/Code/nodots-backgammon/nodots-backgammon-core/src/Move/MoveKinds/BearOff/index.ts":{"path":"/Users/kenr/Code/nodots-backgammon/nodots-backgammon-core/src/Move/MoveKinds/BearOff/index.ts","statementMap":{"0":{"start":{"line":11,"column":0},"end":{"line":11,"column":40}},"1":{"start":{"line":12,"column":0},"end":{"line":12,"column":46}},"2":{"start":{"line":14,"column":0},"end":{"line":14,"column":13}},"3":{"start":{"line":15,"column":16},"end":{"line":66,"column":null}},"4":{"start":{"line":20,"column":24},"end":{"line":22,"column":12}},"5":{"start":{"line":21,"column":13},"end":{"line":21,"column":37}},"6":{"start":{"line":23,"column":4},"end":{"line":25,"column":5}},"7":{"start":{"line":24,"column":6},"end":{"line":24,"column":null}},"8":{"start":{"line":28,"column":27},"end":{"line":28,"column":32}},"9":{"start":{"line":29,"column":4},"end":{"line":42,"column":null}},"10":{"start":{"line":30,"column":6},"end":{"line":41,"column":7}},"11":{"start":{"line":31,"column":8},"end":{"line":40,"column":null}},"12":{"start":{"line":32,"column":10},"end":{"line":39,"column":11}},"13":{"start":{"line":33,"column":24},"end":{"line":33,"column":56}},"14":{"start":{"line":35,"column":32},"end":{"line":35,"column":52}},"15":{"start":{"line":36,"column":12},"end":{"line":38,"column":13}},"16":{"start":{"line":37,"column":14},"end":{"line":37,"column":null}},"17":{"start":{"line":43,"column":4},"end":{"line":45,"column":5}},"18":{"start":{"line":44,"column":6},"end":{"line":44,"column":null}},"19":{"start":{"line":48,"column":25},"end":{"line":48,"column":26}},"20":{"start":{"line":49,"column":4},"end":{"line":57,"column":null}},"21":{"start":{"line":50,"column":6},"end":{"line":56,"column":7}},"22":{"start":{"line":51,"column":8},"end":{"line":55,"column":null}},"23":{"start":{"line":52,"column":10},"end":{"line":54,"column":11}},"24":{"start":{"line":53,"column":12},"end":{"line":53,"column":null}},"25":{"start":{"line":58,"column":4},"end":{"line":60,"column":5}},"26":{"start":{"line":59,"column":6},"end":{"line":59,"column":null}},"27":{"start":{"line":62,"column":4},"end":{"line":65,"column":null}},"28":{"start":{"line":68,"column":16},"end":{"line":165,"column":null}},"29":{"start":{"line":72,"column":19},"end":{"line":74,"column":null}},"30":{"start":{"line":76,"column":22},"end":{"line":76,"column":38}},"31":{"start":{"line":77,"column":25},"end":{"line":77,"column":29}},"32":{"start":{"line":80,"column":4},"end":{"line":82,"column":5}},"33":{"start":{"line":81,"column":6},"end":{"line":81,"column":null}},"34":{"start":{"line":85,"column":19},"end":{"line":85,"column":30}},"35":{"start":{"line":86,"column":4},"end":{"line":88,"column":5}},"36":{"start":{"line":87,"column":6},"end":{"line":87,"column":null}},"37":{"start":{"line":89,"column":4},"end":{"line":91,"column":5}},"38":{"start":{"line":90,"column":6},"end":{"line":90,"column":null}},"39":{"start":{"line":94,"column":22},"end":{"line":94,"column":56}},"40":{"start":{"line":95,"column":4},"end":{"line":97,"column":5}},"41":{"start":{"line":95,"column":31},"end":{"line":95,"column":49}},"42":{"start":{"line":96,"column":6},"end":{"line":96,"column":null}},"43":{"start":{"line":100,"column":33},"end":{"line":109,"column":11}},"44":{"start":{"line":102,"column":15},"end":{"line":102,"column":76}},"45":{"start":{"line":105,"column":8},"end":{"line":107,"column":9}},"46":{"start":{"line":106,"column":10},"end":{"line":106,"column":null}},"47":{"start":{"line":108,"column":8},"end":{"line":108,"column":null}},"48":{"start":{"line":111,"column":4},"end":{"line":113,"column":5}},"49":{"start":{"line":112,"column":6},"end":{"line":112,"column":null}},"50":{"start":{"line":119,"column":4},"end":{"line":148,"column":5}},"51":{"start":{"line":120,"column":26},"end":{"line":120,"column":51}},"52":{"start":{"line":122,"column":6},"end":{"line":122,"column":null}},"53":{"start":{"line":125,"column":6},"end":{"line":147,"column":7}},"54":{"start":{"line":126,"column":35},"end":{"line":130,"column":null}},"55":{"start":{"line":128,"column":13},"end":{"line":130,"column":60}},"56":{"start":{"line":130,"column":35},"end":{"line":130,"column":59}},"57":{"start":{"line":132,"column":8},"end":{"line":146,"column":9}},"58":{"start":{"line":133,"column":10},"end":{"line":142,"column":null}},"59":{"start":{"line":143,"column":10},"end":{"line":145,"column":null}},"60":{"start":{"line":151,"column":24},"end":{"line":151,"column":44}},"61":{"start":{"line":152,"column":4},"end":{"line":152,"column":null}},"62":{"start":{"line":153,"column":4},"end":{"line":153,"column":null}},"63":{"start":{"line":153,"column":16},"end":{"line":153,"column":null}},"64":{"start":{"line":155,"column":4},"end":{"line":164,"column":null}}},"fnMap":{"0":{"name":"isABearOff","decl":{"start":{"line":15,"column":31},"end":{"line":15,"column":41}},"loc":{"start":{"line":17,"column":59},"end":{"line":66,"column":3}}},"1":{"name":"(anonymous_1)","decl":{"start":{"line":21,"column":6},"end":{"line":21,"column":7}},"loc":{"start":{"line":21,"column":13},"end":{"line":21,"column":37}}},"2":{"name":"(anonymous_2)","decl":{"start":{"line":29,"column":25},"end":{"line":29,"column":26}},"loc":{"start":{"line":29,"column":35},"end":{"line":42,"column":5}}},"3":{"name":"(anonymous_3)","decl":{"start":{"line":31,"column":31},"end":{"line":31,"column":32}},"loc":{"start":{"line":31,"column":43},"end":{"line":40,"column":9}}},"4":{"name":"(anonymous_4)","decl":{"start":{"line":49,"column":25},"end":{"line":49,"column":26}},"loc":{"start":{"line":49,"column":35},"end":{"line":57,"column":5}}},"5":{"name":"(anonymous_5)","decl":{"start":{"line":51,"column":31},"end":{"line":51,"column":32}},"loc":{"start":{"line":51,"column":43},"end":{"line":55,"column":9}}},"6":{"name":"bearOff","decl":{"start":{"line":68,"column":32},"end":{"line":68,"column":39}},"loc":{"start":{"line":70,"column":29},"end":{"line":165,"column":3}}},"7":{"name":"(anonymous_7)","decl":{"start":{"line":95,"column":24},"end":{"line":95,"column":25}},"loc":{"start":{"line":95,"column":31},"end":{"line":95,"column":49}}},"8":{"name":"(anonymous_8)","decl":{"start":{"line":102,"column":8},"end":{"line":102,"column":9}},"loc":{"start":{"line":102,"column":15},"end":{"line":102,"column":76}}},"9":{"name":"(anonymous_9)","decl":{"start":{"line":104,"column":12},"end":{"line":104,"column":13}},"loc":{"start":{"line":104,"column":21},"end":{"line":109,"column":7}}},"10":{"name":"(anonymous_10)","decl":{"start":{"line":127,"column":10},"end":{"line":127,"column":11}},"loc":{"start":{"line":128,"column":13},"end":{"line":130,"column":60}}},"11":{"name":"(anonymous_11)","decl":{"start":{"line":130,"column":28},"end":{"line":130,"column":29}},"loc":{"start":{"line":130,"column":35},"end":{"line":130,"column":59}}}},"branchMap":{"0":{"loc":{"start":{"line":23,"column":4},"end":{"line":25,"column":5}},"type":"if","locations":[{"start":{"line":23,"column":4},"end":{"line":25,"column":5}}]},"1":{"loc":{"start":{"line":30,"column":6},"end":{"line":41,"column":7}},"type":"if","locations":[{"start":{"line":30,"column":6},"end":{"line":41,"column":7}}]},"2":{"loc":{"start":{"line":32,"column":10},"end":{"line":39,"column":11}},"type":"if","locations":[{"start":{"line":32,"column":10},"end":{"line":39,"column":11}}]},"3":{"loc":{"start":{"line":35,"column":32},"end":{"line":35,"column":52}},"type":"binary-expr","locations":[{"start":{"line":35,"column":32},"end":{"line":35,"column":40}},{"start":{"line":35,"column":44},"end":{"line":35,"column":52}}]},"4":{"loc":{"start":{"line":36,"column":12},"end":{"line":38,"column":13}},"type":"if","locations":[{"start":{"line":36,"column":12},"end":{"line":38,"column":13}}]},"5":{"loc":{"start":{"line":43,"column":4},"end":{"line":45,"column":5}},"type":"if","locations":[{"start":{"line":43,"column":4},"end":{"line":45,"column":5}}]},"6":{"loc":{"start":{"line":50,"column":6},"end":{"line":56,"column":7}},"type":"if","locations":[{"start":{"line":50,"column":6},"end":{"line":56,"column":7}}]},"7":{"loc":{"start":{"line":52,"column":10},"end":{"line":54,"column":11}},"type":"if","locations":[{"start":{"line":52,"column":10},"end":{"line":54,"column":11}}]},"8":{"loc":{"start":{"line":58,"column":4},"end":{"line":60,"column":5}},"type":"if","locations":[{"start":{"line":58,"column":4},"end":{"line":60,"column":5}}]},"9":{"loc":{"start":{"line":80,"column":4},"end":{"line":82,"column":5}},"type":"if","locations":[{"start":{"line":80,"column":4},"end":{"line":82,"column":5}}]},"10":{"loc":{"start":{"line":86,"column":4},"end":{"line":88,"column":5}},"type":"if","locations":[{"start":{"line":86,"column":4},"end":{"line":88,"column":5}}]},"11":{"loc":{"start":{"line":86,"column":8},"end":{"line":86,"column":47}},"type":"binary-expr","locations":[{"start":{"line":86,"column":8},"end":{"line":86,"column":15}},{"start":{"line":86,"column":19},"end":{"line":86,"column":47}}]},"12":{"loc":{"start":{"line":89,"column":4},"end":{"line":91,"column":5}},"type":"if","locations":[{"start":{"line":89,"column":4},"end":{"line":91,"column":5}}]},"13":{"loc":{"start":{"line":95,"column":4},"end":{"line":97,"column":5}},"type":"if","locations":[{"start":{"line":95,"column":4},"end":{"line":97,"column":5}}]},"14":{"loc":{"start":{"line":102,"column":15},"end":{"line":102,"column":76}},"type":"binary-expr","locations":[{"start":{"line":102,"column":15},"end":{"line":102,"column":36}},{"start":{"line":102,"column":40},"end":{"line":102,"column":76}}]},"15":{"loc":{"start":{"line":105,"column":8},"end":{"line":107,"column":9}},"type":"if","locations":[{"start":{"line":105,"column":8},"end":{"line":107,"column":9}}]},"16":{"loc":{"start":{"line":105,"column":12},"end":{"line":105,"column":52}},"type":"binary-expr","locations":[{"start":{"line":105,"column":12},"end":{"line":105,"column":30}},{"start":{"line":105,"column":34},"end":{"line":105,"column":52}}]},"17":{"loc":{"start":{"line":111,"column":4},"end":{"line":113,"column":5}},"type":"if","locations":[{"start":{"line":111,"column":4},"end":{"line":113,"column":5}}]},"18":{"loc":{"start":{"line":111,"column":8},"end":{"line":111,"column":70}},"type":"binary-expr","locations":[{"start":{"line":111,"column":8},"end":{"line":111,"column":29}},{"start":{"line":111,"column":33},"end":{"line":111,"column":70}}]},"19":{"loc":{"start":{"line":119,"column":4},"end":{"line":148,"column":5}},"type":"if","locations":[{"start":{"line":119,"column":4},"end":{"line":148,"column":5}}]},"20":{"loc":{"start":{"line":125,"column":6},"end":{"line":147,"column":7}},"type":"if","locations":[{"start":{"line":125,"column":6},"end":{"line":147,"column":7}}]},"21":{"loc":{"start":{"line":128,"column":13},"end":{"line":130,"column":60}},"type":"binary-expr","locations":[{"start":{"line":128,"column":13},"end":{"line":129,"column":45}},{"start":{"line":130,"column":12},"end":{"line":130,"column":60}}]},"22":{"loc":{"start":{"line":132,"column":8},"end":{"line":146,"column":9}},"type":"if","locations":[{"start":{"line":132,"column":8},"end":{"line":146,"column":9}}]},"23":{"loc":{"start":{"line":153,"column":4},"end":{"line":153,"column":null}},"type":"if","locations":[{"start":{"line":153,"column":4},"end":{"line":153,"column":null}}]}},"s":{"0":1,"1":1,"2":1,"3":1,"4":0,"5":0,"6":0,"7":0,"8":0,"9":0,"10":0,"11":0,"12":0,"13":0,"14":0,"15":0,"16":0,"17":0,"18":0,"19":0,"20":0,"21":0,"22":0,"23":0,"24":0,"25":0,"26":0,"27":0,"28":1,"29":0,"30":0,"31":0,"32":0,"33":0,"34":0,"35":0,"36":0,"37":0,"38":0,"39":0,"40":0,"41":0,"42":0,"43":0,"44":0,"45":0,"46":0,"47":0,"48":0,"49":0,"50":0,"51":0,"52":0,"53":0,"54":0,"55":0,"56":0,"57":0,"58":0,"59":0,"60":0,"61":0,"62":0,"63":0,"64":0},"f":{"0":0,"1":0,"2":0,"3":0,"4":0,"5":0,"6":0,"7":0,"8":0,"9":0,"10":0,"11":0},"b":{"0":[0],"1":[0],"2":[0],"3":[0,0],"4":[0],"5":[0],"6":[0],"7":[0],"8":[0],"9":[0],"10":[0],"11":[0,0],"12":[0],"13":[0],"14":[0,0],"15":[0],"16":[0,0],"17":[0],"18":[0,0],"19":[0],"20":[0],"21":[0,0],"22":[0],"23":[0]}},"/Users/kenr/Code/nodots-backgammon/nodots-backgammon-core/src/Move/index.ts":{"path":"/Users/kenr/Code/nodots-backgammon/nodots-backgammon-core/src/Move/index.ts","statementMap":{"0":{"start":{"line":28,"column":0},"end":{"line":28,"column":31}},"1":{"start":{"line":29,"column":0},"end":{"line":29,"column":45}},"2":{"start":{"line":30,"column":0},"end":{"line":30,"column":55}},"3":{"start":{"line":31,"column":0},"end":{"line":31,"column":45}},"4":{"start":{"line":51,"column":2},"end":{"line":51,"column":null}},"5":{"start":{"line":52,"column":2},"end":{"line":52,"column":null}},"6":{"start":{"line":53,"column":2},"end":{"line":53,"column":null}},"7":{"start":{"line":46,"column":0},"end":{"line":46,"column":13}},"8":{"start":{"line":62,"column":16},"end":{"line":62,"column":30}},"9":{"start":{"line":67,"column":4},"end":{"line":272,"column":5}},"10":{"start":{"line":69,"column":19},"end":{"line":69,"column":43}},"11":{"start":{"line":70,"column":6},"end":{"line":75,"column":7}},"12":{"start":{"line":71,"column":8},"end":{"line":74,"column":null}},"13":{"start":{"line":77,"column":6},"end":{"line":82,"column":null}},"14":{"start":{"line":85,"column":6},"end":{"line":94,"column":7}},"15":{"start":{"line":90,"column":8},"end":{"line":93,"column":null}},"16":{"start":{"line":97,"column":26},"end":{"line":97,"column":72}},"17":{"start":{"line":98,"column":6},"end":{"line":103,"column":7}},"18":{"start":{"line":99,"column":8},"end":{"line":102,"column":null}},"19":{"start":{"line":105,"column":37},"end":{"line":105,"column":48}},"20":{"start":{"line":106,"column":6},"end":{"line":112,"column":null}},"21":{"start":{"line":115,"column":6},"end":{"line":120,"column":7}},"22":{"start":{"line":116,"column":8},"end":{"line":119,"column":null}},"23":{"start":{"line":123,"column":6},"end":{"line":128,"column":7}},"24":{"start":{"line":124,"column":8},"end":{"line":127,"column":null}},"25":{"start":{"line":130,"column":6},"end":{"line":133,"column":null}},"26":{"start":{"line":135,"column":52},"end":{"line":135,"column":54}},"27":{"start":{"line":136,"column":25},"end":{"line":136,"column":67}},"28":{"start":{"line":138,"column":6},"end":{"line":147,"column":null}},"29":{"start":{"line":140,"column":38},"end":{"line":146,"column":10}},"30":{"start":{"line":150,"column":6},"end":{"line":201,"column":7}},"31":{"start":{"line":151,"column":8},"end":{"line":200,"column":9}},"32":{"start":{"line":152,"column":10},"end":{"line":165,"column":null}},"33":{"start":{"line":155,"column":59},"end":{"line":164,"column":14}},"34":{"start":{"line":168,"column":40},"end":{"line":186,"column":null}},"35":{"start":{"line":171,"column":30},"end":{"line":171,"column":69}},"36":{"start":{"line":172,"column":14},"end":{"line":184,"column":null}},"37":{"start":{"line":185,"column":14},"end":{"line":185,"column":null}},"38":{"start":{"line":189,"column":10},"end":{"line":192,"column":null}},"39":{"start":{"line":194,"column":10},"end":{"line":199,"column":11}},"40":{"start":{"line":195,"column":12},"end":{"line":198,"column":null}},"41":{"start":{"line":203,"column":6},"end":{"line":206,"column":null}},"42":{"start":{"line":208,"column":6},"end":{"line":214,"column":7}},"43":{"start":{"line":209,"column":8},"end":{"line":213,"column":null}},"44":{"start":{"line":217,"column":6},"end":{"line":232,"column":7}},"45":{"start":{"line":218,"column":30},"end":{"line":218,"column":47}},"46":{"start":{"line":219,"column":29},"end":{"line":219,"column":59}},"47":{"start":{"line":221,"column":8},"end":{"line":229,"column":null}},"48":{"start":{"line":231,"column":8},"end":{"line":231,"column":null}},"49":{"start":{"line":236,"column":27},"end":{"line":237,"column":null}},"50":{"start":{"line":237,"column":15},"end":{"line":237,"column":43}},"51":{"start":{"line":240,"column":6},"end":{"line":266,"column":7}},"52":{"start":{"line":242,"column":30},"end":{"line":242,"column":47}},"53":{"start":{"line":243,"column":29},"end":{"line":243,"column":59}},"54":{"start":{"line":245,"column":8},"end":{"line":253,"column":null}},"55":{"start":{"line":257,"column":8},"end":{"line":257,"column":null}},"56":{"start":{"line":260,"column":8},"end":{"line":265,"column":null}},"57":{"start":{"line":268,"column":6},"end":{"line":271,"column":null}},"58":{"start":{"line":278,"column":17},"end":{"line":278,"column":36}},"59":{"start":{"line":282,"column":4},"end":{"line":484,"column":5}},"60":{"start":{"line":284,"column":23},"end":{"line":284,"column":41}},"61":{"start":{"line":286,"column":6},"end":{"line":290,"column":null}},"62":{"start":{"line":293,"column":6},"end":{"line":296,"column":7}},"63":{"start":{"line":294,"column":8},"end":{"line":294,"column":null}},"64":{"start":{"line":295,"column":8},"end":{"line":295,"column":null}},"65":{"start":{"line":298,"column":24},"end":{"line":298,"column":28}},"66":{"start":{"line":301,"column":37},"end":{"line":389,"column":7}},"67":{"start":{"line":304,"column":8},"end":{"line":388,"column":9}},"68":{"start":{"line":306,"column":12},"end":{"line":308,"column":null}},"69":{"start":{"line":309,"column":12},"end":{"line":337,"column":13}},"70":{"start":{"line":311,"column":36},"end":{"line":312,"column":null}},"71":{"start":{"line":314,"column":14},"end":{"line":316,"column":null}},"72":{"start":{"line":319,"column":33},"end":{"line":319,"column":61}},"73":{"start":{"line":320,"column":14},"end":{"line":323,"column":null}},"74":{"start":{"line":324,"column":14},"end":{"line":324,"column":null}},"75":{"start":{"line":327,"column":16},"end":{"line":329,"column":35}},"76":{"start":{"line":330,"column":14},"end":{"line":333,"column":null}},"77":{"start":{"line":334,"column":14},"end":{"line":336,"column":null}},"78":{"start":{"line":341,"column":12},"end":{"line":343,"column":null}},"79":{"start":{"line":344,"column":12},"end":{"line":366,"column":13}},"80":{"start":{"line":346,"column":33},"end":{"line":347,"column":null}},"81":{"start":{"line":349,"column":14},"end":{"line":352,"column":null}},"82":{"start":{"line":353,"column":14},"end":{"line":353,"column":null}},"83":{"start":{"line":356,"column":16},"end":{"line":358,"column":35}},"84":{"start":{"line":359,"column":14},"end":{"line":362,"column":null}},"85":{"start":{"line":363,"column":14},"end":{"line":365,"column":null}},"86":{"start":{"line":370,"column":12},"end":{"line":372,"column":null}},"87":{"start":{"line":374,"column":12},"end":{"line":374,"column":null}},"88":{"start":{"line":378,"column":12},"end":{"line":381,"column":null}},"89":{"start":{"line":382,"column":12},"end":{"line":386,"column":null}},"90":{"start":{"line":391,"column":6},"end":{"line":391,"column":null}},"91":{"start":{"line":394,"column":6},"end":{"line":400,"column":7}},"92":{"start":{"line":395,"column":8},"end":{"line":398,"column":null}},"93":{"start":{"line":399,"column":8},"end":{"line":399,"column":null}},"94":{"start":{"line":403,"column":6},"end":{"line":406,"column":null}},"95":{"start":{"line":408,"column":6},"end":{"line":472,"column":7}},"96":{"start":{"line":411,"column":8},"end":{"line":452,"column":9}},"97":{"start":{"line":412,"column":28},"end":{"line":412,"column":46}},"98":{"start":{"line":413,"column":39},"end":{"line":415,"column":null}},"99":{"start":{"line":417,"column":45},"end":{"line":418,"column":null}},"100":{"start":{"line":418,"column":30},"end":{"line":418,"column":78}},"101":{"start":{"line":421,"column":10},"end":{"line":440,"column":11}},"102":{"start":{"line":422,"column":12},"end":{"line":432,"column":null}},"103":{"start":{"line":428,"column":30},"end":{"line":428,"column":37}},"104":{"start":{"line":435,"column":12},"end":{"line":439,"column":null}},"105":{"start":{"line":442,"column":10},"end":{"line":445,"column":null}},"106":{"start":{"line":447,"column":10},"end":{"line":451,"column":null}},"107":{"start":{"line":454,"column":26},"end":{"line":454,"column":65}},"108":{"start":{"line":455,"column":8},"end":{"line":455,"column":null}},"109":{"start":{"line":457,"column":8},"end":{"line":457,"column":null}},"110":{"start":{"line":458,"column":8},"end":{"line":461,"column":null}},"111":{"start":{"line":463,"column":8},"end":{"line":466,"column":null}},"112":{"start":{"line":467,"column":8},"end":{"line":471,"column":null}},"113":{"start":{"line":475,"column":6},"end":{"line":478,"column":null}},"114":{"start":{"line":479,"column":6},"end":{"line":483,"column":null}},"115":{"start":{"line":490,"column":17},"end":{"line":490,"column":38}},"116":{"start":{"line":498,"column":4},"end":{"line":503,"column":5}},"117":{"start":{"line":499,"column":22},"end":{"line":499,"column":68}},"118":{"start":{"line":499,"column":49},"end":{"line":499,"column":67}},"119":{"start":{"line":500,"column":6},"end":{"line":502,"column":7}},"120":{"start":{"line":501,"column":8},"end":{"line":501,"column":null}},"121":{"start":{"line":506,"column":25},"end":{"line":507,"column":null}},"122":{"start":{"line":507,"column":13},"end":{"line":507,"column":31}},"123":{"start":{"line":509,"column":4},"end":{"line":511,"column":5}},"124":{"start":{"line":510,"column":6},"end":{"line":510,"column":null}},"125":{"start":{"line":513,"column":32},"end":{"line":514,"column":null}},"126":{"start":{"line":514,"column":13},"end":{"line":514,"column":31}},"127":{"start":{"line":516,"column":4},"end":{"line":521,"column":5}},"128":{"start":{"line":517,"column":6},"end":{"line":520,"column":null}},"129":{"start":{"line":524,"column":25},"end":{"line":525,"column":null}},"130":{"start":{"line":525,"column":13},"end":{"line":525,"column":31}},"131":{"start":{"line":527,"column":4},"end":{"line":529,"column":5}},"132":{"start":{"line":528,"column":6},"end":{"line":528,"column":null}},"133":{"start":{"line":531,"column":32},"end":{"line":532,"column":null}},"134":{"start":{"line":532,"column":13},"end":{"line":532,"column":31}},"135":{"start":{"line":534,"column":4},"end":{"line":539,"column":5}},"136":{"start":{"line":535,"column":6},"end":{"line":538,"column":null}},"137":{"start":{"line":541,"column":4},"end":{"line":541,"column":null}},"138":{"start":{"line":547,"column":17},"end":{"line":547,"column":null}},"139":{"start":{"line":553,"column":38},"end":{"line":553,"column":42}},"140":{"start":{"line":554,"column":51},"end":{"line":554,"column":53}},"141":{"start":{"line":557,"column":28},"end":{"line":559,"column":null}},"142":{"start":{"line":563,"column":6},"end":{"line":584,"column":7}},"143":{"start":{"line":564,"column":25},"end":{"line":568,"column":null}},"144":{"start":{"line":571,"column":8},"end":{"line":583,"column":9}},"145":{"start":{"line":573,"column":29},"end":{"line":573,"column":59}},"146":{"start":{"line":574,"column":10},"end":{"line":582,"column":null}},"147":{"start":{"line":586,"column":6},"end":{"line":586,"column":null}},"148":{"start":{"line":592,"column":17},"end":{"line":592,"column":36}},"149":{"start":{"line":596,"column":4},"end":{"line":598,"column":5}},"150":{"start":{"line":597,"column":6},"end":{"line":597,"column":null}},"151":{"start":{"line":601,"column":49},"end":{"line":601,"column":51}},"152":{"start":{"line":602,"column":25},"end":{"line":602,"column":41}},"153":{"start":{"line":605,"column":4},"end":{"line":611,"column":5}},"154":{"start":{"line":607,"column":6},"end":{"line":607,"column":null}},"155":{"start":{"line":610,"column":6},"end":{"line":610,"column":null}},"156":{"start":{"line":614,"column":4},"end":{"line":616,"column":5}},"157":{"start":{"line":615,"column":6},"end":{"line":615,"column":null}},"158":{"start":{"line":619,"column":4},"end":{"line":621,"column":5}},"159":{"start":{"line":620,"column":6},"end":{"line":620,"column":null}},"160":{"start":{"line":624,"column":47},"end":{"line":624,"column":49}},"161":{"start":{"line":625,"column":23},"end":{"line":625,"column":51}},"162":{"start":{"line":627,"column":4},"end":{"line":647,"column":5}},"163":{"start":{"line":629,"column":6},"end":{"line":646,"column":7}},"164":{"start":{"line":635,"column":25},"end":{"line":635,"column":71}},"165":{"start":{"line":636,"column":25},"end":{"line":636,"column":47}},"166":{"start":{"line":638,"column":10},"end":{"line":638,"column":74}},"167":{"start":{"line":643,"column":8},"end":{"line":645,"column":9}},"168":{"start":{"line":644,"column":10},"end":{"line":644,"column":null}},"169":{"start":{"line":650,"column":24},"end":{"line":650,"column":43}},"170":{"start":{"line":651,"column":4},"end":{"line":656,"column":5}},"171":{"start":{"line":652,"column":20},"end":{"line":652,"column":54}},"172":{"start":{"line":653,"column":6},"end":{"line":655,"column":7}},"173":{"start":{"line":654,"column":8},"end":{"line":654,"column":null}},"174":{"start":{"line":657,"column":4},"end":{"line":657,"column":null}},"175":{"start":{"line":663,"column":17},"end":{"line":663,"column":37}},"176":{"start":{"line":670,"column":4},"end":{"line":672,"column":5}},"177":{"start":{"line":671,"column":6},"end":{"line":671,"column":null}},"178":{"start":{"line":675,"column":4},"end":{"line":680,"column":5}},"179":{"start":{"line":679,"column":6},"end":{"line":679,"column":null}},"180":{"start":{"line":683,"column":4},"end":{"line":685,"column":5}},"181":{"start":{"line":684,"column":6},"end":{"line":684,"column":null}},"182":{"start":{"line":687,"column":4},"end":{"line":687,"column":null}},"183":{"start":{"line":693,"column":17},"end":{"line":693,"column":30}},"184":{"start":{"line":700,"column":6},"end":{"line":702,"column":34}},"185":{"start":{"line":706,"column":6},"end":{"line":708,"column":41}},"186":{"start":{"line":710,"column":4},"end":{"line":712,"column":5}},"187":{"start":{"line":711,"column":6},"end":{"line":711,"column":null}},"188":{"start":{"line":715,"column":4},"end":{"line":729,"column":5}},"189":{"start":{"line":717,"column":8},"end":{"line":719,"column":48}},"190":{"start":{"line":722,"column":6},"end":{"line":728,"column":7}},"191":{"start":{"line":723,"column":8},"end":{"line":727,"column":9}},"192":{"start":{"line":724,"column":10},"end":{"line":726,"column":11}},"193":{"start":{"line":725,"column":12},"end":{"line":725,"column":null}},"194":{"start":{"line":732,"column":24},"end":{"line":732,"column":60}},"195":{"start":{"line":733,"column":4},"end":{"line":737,"column":5}},"196":{"start":{"line":734,"column":6},"end":{"line":736,"column":7}},"197":{"start":{"line":735,"column":8},"end":{"line":735,"column":null}},"198":{"start":{"line":739,"column":4},"end":{"line":739,"column":null}},"199":{"start":{"line":742,"column":16},"end":{"line":742,"column":29}},"200":{"start":{"line":746,"column":15},"end":{"line":746,"column":47}},"201":{"start":{"line":747,"column":22},"end":{"line":747,"column":63}},"202":{"start":{"line":748,"column":4},"end":{"line":753,"column":null}},"203":{"start":{"line":757,"column":16},"end":{"line":757,"column":30}},"204":{"start":{"line":761,"column":4},"end":{"line":761,"column":null}},"205":{"start":{"line":761,"column":35},"end":{"line":761,"column":null}},"206":{"start":{"line":762,"column":4},"end":{"line":763,"column":null}},"207":{"start":{"line":763,"column":6},"end":{"line":763,"column":null}},"208":{"start":{"line":764,"column":4},"end":{"line":765,"column":null}},"209":{"start":{"line":765,"column":6},"end":{"line":765,"column":null}},"210":{"start":{"line":766,"column":4},"end":{"line":767,"column":null}},"211":{"start":{"line":767,"column":6},"end":{"line":767,"column":null}},"212":{"start":{"line":768,"column":4},"end":{"line":768,"column":null}},"213":{"start":{"line":771,"column":16},"end":{"line":771,"column":23}},"214":{"start":{"line":775,"column":25},"end":{"line":775,"column":29}},"215":{"start":{"line":776,"column":23},"end":{"line":776,"column":27}},"216":{"start":{"line":777,"column":4},"end":{"line":777,"column":null}},"217":{"start":{"line":777,"column":17},"end":{"line":777,"column":null}},"218":{"start":{"line":778,"column":4},"end":{"line":779,"column":null}},"219":{"start":{"line":779,"column":6},"end":{"line":779,"column":null}},"220":{"start":{"line":781,"column":4},"end":{"line":801,"column":5}},"221":{"start":{"line":783,"column":8},"end":{"line":783,"column":null}},"222":{"start":{"line":785,"column":8},"end":{"line":785,"column":null}},"223":{"start":{"line":787,"column":8},"end":{"line":787,"column":null}},"224":{"start":{"line":790,"column":8},"end":{"line":800,"column":null}},"225":{"start":{"line":804,"column":16},"end":{"line":804,"column":30}},"226":{"start":{"line":807,"column":4},"end":{"line":815,"column":5}},"227":{"start":{"line":808,"column":6},"end":{"line":814,"column":null}},"228":{"start":{"line":817,"column":4},"end":{"line":824,"column":null}}},"fnMap":{"0":{"name":"(anonymous_16)","decl":{"start":{"line":46,"column":0},"end":{"line":46,"column":13}},"loc":{"start":{"line":46,"column":0},"end":{"line":826,"column":1}}},"1":{"name":"moveChecker","decl":{"start":{"line":62,"column":45},"end":{"line":62,"column":56}},"loc":{"start":{"line":65,"column":34},"end":{"line":62,"column":30}}},"2":{"name":"(anonymous_19)","decl":{"start":{"line":140,"column":30},"end":{"line":140,"column":31}},"loc":{"start":{"line":140,"column":38},"end":{"line":146,"column":10}}},"3":{"name":"(anonymous_20)","decl":{"start":{"line":155,"column":50},"end":{"line":155,"column":51}},"loc":{"start":{"line":155,"column":59},"end":{"line":164,"column":14}}},"4":{"name":"(anonymous_21)","decl":{"start":{"line":169,"column":12},"end":{"line":169,"column":13}},"loc":{"start":{"line":169,"column":29},"end":{"line":186,"column":13}}},"5":{"name":"(anonymous_22)","decl":{"start":{"line":237,"column":8},"end":{"line":237,"column":9}},"loc":{"start":{"line":237,"column":15},"end":{"line":237,"column":43}}},"6":{"name":"executeRobotMove","decl":{"start":{"line":278,"column":51},"end":{"line":278,"column":67}},"loc":{"start":{"line":280,"column":20},"end":{"line":278,"column":36}}},"7":{"name":"(anonymous_25)","decl":{"start":{"line":284,"column":23},"end":{"line":284,"column":36}},"loc":{"start":{"line":284,"column":23},"end":{"line":284,"column":41}}},"8":{"name":"(anonymous_26)","decl":{"start":{"line":301,"column":37},"end":{"line":301,"column":null}},"loc":{"start":{"line":303,"column":32},"end":{"line":389,"column":7}}},"9":{"name":"(anonymous_27)","decl":{"start":{"line":412,"column":28},"end":{"line":412,"column":41}},"loc":{"start":{"line":412,"column":28},"end":{"line":412,"column":46}}},"10":{"name":"(anonymous_28)","decl":{"start":{"line":418,"column":12},"end":{"line":418,"column":13}},"loc":{"start":{"line":418,"column":30},"end":{"line":418,"column":78}}},"11":{"name":"(anonymous_29)","decl":{"start":{"line":428,"column":18},"end":{"line":428,"column":19}},"loc":{"start":{"line":428,"column":30},"end":{"line":428,"column":37}}},"12":{"name":"findCheckerInBoard","decl":{"start":{"line":490,"column":47},"end":{"line":490,"column":65}},"loc":{"start":{"line":492,"column":21},"end":{"line":542,"column":null}}},"13":{"name":"(anonymous_31)","decl":{"start":{"line":499,"column":42},"end":{"line":499,"column":43}},"loc":{"start":{"line":499,"column":49},"end":{"line":499,"column":67}}},"14":{"name":"(anonymous_32)","decl":{"start":{"line":507,"column":6},"end":{"line":507,"column":7}},"loc":{"start":{"line":507,"column":13},"end":{"line":507,"column":31}}},"15":{"name":"(anonymous_33)","decl":{"start":{"line":514,"column":6},"end":{"line":514,"column":7}},"loc":{"start":{"line":514,"column":13},"end":{"line":514,"column":31}}},"16":{"name":"(anonymous_34)","decl":{"start":{"line":525,"column":6},"end":{"line":525,"column":7}},"loc":{"start":{"line":525,"column":13},"end":{"line":525,"column":31}}},"17":{"name":"(anonymous_35)","decl":{"start":{"line":532,"column":6},"end":{"line":532,"column":7}},"loc":{"start":{"line":532,"column":13},"end":{"line":532,"column":31}}},"18":{"name":"getPossibleMovesForChecker","decl":{"start":{"line":548,"column":13},"end":{"line":548,"column":39}},"loc":{"start":{"line":551,"column":40},"end":{"line":587,"column":null}}},"19":{"name":"getAvailableDice","decl":{"start":{"line":592,"column":45},"end":{"line":592,"column":61}},"loc":{"start":{"line":594,"column":31},"end":{"line":658,"column":null}}},"20":{"name":"determineMoveKind","decl":{"start":{"line":663,"column":46},"end":{"line":663,"column":63}},"loc":{"start":{"line":667,"column":32},"end":{"line":688,"column":null}}},"21":{"name":"canBearOff","decl":{"start":{"line":693,"column":39},"end":{"line":693,"column":49}},"loc":{"start":{"line":696,"column":26},"end":{"line":740,"column":null}}},"22":{"name":"initializeMove","decl":{"start":{"line":742,"column":38},"end":{"line":742,"column":52}},"loc":{"start":{"line":745,"column":14},"end":{"line":754,"column":null}}},"23":{"name":"isPointOpen","decl":{"start":{"line":757,"column":39},"end":{"line":757,"column":50}},"loc":{"start":{"line":759,"column":59},"end":{"line":769,"column":null}}},"24":{"name":"move","decl":{"start":{"line":771,"column":32},"end":{"line":771,"column":36}},"loc":{"start":{"line":773,"column":29},"end":{"line":802,"column":null}}},"25":{"name":"confirmMove","decl":{"start":{"line":804,"column":39},"end":{"line":804,"column":50}},"loc":{"start":{"line":805,"column":34},"end":{"line":825,"column":null}}}},"branchMap":{"0":{"loc":{"start":{"line":70,"column":6},"end":{"line":75,"column":7}},"type":"if","locations":[{"start":{"line":70,"column":6},"end":{"line":75,"column":7}}]},"1":{"loc":{"start":{"line":85,"column":6},"end":{"line":94,"column":7}},"type":"if","locations":[{"start":{"line":85,"column":6},"end":{"line":94,"column":7}}]},"2":{"loc":{"start":{"line":86,"column":8},"end":{"line":88,"column":35}},"type":"binary-expr","locations":[{"start":{"line":86,"column":8},"end":{"line":86,"column":35}},{"start":{"line":87,"column":8},"end":{"line":87,"column":43}},{"start":{"line":88,"column":8},"end":{"line":88,"column":35}}]},"3":{"loc":{"start":{"line":98,"column":6},"end":{"line":103,"column":7}},"type":"if","locations":[{"start":{"line":98,"column":6},"end":{"line":103,"column":7}}]},"4":{"loc":{"start":{"line":111,"column":10},"end":{"line":111,"column":74}},"type":"cond-expr","locations":[{"start":{"line":111,"column":39},"end":{"line":111,"column":57}},{"start":{"line":111,"column":60},"end":{"line":111,"column":74}}]},"5":{"loc":{"start":{"line":115,"column":6},"end":{"line":120,"column":7}},"type":"if","locations":[{"start":{"line":115,"column":6},"end":{"line":120,"column":7}}]},"6":{"loc":{"start":{"line":123,"column":6},"end":{"line":128,"column":7}},"type":"if","locations":[{"start":{"line":123,"column":6},"end":{"line":128,"column":7}}]},"7":{"loc":{"start":{"line":123,"column":10},"end":{"line":123,"column":52}},"type":"binary-expr","locations":[{"start":{"line":123,"column":10},"end":{"line":123,"column":26}},{"start":{"line":123,"column":30},"end":{"line":123,"column":52}}]},"8":{"loc":{"start":{"line":145,"column":30},"end":{"line":145,"column":74}},"type":"cond-expr","locations":[{"start":{"line":145,"column":48},"end":{"line":145,"column":70}},{"start":{"line":145,"column":73},"end":{"line":145,"column":74}}]},"9":{"loc":{"start":{"line":151,"column":8},"end":{"line":200,"column":9}},"type":"if","locations":[{"start":{"line":151,"column":8},"end":{"line":200,"column":9}}]},"10":{"loc":{"start":{"line":151,"column":12},"end":{"line":151,"column":60}},"type":"binary-expr","locations":[{"start":{"line":151,"column":12},"end":{"line":151,"column":38}},{"start":{"line":151,"column":42},"end":{"line":151,"column":60}}]},"11":{"loc":{"start":{"line":157,"column":16},"end":{"line":159,"column":34}},"type":"cond-expr","locations":[{"start":{"line":158,"column":20},"end":{"line":158,"column":59}},{"start":{"line":159,"column":20},"end":{"line":159,"column":34}}]},"12":{"loc":{"start":{"line":161,"column":16},"end":{"line":163,"column":39}},"type":"cond-expr","locations":[{"start":{"line":162,"column":20},"end":{"line":162,"column":64}},{"start":{"line":163,"column":20},"end":{"line":163,"column":39}}]},"13":{"loc":{"start":{"line":175,"column":18},"end":{"line":177,"column":46}},"type":"cond-expr","locations":[{"start":{"line":176,"column":22},"end":{"line":176,"column":71}},{"start":{"line":177,"column":22},"end":{"line":177,"column":46}}]},"14":{"loc":{"start":{"line":180,"column":18},"end":{"line":182,"column":36}},"type":"cond-expr","locations":[{"start":{"line":181,"column":22},"end":{"line":181,"column":70}},{"start":{"line":182,"column":22},"end":{"line":182,"column":36}}]},"15":{"loc":{"start":{"line":194,"column":10},"end":{"line":199,"column":11}},"type":"if","locations":[{"start":{"line":194,"column":10},"end":{"line":199,"column":11}}]},"16":{"loc":{"start":{"line":208,"column":6},"end":{"line":214,"column":7}},"type":"if","locations":[{"start":{"line":208,"column":6},"end":{"line":214,"column":7}}]},"17":{"loc":{"start":{"line":217,"column":6},"end":{"line":232,"column":7}},"type":"if","locations":[{"start":{"line":217,"column":6},"end":{"line":232,"column":7}}]},"18":{"loc":{"start":{"line":225,"column":12},"end":{"line":227,"column":null}},"type":"cond-expr","locations":[{"start":{"line":226,"column":16},"end":{"line":226,"column":65}},{"start":{"line":227,"column":16},"end":{"line":227,"column":null}}]},"19":{"loc":{"start":{"line":240,"column":6},"end":{"line":266,"column":7}},"type":"if","locations":[{"start":{"line":240,"column":6},"end":{"line":266,"column":7}},{"start":{"line":258,"column":13},"end":{"line":266,"column":7}}]},"20":{"loc":{"start":{"line":240,"column":10},"end":{"line":240,"column":31}},"type":"cond-expr","locations":[{"start":{"line":240,"column":22},"end":{"line":240,"column":24}},{"start":{"line":240,"column":10},"end":{"line":240,"column":31}}]},"21":{"loc":{"start":{"line":240,"column":10},"end":{"line":240,"column":24}},"type":"binary-expr","locations":[{"start":{"line":240,"column":10},"end":{"line":240,"column":24}},{"start":{"line":240,"column":10},"end":{"line":240,"column":24}}]},"22":{"loc":{"start":{"line":249,"column":12},"end":{"line":251,"column":null}},"type":"cond-expr","locations":[{"start":{"line":250,"column":16},"end":{"line":250,"column":65}},{"start":{"line":251,"column":16},"end":{"line":251,"column":null}}]},"23":{"loc":{"start":{"line":270,"column":15},"end":{"line":270,"column":71}},"type":"cond-expr","locations":[{"start":{"line":270,"column":40},"end":{"line":270,"column":53}},{"start":{"line":270,"column":56},"end":{"line":270,"column":71}}]},"24":{"loc":{"start":{"line":288,"column":25},"end":{"line":288,"column":51}},"type":"cond-expr","locations":[{"start":{"line":288,"column":40},"end":{"line":288,"column":42}},{"start":{"line":288,"column":40},"end":{"line":288,"column":51}}]},"25":{"loc":{"start":{"line":288,"column":25},"end":{"line":288,"column":42}},"type":"binary-expr","locations":[{"start":{"line":288,"column":25},"end":{"line":288,"column":42}},{"start":{"line":288,"column":40},"end":{"line":288,"column":42}}]},"26":{"loc":{"start":{"line":293,"column":6},"end":{"line":296,"column":7}},"type":"if","locations":[{"start":{"line":293,"column":6},"end":{"line":296,"column":7}}]},"27":{"loc":{"start":{"line":304,"column":8},"end":{"line":388,"column":9}},"type":"switch","locations":[{"start":{"line":305,"column":10},"end":{"line":338,"column":11}},{"start":{"line":340,"column":10},"end":{"line":367,"column":11}},{"start":{"line":369,"column":10},"end":{"line":375,"column":11}},{"start":{"line":377,"column":10},"end":{"line":387,"column":11}}]},"28":{"loc":{"start":{"line":322,"column":36},"end":{"line":322,"column":68}},"type":"cond-expr","locations":[{"start":{"line":322,"column":57},"end":{"line":322,"column":59}},{"start":{"line":322,"column":57},"end":{"line":322,"column":68}}]},"29":{"loc":{"start":{"line":322,"column":36},"end":{"line":322,"column":59}},"type":"binary-expr","locations":[{"start":{"line":322,"column":36},"end":{"line":322,"column":59}},{"start":{"line":322,"column":57},"end":{"line":322,"column":59}}]},"30":{"loc":{"start":{"line":327,"column":16},"end":{"line":329,"column":35}},"type":"cond-expr","locations":[{"start":{"line":328,"column":20},"end":{"line":328,"column":43}},{"start":{"line":329,"column":20},"end":{"line":329,"column":35}}]},"31":{"loc":{"start":{"line":351,"column":36},"end":{"line":351,"column":68}},"type":"cond-expr","locations":[{"start":{"line":351,"column":57},"end":{"line":351,"column":59}},{"start":{"line":351,"column":57},"end":{"line":351,"column":68}}]},"32":{"loc":{"start":{"line":351,"column":36},"end":{"line":351,"column":59}},"type":"binary-expr","locations":[{"start":{"line":351,"column":36},"end":{"line":351,"column":59}},{"start":{"line":351,"column":57},"end":{"line":351,"column":59}}]},"33":{"loc":{"start":{"line":356,"column":16},"end":{"line":358,"column":35}},"type":"cond-expr","locations":[{"start":{"line":357,"column":20},"end":{"line":357,"column":43}},{"start":{"line":358,"column":20},"end":{"line":358,"column":35}}]},"34":{"loc":{"start":{"line":394,"column":6},"end":{"line":400,"column":7}},"type":"if","locations":[{"start":{"line":394,"column":6},"end":{"line":400,"column":7}}]},"35":{"loc":{"start":{"line":421,"column":10},"end":{"line":440,"column":11}},"type":"if","locations":[{"start":{"line":421,"column":10},"end":{"line":440,"column":11}}]},"36":{"loc":{"start":{"line":465,"column":10},"end":{"line":465,"column":74}},"type":"cond-expr","locations":[{"start":{"line":465,"column":39},"end":{"line":465,"column":56}},{"start":{"line":465,"column":59},"end":{"line":465,"column":74}}]},"37":{"loc":{"start":{"line":469,"column":12},"end":{"line":469,"column":null}},"type":"cond-expr","locations":[{"start":{"line":469,"column":41},"end":{"line":469,"column":58}},{"start":{"line":469,"column":61},"end":{"line":469,"column":null}}]},"38":{"loc":{"start":{"line":477,"column":8},"end":{"line":477,"column":72}},"type":"cond-expr","locations":[{"start":{"line":477,"column":37},"end":{"line":477,"column":54}},{"start":{"line":477,"column":57},"end":{"line":477,"column":72}}]},"39":{"loc":{"start":{"line":481,"column":10},"end":{"line":481,"column":null}},"type":"cond-expr","locations":[{"start":{"line":481,"column":39},"end":{"line":481,"column":56}},{"start":{"line":481,"column":59},"end":{"line":481,"column":null}}]},"40":{"loc":{"start":{"line":500,"column":6},"end":{"line":502,"column":7}},"type":"if","locations":[{"start":{"line":500,"column":6},"end":{"line":502,"column":7}}]},"41":{"loc":{"start":{"line":509,"column":4},"end":{"line":511,"column":5}},"type":"if","locations":[{"start":{"line":509,"column":4},"end":{"line":511,"column":5}}]},"42":{"loc":{"start":{"line":516,"column":4},"end":{"line":521,"column":5}},"type":"if","locations":[{"start":{"line":516,"column":4},"end":{"line":521,"column":5}}]},"43":{"loc":{"start":{"line":527,"column":4},"end":{"line":529,"column":5}},"type":"if","locations":[{"start":{"line":527,"column":4},"end":{"line":529,"column":5}}]},"44":{"loc":{"start":{"line":534,"column":4},"end":{"line":539,"column":5}},"type":"if","locations":[{"start":{"line":534,"column":4},"end":{"line":539,"column":5}}]},"45":{"loc":{"start":{"line":571,"column":8},"end":{"line":583,"column":9}},"type":"if","locations":[{"start":{"line":571,"column":8},"end":{"line":583,"column":9}}]},"46":{"loc":{"start":{"line":596,"column":4},"end":{"line":598,"column":5}},"type":"if","locations":[{"start":{"line":596,"column":4},"end":{"line":598,"column":5}}]},"47":{"loc":{"start":{"line":596,"column":8},"end":{"line":596,"column":56}},"type":"binary-expr","locations":[{"start":{"line":596,"column":8},"end":{"line":596,"column":35}},{"start":{"line":596,"column":39},"end":{"line":596,"column":56}}]},"48":{"loc":{"start":{"line":605,"column":4},"end":{"line":611,"column":5}},"type":"if","locations":[{"start":{"line":605,"column":4},"end":{"line":611,"column":5}},{"start":{"line":608,"column":11},"end":{"line":611,"column":5}}]},"49":{"loc":{"start":{"line":614,"column":4},"end":{"line":616,"column":5}},"type":"if","locations":[{"start":{"line":614,"column":4},"end":{"line":616,"column":5}}]},"50":{"loc":{"start":{"line":619,"column":4},"end":{"line":621,"column":5}},"type":"if","locations":[{"start":{"line":619,"column":4},"end":{"line":621,"column":5}}]},"51":{"loc":{"start":{"line":619,"column":8},"end":{"line":619,"column":53}},"type":"binary-expr","locations":[{"start":{"line":619,"column":8},"end":{"line":619,"column":32}},{"start":{"line":619,"column":36},"end":{"line":619,"column":53}}]},"52":{"loc":{"start":{"line":629,"column":6},"end":{"line":646,"column":7}},"type":"if","locations":[{"start":{"line":629,"column":6},"end":{"line":646,"column":7}}]},"53":{"loc":{"start":{"line":630,"column":8},"end":{"line":633,"column":26}},"type":"binary-expr","locations":[{"start":{"line":630,"column":8},"end":{"line":630,"column":12}},{"start":{"line":631,"column":8},"end":{"line":631,"column":32}},{"start":{"line":632,"column":8},"end":{"line":632,"column":27}},{"start":{"line":633,"column":8},"end":{"line":633,"column":26}}]},"54":{"loc":{"start":{"line":635,"column":25},"end":{"line":635,"column":71}},"type":"cond-expr","locations":[{"start":{"line":635,"column":46},"end":{"line":635,"column":59}},{"start":{"line":635,"column":62},"end":{"line":635,"column":71}}]},"55":{"loc":{"start":{"line":638,"column":10},"end":{"line":638,"column":74}},"type":"binary-expr","locations":[{"start":{"line":638,"column":10},"end":{"line":638,"column":40}},{"start":{"line":638,"column":44},"end":{"line":638,"column":74}}]},"56":{"loc":{"start":{"line":643,"column":8},"end":{"line":645,"column":9}},"type":"if","locations":[{"start":{"line":643,"column":8},"end":{"line":645,"column":9}}]},"57":{"loc":{"start":{"line":643,"column":12},"end":{"line":643,"column":36}},"type":"binary-expr","locations":[{"start":{"line":643,"column":12},"end":{"line":643,"column":21}},{"start":{"line":643,"column":25},"end":{"line":643,"column":36}}]},"58":{"loc":{"start":{"line":653,"column":6},"end":{"line":655,"column":7}},"type":"if","locations":[{"start":{"line":653,"column":6},"end":{"line":655,"column":7}}]},"59":{"loc":{"start":{"line":670,"column":4},"end":{"line":672,"column":5}},"type":"if","locations":[{"start":{"line":670,"column":4},"end":{"line":672,"column":5}}]},"60":{"loc":{"start":{"line":675,"column":4},"end":{"line":680,"column":5}},"type":"if","locations":[{"start":{"line":675,"column":4},"end":{"line":680,"column":5}}]},"61":{"loc":{"start":{"line":676,"column":6},"end":{"line":677,"column":63}},"type":"binary-expr","locations":[{"start":{"line":676,"column":6},"end":{"line":676,"column":29}},{"start":{"line":677,"column":6},"end":{"line":677,"column":63}}]},"62":{"loc":{"start":{"line":683,"column":4},"end":{"line":685,"column":5}},"type":"if","locations":[{"start":{"line":683,"column":4},"end":{"line":685,"column":5}}]},"63":{"loc":{"start":{"line":700,"column":6},"end":{"line":702,"column":34}},"type":"cond-expr","locations":[{"start":{"line":701,"column":10},"end":{"line":701,"column":28}},{"start":{"line":702,"column":10},"end":{"line":702,"column":34}}]},"64":{"loc":{"start":{"line":706,"column":6},"end":{"line":708,"column":41}},"type":"cond-expr","locations":[{"start":{"line":707,"column":10},"end":{"line":707,"column":34}},{"start":{"line":708,"column":10},"end":{"line":708,"column":41}}]},"65":{"loc":{"start":{"line":710,"column":4},"end":{"line":712,"column":5}},"type":"if","locations":[{"start":{"line":710,"column":4},"end":{"line":712,"column":5}}]},"66":{"loc":{"start":{"line":717,"column":8},"end":{"line":719,"column":48}},"type":"cond-expr","locations":[{"start":{"line":718,"column":12},"end":{"line":718,"column":41}},{"start":{"line":719,"column":12},"end":{"line":719,"column":48}}]},"67":{"loc":{"start":{"line":722,"column":6},"end":{"line":728,"column":7}},"type":"if","locations":[{"start":{"line":722,"column":6},"end":{"line":728,"column":7}}]},"68":{"loc":{"start":{"line":724,"column":10},"end":{"line":726,"column":11}},"type":"if","locations":[{"start":{"line":724,"column":10},"end":{"line":726,"column":11}}]},"69":{"loc":{"start":{"line":734,"column":6},"end":{"line":736,"column":7}},"type":"if","locations":[{"start":{"line":734,"column":6},"end":{"line":736,"column":7}}]},"70":{"loc":{"start":{"line":746,"column":15},"end":{"line":746,"column":47}},"type":"cond-expr","locations":[{"start":{"line":746,"column":25},"end":{"line":746,"column":32}},{"start":{"line":746,"column":35},"end":{"line":746,"column":47}}]},"71":{"loc":{"start":{"line":747,"column":22},"end":{"line":747,"column":63}},"type":"cond-expr","locations":[{"start":{"line":747,"column":39},"end":{"line":747,"column":53}},{"start":{"line":747,"column":56},"end":{"line":747,"column":63}}]},"72":{"loc":{"start":{"line":761,"column":4},"end":{"line":761,"column":null}},"type":"if","locations":[{"start":{"line":761,"column":4},"end":{"line":761,"column":null}}]},"73":{"loc":{"start":{"line":762,"column":4},"end":{"line":763,"column":null}},"type":"if","locations":[{"start":{"line":762,"column":4},"end":{"line":763,"column":null}}]},"74":{"loc":{"start":{"line":762,"column":8},"end":{"line":762,"column":78}},"type":"binary-expr","locations":[{"start":{"line":762,"column":8},"end":{"line":762,"column":34}},{"start":{"line":762,"column":38},"end":{"line":762,"column":78}}]},"75":{"loc":{"start":{"line":764,"column":4},"end":{"line":765,"column":null}},"type":"if","locations":[{"start":{"line":764,"column":4},"end":{"line":765,"column":null}}]},"76":{"loc":{"start":{"line":764,"column":8},"end":{"line":764,"column":77}},"type":"binary-expr","locations":[{"start":{"line":764,"column":8},"end":{"line":764,"column":33}},{"start":{"line":764,"column":37},"end":{"line":764,"column":77}}]},"77":{"loc":{"start":{"line":766,"column":4},"end":{"line":767,"column":null}},"type":"if","locations":[{"start":{"line":766,"column":4},"end":{"line":767,"column":null}}]},"78":{"loc":{"start":{"line":766,"column":8},"end":{"line":766,"column":79}},"type":"binary-expr","locations":[{"start":{"line":766,"column":8},"end":{"line":766,"column":35}},{"start":{"line":766,"column":39},"end":{"line":766,"column":79}}]},"79":{"loc":{"start":{"line":777,"column":4},"end":{"line":777,"column":null}},"type":"if","locations":[{"start":{"line":777,"column":4},"end":{"line":777,"column":null}}]},"80":{"loc":{"start":{"line":778,"column":4},"end":{"line":779,"column":null}},"type":"if","locations":[{"start":{"line":778,"column":4},"end":{"line":779,"column":null}}]},"81":{"loc":{"start":{"line":778,"column":8},"end":{"line":778,"column":70}},"type":"binary-expr","locations":[{"start":{"line":778,"column":8},"end":{"line":778,"column":37}},{"start":{"line":778,"column":41},"end":{"line":778,"column":70}}]},"82":{"loc":{"start":{"line":781,"column":4},"end":{"line":801,"column":5}},"type":"switch","locations":[{"start":{"line":782,"column":6},"end":{"line":783,"column":null}},{"start":{"line":784,"column":6},"end":{"line":785,"column":null}},{"start":{"line":786,"column":6},"end":{"line":787,"column":null}},{"start":{"line":788,"column":6},"end":{"line":788,"column":21}},{"start":{"line":789,"column":6},"end":{"line":800,"column":null}}]},"83":{"loc":{"start":{"line":807,"column":4},"end":{"line":815,"column":5}},"type":"if","locations":[{"start":{"line":807,"column":4},"end":{"line":815,"column":5}}]},"84":{"loc":{"start":{"line":821,"column":8},"end":{"line":823,"column":64}},"type":"binary-expr","locations":[{"start":{"line":821,"column":8},"end":{"line":821,"column":42}},{"start":{"line":822,"column":8},"end":{"line":822,"column":47}},{"start":{"line":823,"column":8},"end":{"line":823,"column":64}}]},"85":{"loc":{"start":{"line":822,"column":8},"end":{"line":822,"column":41}},"type":"cond-expr","locations":[{"start":{"line":822,"column":24},"end":{"line":822,"column":26}},{"start":{"line":822,"column":24},"end":{"line":822,"column":41}}]},"86":{"loc":{"start":{"line":822,"column":8},"end":{"line":822,"column":26}},"type":"binary-expr","locations":[{"start":{"line":822,"column":8},"end":{"line":822,"column":26}},{"start":{"line":822,"column":24},"end":{"line":822,"column":26}}]}},"s":{"0":1,"1":1,"2":1,"3":1,"4":0,"5":0,"6":0,"7":1,"8":1,"9":0,"10":0,"11":0,"12":0,"13":0,"14":0,"15":0,"16":0,"17":0,"18":0,"19":0,"20":0,"21":0,"22":0,"23":0,"24":0,"25":0,"26":0,"27":0,"28":0,"29":0,"30":0,"31":0,"32":0,"33":0,"34":0,"35":0,"36":0,"37":0,"38":0,"39":0,"40":0,"41":0,"42":0,"43":0,"44":0,"45":0,"46":0,"47":0,"48":0,"49":0,"50":0,"51":0,"52":0,"53":0,"54":0,"55":0,"56":0,"57":0,"58":1,"59":0,"60":0,"61":0,"62":0,"63":0,"64":0,"65":0,"66":0,"67":0,"68":0,"69":0,"70":0,"71":0,"72":0,"73":0,"74":0,"75":0,"76":0,"77":0,"78":0,"79":0,"80":0,"81":0,"82":0,"83":0,"84":0,"85":0,"86":0,"87":0,"88":0,"89":0,"90":0,"91":0,"92":0,"93":0,"94":0,"95":0,"96":0,"97":0,"98":0,"99":0,"100":0,"101":0,"102":0,"103":0,"104":0,"105":0,"106":0,"107":0,"108":0,"109":0,"110":0,"111":0,"112":0,"113":0,"114":0,"115":1,"116":0,"117":0,"118":0,"119":0,"120":0,"121":0,"122":0,"123":0,"124":0,"125":0,"126":0,"127":0,"128":0,"129":0,"130":0,"131":0,"132":0,"133":0,"134":0,"135":0,"136":0,"137":0,"138":1,"139":0,"140":0,"141":0,"142":0,"143":0,"144":0,"145":0,"146":0,"147":0,"148":1,"149":0,"150":0,"151":0,"152":0,"153":0,"154":0,"155":0,"156":0,"157":0,"158":0,"159":0,"160":0,"161":0,"162":0,"163":0,"164":0,"165":0,"166":0,"167":0,"168":0,"169":0,"170":0,"171":0,"172":0,"173":0,"174":0,"175":1,"176":0,"177":0,"178":0,"179":0,"180":0,"181":0,"182":0,"183":1,"184":0,"185":0,"186":0,"187":0,"188":0,"189":0,"190":0,"191":0,"192":0,"193":0,"194":0,"195":0,"196":0,"197":0,"198":0,"199":1,"200":0,"201":0,"202":0,"203":1,"204":0,"205":0,"206":0,"207":0,"208":0,"209":0,"210":0,"211":0,"212":0,"213":1,"214":0,"215":0,"216":0,"217":0,"218":0,"219":0,"220":0,"221":0,"222":0,"223":0,"224":0,"225":1,"226":0,"227":0,"228":0},"f":{"0":0,"1":0,"2":0,"3":0,"4":0,"5":0,"6":0,"7":0,"8":0,"9":0,"10":0,"11":0,"12":0,"13":0,"14":0,"15":0,"16":0,"17":0,"18":0,"19":0,"20":0,"21":0,"22":0,"23":0,"24":0,"25":0},"b":{"0":[0],"1":[0],"2":[0,0,0],"3":[0],"4":[0,0],"5":[0],"6":[0],"7":[0,0],"8":[0,0],"9":[0],"10":[0,0],"11":[0,0],"12":[0,0],"13":[0,0],"14":[0,0],"15":[0],"16":[0],"17":[0],"18":[0,0],"19":[0,0],"20":[0,0],"21":[0,0],"22":[0,0],"23":[0,0],"24":[0,0],"25":[0,0],"26":[0],"27":[0,0,0,0],"28":[0,0],"29":[0,0],"30":[0,0],"31":[0,0],"32":[0,0],"33":[0,0],"34":[0],"35":[0],"36":[0,0],"37":[0,0],"38":[0,0],"39":[0,0],"40":[0],"41":[0],"42":[0],"43":[0],"44":[0],"45":[0],"46":[0],"47":[0,0],"48":[0,0],"49":[0],"50":[0],"51":[0,0],"52":[0],"53":[0,0,0,0],"54":[0,0],"55":[0,0],"56":[0],"57":[0,0],"58":[0],"59":[0],"60":[0],"61":[0,0],"62":[0],"63":[0,0],"64":[0,0],"65":[0],"66":[0,0],"67":[0],"68":[0],"69":[0],"70":[0,0],"71":[0,0],"72":[0],"73":[0],"74":[0,0],"75":[0],"76":[0,0],"77":[0],"78":[0,0],"79":[0],"80":[0],"81":[0,0],"82":[0,0,0,0,0],"83":[0],"84":[0,0,0],"85":[0,0],"86":[0,0]}},"/Users/kenr/Code/nodots-backgammon/nodots-backgammon-core/src/Move/MoveKinds/PointToPoint/index.ts":{"path":"/Users/kenr/Code/nodots-backgammon/nodots-backgammon-core/src/Move/MoveKinds/PointToPoint/index.ts","statementMap":{"0":{"start":{"line":9,"column":0},"end":{"line":9,"column":38}},"1":{"start":{"line":11,"column":0},"end":{"line":11,"column":13}},"2":{"start":{"line":12,"column":16},"end":{"line":33,"column":null}},"3":{"start":{"line":15,"column":31},"end":{"line":15,"column":35}},"4":{"start":{"line":16,"column":4},"end":{"line":18,"column":5}},"5":{"start":{"line":17,"column":6},"end":{"line":17,"column":null}},"6":{"start":{"line":19,"column":4},"end":{"line":21,"column":5}},"7":{"start":{"line":20,"column":6},"end":{"line":20,"column":null}},"8":{"start":{"line":22,"column":4},"end":{"line":24,"column":5}},"9":{"start":{"line":23,"column":6},"end":{"line":23,"column":null}},"10":{"start":{"line":25,"column":4},"end":{"line":27,"column":5}},"11":{"start":{"line":26,"column":6},"end":{"line":26,"column":null}},"12":{"start":{"line":28,"column":4},"end":{"line":32,"column":null}},"13":{"start":{"line":35,"column":16},"end":{"line":53,"column":null}},"14":{"start":{"line":39,"column":33},"end":{"line":39,"column":37}},"15":{"start":{"line":40,"column":22},"end":{"line":40,"column":65}},"16":{"start":{"line":41,"column":24},"end":{"line":41,"column":54}},"17":{"start":{"line":42,"column":27},"end":{"line":42,"column":58}},"18":{"start":{"line":45,"column":32},"end":{"line":45,"column":57}},"19":{"start":{"line":46,"column":24},"end":{"line":47,"column":null}},"20":{"start":{"line":47,"column":17},"end":{"line":47,"column":66}},"21":{"start":{"line":49,"column":4},"end":{"line":51,"column":5}},"22":{"start":{"line":50,"column":6},"end":{"line":50,"column":null}},"23":{"start":{"line":52,"column":4},"end":{"line":52,"column":null}},"24":{"start":{"line":55,"column":16},"end":{"line":128,"column":null}},"25":{"start":{"line":59,"column":4},"end":{"line":61,"column":5}},"26":{"start":{"line":60,"column":6},"end":{"line":60,"column":null}},"27":{"start":{"line":62,"column":4},"end":{"line":64,"column":5}},"28":{"start":{"line":63,"column":6},"end":{"line":63,"column":null}},"29":{"start":{"line":67,"column":24},"end":{"line":67,"column":64}},"30":{"start":{"line":70,"column":22},"end":{"line":70,"column":44}},"31":{"start":{"line":71,"column":4},"end":{"line":73,"column":5}},"32":{"start":{"line":72,"column":6},"end":{"line":72,"column":null}},"33":{"start":{"line":76,"column":4},"end":{"line":92,"column":5}},"34":{"start":{"line":81,"column":6},"end":{"line":91,"column":null}},"35":{"start":{"line":96,"column":6},"end":{"line":97,"column":57}},"36":{"start":{"line":99,"column":19},"end":{"line":99,"column":30}},"37":{"start":{"line":102,"column":25},"end":{"line":106,"column":null}},"38":{"start":{"line":110,"column":31},"end":{"line":111,"column":null}},"39":{"start":{"line":111,"column":13},"end":{"line":111,"column":36}},"40":{"start":{"line":113,"column":4},"end":{"line":115,"column":5}},"41":{"start":{"line":114,"column":6},"end":{"line":114,"column":null}},"42":{"start":{"line":118,"column":4},"end":{"line":127,"column":null}}},"fnMap":{"0":{"name":"isAPointToPoint","decl":{"start":{"line":12,"column":31},"end":{"line":12,"column":46}},"loc":{"start":{"line":13,"column":13},"end":{"line":33,"column":3}}},"1":{"name":"(anonymous_1)","decl":{"start":{"line":35,"column":33},"end":{"line":35,"column":null}},"loc":{"start":{"line":38,"column":23},"end":{"line":53,"column":3}}},"2":{"name":"(anonymous_2)","decl":{"start":{"line":47,"column":6},"end":{"line":47,"column":7}},"loc":{"start":{"line":47,"column":17},"end":{"line":47,"column":66}}},"3":{"name":"pointToPoint","decl":{"start":{"line":55,"column":32},"end":{"line":55,"column":44}},"loc":{"start":{"line":57,"column":29},"end":{"line":128,"column":3}}},"4":{"name":"(anonymous_4)","decl":{"start":{"line":111,"column":6},"end":{"line":111,"column":7}},"loc":{"start":{"line":111,"column":13},"end":{"line":111,"column":36}}}},"branchMap":{"0":{"loc":{"start":{"line":16,"column":4},"end":{"line":18,"column":5}},"type":"if","locations":[{"start":{"line":16,"column":4},"end":{"line":18,"column":5}}]},"1":{"loc":{"start":{"line":16,"column":8},"end":{"line":16,"column":67}},"type":"binary-expr","locations":[{"start":{"line":16,"column":8},"end":{"line":16,"column":15}},{"start":{"line":16,"column":19},"end":{"line":16,"column":35}},{"start":{"line":16,"column":39},"end":{"line":16,"column":67}}]},"2":{"loc":{"start":{"line":19,"column":4},"end":{"line":21,"column":5}},"type":"if","locations":[{"start":{"line":19,"column":4},"end":{"line":21,"column":5}}]},"3":{"loc":{"start":{"line":22,"column":4},"end":{"line":24,"column":5}},"type":"if","locations":[{"start":{"line":22,"column":4},"end":{"line":24,"column":5}}]},"4":{"loc":{"start":{"line":25,"column":4},"end":{"line":27,"column":5}},"type":"if","locations":[{"start":{"line":25,"column":4},"end":{"line":27,"column":5}}]},"5":{"loc":{"start":{"line":49,"column":4},"end":{"line":51,"column":5}},"type":"if","locations":[{"start":{"line":49,"column":4},"end":{"line":51,"column":5}}]},"6":{"loc":{"start":{"line":59,"column":4},"end":{"line":61,"column":5}},"type":"if","locations":[{"start":{"line":59,"column":4},"end":{"line":61,"column":5}}]},"7":{"loc":{"start":{"line":62,"column":4},"end":{"line":64,"column":5}},"type":"if","locations":[{"start":{"line":62,"column":4},"end":{"line":64,"column":5}}]},"8":{"loc":{"start":{"line":71,"column":4},"end":{"line":73,"column":5}},"type":"if","locations":[{"start":{"line":71,"column":4},"end":{"line":73,"column":5}}]},"9":{"loc":{"start":{"line":76,"column":4},"end":{"line":92,"column":5}},"type":"if","locations":[{"start":{"line":76,"column":4},"end":{"line":92,"column":5}}]},"10":{"loc":{"start":{"line":77,"column":6},"end":{"line":78,"column":57}},"type":"binary-expr","locations":[{"start":{"line":77,"column":6},"end":{"line":77,"column":38}},{"start":{"line":78,"column":6},"end":{"line":78,"column":57}}]},"11":{"loc":{"start":{"line":96,"column":6},"end":{"line":97,"column":57}},"type":"binary-expr","locations":[{"start":{"line":96,"column":6},"end":{"line":96,"column":39}},{"start":{"line":97,"column":6},"end":{"line":97,"column":57}}]},"12":{"loc":{"start":{"line":113,"column":4},"end":{"line":115,"column":5}},"type":"if","locations":[{"start":{"line":113,"column":4},"end":{"line":115,"column":5}}]}},"s":{"0":1,"1":1,"2":1,"3":0,"4":0,"5":0,"6":0,"7":0,"8":0,"9":0,"10":0,"11":0,"12":0,"13":1,"14":0,"15":0,"16":0,"17":0,"18":0,"19":0,"20":0,"21":0,"22":0,"23":0,"24":1,"25":0,"26":0,"27":0,"28":0,"29":0,"30":0,"31":0,"32":0,"33":0,"34":0,"35":0,"36":0,"37":0,"38":0,"39":0,"40":0,"41":0,"42":0},"f":{"0":0,"1":0,"2":0,"3":0,"4":0},"b":{"0":[0],"1":[0,0,0],"2":[0],"3":[0],"4":[0],"5":[0],"6":[0],"7":[0],"8":[0],"9":[0],"10":[0,0],"11":[0,0],"12":[0]}},"/Users/kenr/Code/nodots-backgammon/nodots-backgammon-core/src/Move/MoveKinds/Reenter/index.ts":{"path":"/Users/kenr/Code/nodots-backgammon/nodots-backgammon-core/src/Move/MoveKinds/Reenter/index.ts","statementMap":{"0":{"start":{"line":11,"column":0},"end":{"line":11,"column":32}},"1":{"start":{"line":13,"column":0},"end":{"line":13,"column":13}},"2":{"start":{"line":14,"column":16},"end":{"line":27,"column":null}},"3":{"start":{"line":17,"column":31},"end":{"line":17,"column":35}},"4":{"start":{"line":18,"column":4},"end":{"line":18,"column":null}},"5":{"start":{"line":18,"column":42},"end":{"line":18,"column":null}},"6":{"start":{"line":19,"column":4},"end":{"line":19,"column":null}},"7":{"start":{"line":19,"column":38},"end":{"line":19,"column":null}},"8":{"start":{"line":20,"column":4},"end":{"line":20,"column":null}},"9":{"start":{"line":20,"column":51},"end":{"line":20,"column":null}},"10":{"start":{"line":22,"column":4},"end":{"line":26,"column":null}},"11":{"start":{"line":29,"column":16},"end":{"line":62,"column":null}},"12":{"start":{"line":33,"column":33},"end":{"line":33,"column":37}},"13":{"start":{"line":34,"column":22},"end":{"line":34,"column":65}},"14":{"start":{"line":40,"column":6},"end":{"line":42,"column":18}},"15":{"start":{"line":45,"column":24},"end":{"line":55,"column":6}},"16":{"start":{"line":47,"column":32},"end":{"line":47,"column":72}},"17":{"start":{"line":51,"column":8},"end":{"line":52,"column":73}},"18":{"start":{"line":54,"column":6},"end":{"line":54,"column":null}},"19":{"start":{"line":57,"column":4},"end":{"line":59,"column":5}},"20":{"start":{"line":58,"column":6},"end":{"line":58,"column":null}},"21":{"start":{"line":61,"column":4},"end":{"line":61,"column":null}},"22":{"start":{"line":64,"column":16},"end":{"line":123,"column":null}},"23":{"start":{"line":68,"column":4},"end":{"line":70,"column":5}},"24":{"start":{"line":69,"column":6},"end":{"line":69,"column":null}},"25":{"start":{"line":71,"column":4},"end":{"line":73,"column":5}},"26":{"start":{"line":72,"column":6},"end":{"line":72,"column":null}},"27":{"start":{"line":76,"column":4},"end":{"line":78,"column":5}},"28":{"start":{"line":77,"column":6},"end":{"line":77,"column":null}},"29":{"start":{"line":80,"column":23},"end":{"line":80,"column":27}},"30":{"start":{"line":81,"column":19},"end":{"line":81,"column":47}},"31":{"start":{"line":82,"column":22},"end":{"line":82,"column":65}},"32":{"start":{"line":85,"column":24},"end":{"line":85,"column":59}},"33":{"start":{"line":89,"column":6},"end":{"line":90,"column":52}},"34":{"start":{"line":93,"column":20},"end":{"line":93,"column":63}},"35":{"start":{"line":96,"column":25},"end":{"line":100,"column":null}},"36":{"start":{"line":104,"column":31},"end":{"line":105,"column":null}},"37":{"start":{"line":105,"column":13},"end":{"line":105,"column":36}},"38":{"start":{"line":107,"column":4},"end":{"line":109,"column":5}},"39":{"start":{"line":108,"column":6},"end":{"line":108,"column":null}},"40":{"start":{"line":112,"column":4},"end":{"line":122,"column":null}}},"fnMap":{"0":{"name":"isAReenterMove","decl":{"start":{"line":14,"column":31},"end":{"line":14,"column":45}},"loc":{"start":{"line":15,"column":13},"end":{"line":27,"column":3}}},"1":{"name":"(anonymous_1)","decl":{"start":{"line":29,"column":33},"end":{"line":29,"column":null}},"loc":{"start":{"line":32,"column":23},"end":{"line":62,"column":3}}},"2":{"name":"(anonymous_2)","decl":{"start":{"line":45,"column":42},"end":{"line":45,"column":43}},"loc":{"start":{"line":45,"column":65},"end":{"line":55,"column":5}}},"3":{"name":"move","decl":{"start":{"line":64,"column":32},"end":{"line":64,"column":36}},"loc":{"start":{"line":66,"column":29},"end":{"line":123,"column":3}}},"4":{"name":"(anonymous_4)","decl":{"start":{"line":105,"column":6},"end":{"line":105,"column":7}},"loc":{"start":{"line":105,"column":13},"end":{"line":105,"column":36}}}},"branchMap":{"0":{"loc":{"start":{"line":18,"column":4},"end":{"line":18,"column":null}},"type":"if","locations":[{"start":{"line":18,"column":4},"end":{"line":18,"column":null}}]},"1":{"loc":{"start":{"line":18,"column":8},"end":{"line":18,"column":40}},"type":"binary-expr","locations":[{"start":{"line":18,"column":8},"end":{"line":18,"column":15}},{"start":{"line":18,"column":19},"end":{"line":18,"column":40}}]},"2":{"loc":{"start":{"line":19,"column":4},"end":{"line":19,"column":null}},"type":"if","locations":[{"start":{"line":19,"column":4},"end":{"line":19,"column":null}}]},"3":{"loc":{"start":{"line":20,"column":4},"end":{"line":20,"column":null}},"type":"if","locations":[{"start":{"line":20,"column":4},"end":{"line":20,"column":null}}]},"4":{"loc":{"start":{"line":40,"column":6},"end":{"line":42,"column":18}},"type":"cond-expr","locations":[{"start":{"line":41,"column":10},"end":{"line":41,"column":23}},{"start":{"line":42,"column":10},"end":{"line":42,"column":18}}]},"5":{"loc":{"start":{"line":51,"column":8},"end":{"line":52,"column":73}},"type":"binary-expr","locations":[{"start":{"line":51,"column":8},"end":{"line":51,"column":31}},{"start":{"line":52,"column":9},"end":{"line":52,"column":32}},{"start":{"line":52,"column":36},"end":{"line":52,"column":72}}]},"6":{"loc":{"start":{"line":54,"column":13},"end":{"line":54,"column":50}},"type":"binary-expr","locations":[{"start":{"line":54,"column":13},"end":{"line":54,"column":30}},{"start":{"line":54,"column":34},"end":{"line":54,"column":50}}]},"7":{"loc":{"start":{"line":57,"column":4},"end":{"line":59,"column":5}},"type":"if","locations":[{"start":{"line":57,"column":4},"end":{"line":59,"column":5}}]},"8":{"loc":{"start":{"line":68,"column":4},"end":{"line":70,"column":5}},"type":"if","locations":[{"start":{"line":68,"column":4},"end":{"line":70,"column":5}}]},"9":{"loc":{"start":{"line":71,"column":4},"end":{"line":73,"column":5}},"type":"if","locations":[{"start":{"line":71,"column":4},"end":{"line":73,"column":5}}]},"10":{"loc":{"start":{"line":76,"column":4},"end":{"line":78,"column":5}},"type":"if","locations":[{"start":{"line":76,"column":4},"end":{"line":78,"column":5}}]},"11":{"loc":{"start":{"line":89,"column":6},"end":{"line":90,"column":52}},"type":"binary-expr","locations":[{"start":{"line":89,"column":6},"end":{"line":89,"column":39}},{"start":{"line":90,"column":6},"end":{"line":90,"column":52}}]},"12":{"loc":{"start":{"line":107,"column":4},"end":{"line":109,"column":5}},"type":"if","locations":[{"start":{"line":107,"column":4},"end":{"line":109,"column":5}}]}},"s":{"0":1,"1":1,"2":1,"3":0,"4":0,"5":0,"6":0,"7":0,"8":0,"9":0,"10":0,"11":1,"12":0,"13":0,"14":0,"15":0,"16":0,"17":0,"18":0,"19":0,"20":0,"21":0,"22":1,"23":0,"24":0,"25":0,"26":0,"27":0,"28":0,"29":0,"30":0,"31":0,"32":0,"33":0,"34":0,"35":0,"36":0,"37":0,"38":0,"39":0,"40":0},"f":{"0":0,"1":0,"2":0,"3":0,"4":0},"b":{"0":[0],"1":[0,0],"2":[0],"3":[0],"4":[0,0],"5":[0,0,0],"6":[0,0],"7":[0],"8":[0],"9":[0],"10":[0],"11":[0,0],"12":[0]}},"/Users/kenr/Code/nodots-backgammon/nodots-backgammon-core/src/Player/index.ts":{"path":"/Users/kenr/Code/nodots-backgammon/nodots-backgammon-core/src/Player/index.ts","statementMap":{"0":{"start":{"line":22,"column":0},"end":{"line":22,"column":44}},"1":{"start":{"line":23,"column":0},"end":{"line":23,"column":30}},"2":{"start":{"line":24,"column":0},"end":{"line":24,"column":24}},"3":{"start":{"line":32,"column":2},"end":{"line":32,"column":null}},"4":{"start":{"line":33,"column":2},"end":{"line":33,"column":null}},"5":{"start":{"line":35,"column":2},"end":{"line":35,"column":null}},"6":{"start":{"line":31,"column":0},"end":{"line":31,"column":13}},"7":{"start":{"line":37,"column":16},"end":{"line":37,"column":29}},"8":{"start":{"line":46,"column":25},"end":{"line":46,"column":47}},"9":{"start":{"line":48,"column":4},"end":{"line":150,"column":5}},"10":{"start":{"line":50,"column":8},"end":{"line":59,"column":null}},"11":{"start":{"line":61,"column":8},"end":{"line":70,"column":null}},"12":{"start":{"line":72,"column":8},"end":{"line":81,"column":null}},"13":{"start":{"line":84,"column":8},"end":{"line":93,"column":null}},"14":{"start":{"line":95,"column":27},"end":{"line":95,"column":55}},"15":{"start":{"line":96,"column":8},"end":{"line":105,"column":null}},"16":{"start":{"line":107,"column":8},"end":{"line":116,"column":null}},"17":{"start":{"line":118,"column":8},"end":{"line":127,"column":null}},"18":{"start":{"line":129,"column":8},"end":{"line":138,"column":null}},"19":{"start":{"line":140,"column":8},"end":{"line":149,"column":null}},"20":{"start":{"line":151,"column":4},"end":{"line":151,"column":null}},"21":{"start":{"line":154,"column":16},"end":{"line":154,"column":23}},"22":{"start":{"line":157,"column":25},"end":{"line":157,"column":54}},"23":{"start":{"line":158,"column":23},"end":{"line":158,"column":46}},"24":{"start":{"line":159,"column":4},"end":{"line":162,"column":null}},"25":{"start":{"line":166,"column":16},"end":{"line":166,"column":23}},"26":{"start":{"line":171,"column":56},"end":{"line":171,"column":65}},"27":{"start":{"line":172,"column":19},"end":{"line":172,"column":61}},"28":{"start":{"line":173,"column":4},"end":{"line":184,"column":5}},"29":{"start":{"line":175,"column":20},"end":{"line":175,"column":43}},"30":{"start":{"line":176,"column":8},"end":{"line":176,"column":null}},"31":{"start":{"line":177,"column":8},"end":{"line":177,"column":13}},"32":{"start":{"line":179,"column":22},"end":{"line":179,"column":47}},"33":{"start":{"line":180,"column":8},"end":{"line":180,"column":null}},"34":{"start":{"line":181,"column":8},"end":{"line":181,"column":13}},"35":{"start":{"line":183,"column":8},"end":{"line":183,"column":null}},"36":{"start":{"line":186,"column":4},"end":{"line":186,"column":null}},"37":{"start":{"line":189,"column":16},"end":{"line":189,"column":31}},"38":{"start":{"line":195,"column":4},"end":{"line":200,"column":null}},"39":{"start":{"line":197,"column":8},"end":{"line":199,"column":41}},"40":{"start":{"line":203,"column":16},"end":{"line":203,"column":35}},"41":{"start":{"line":208,"column":4},"end":{"line":213,"column":null}},"42":{"start":{"line":210,"column":8},"end":{"line":212,"column":42}},"43":{"start":{"line":216,"column":16},"end":{"line":216,"column":27}},"44":{"start":{"line":219,"column":4},"end":{"line":222,"column":null}},"45":{"start":{"line":234,"column":16},"end":{"line":234,"column":30}},"46":{"start":{"line":239,"column":4},"end":{"line":239,"column":null}},"47":{"start":{"line":239,"column":46},"end":{"line":239,"column":null}},"48":{"start":{"line":240,"column":23},"end":{"line":241,"column":null}},"49":{"start":{"line":241,"column":16},"end":{"line":241,"column":42}},"50":{"start":{"line":243,"column":4},"end":{"line":243,"column":null}},"51":{"start":{"line":243,"column":33},"end":{"line":243,"column":null}},"52":{"start":{"line":245,"column":4},"end":{"line":245,"column":null}}},"fnMap":{"0":{"name":"(anonymous_11)","decl":{"start":{"line":31,"column":0},"end":{"line":31,"column":13}},"loc":{"start":{"line":31,"column":0},"end":{"line":247,"column":1}}},"1":{"name":"initializePlayer","decl":{"start":{"line":37,"column":38},"end":{"line":37,"column":54}},"loc":{"start":{"line":44,"column":19},"end":{"line":152,"column":null}}},"2":{"name":"roll","decl":{"start":{"line":154,"column":32},"end":{"line":154,"column":36}},"loc":{"start":{"line":155,"column":35},"end":{"line":164,"column":null}}},"3":{"name":"move","decl":{"start":{"line":166,"column":32},"end":{"line":166,"column":36}},"loc":{"start":{"line":169,"column":20},"end":{"line":187,"column":null}}},"4":{"name":"getHomeBoard","decl":{"start":{"line":189,"column":40},"end":{"line":189,"column":52}},"loc":{"start":{"line":191,"column":28},"end":{"line":201,"column":null}}},"5":{"name":"(anonymous_16)","decl":{"start":{"line":196,"column":6},"end":{"line":196,"column":7}},"loc":{"start":{"line":197,"column":8},"end":{"line":199,"column":41}}},"6":{"name":"getOpponentBoard","decl":{"start":{"line":203,"column":44},"end":{"line":203,"column":60}},"loc":{"start":{"line":205,"column":28},"end":{"line":214,"column":null}}},"7":{"name":"(anonymous_18)","decl":{"start":{"line":209,"column":6},"end":{"line":209,"column":7}},"loc":{"start":{"line":210,"column":8},"end":{"line":212,"column":42}}},"8":{"name":"toMoving","decl":{"start":{"line":216,"column":36},"end":{"line":216,"column":44}},"loc":{"start":{"line":217,"column":28},"end":{"line":223,"column":null}}},"9":{"name":"getBestMove","decl":{"start":{"line":234,"column":45},"end":{"line":234,"column":56}},"loc":{"start":{"line":235,"column":30},"end":{"line":234,"column":30}}},"10":{"name":"(anonymous_22)","decl":{"start":{"line":241,"column":6},"end":{"line":241,"column":7}},"loc":{"start":{"line":241,"column":16},"end":{"line":241,"column":42}}}},"branchMap":{"0":{"loc":{"start":{"line":40,"column":4},"end":{"line":40,"column":49}},"type":"default-arg","locations":[{"start":{"line":40,"column":27},"end":{"line":40,"column":49}}]},"1":{"loc":{"start":{"line":41,"column":4},"end":{"line":41,"column":29}},"type":"default-arg","locations":[{"start":{"line":41,"column":17},"end":{"line":41,"column":29}}]},"2":{"loc":{"start":{"line":42,"column":4},"end":{"line":42,"column":53}},"type":"default-arg","locations":[{"start":{"line":42,"column":43},"end":{"line":42,"column":53}}]},"3":{"loc":{"start":{"line":46,"column":25},"end":{"line":46,"column":47}},"type":"binary-expr","locations":[{"start":{"line":46,"column":25},"end":{"line":46,"column":31}},{"start":{"line":46,"column":35},"end":{"line":46,"column":47}}]},"4":{"loc":{"start":{"line":48,"column":4},"end":{"line":150,"column":5}},"type":"switch","locations":[{"start":{"line":49,"column":6},"end":{"line":59,"column":null}},{"start":{"line":60,"column":6},"end":{"line":70,"column":null}},{"start":{"line":71,"column":6},"end":{"line":82,"column":7}},{"start":{"line":83,"column":6},"end":{"line":93,"column":null}},{"start":{"line":94,"column":6},"end":{"line":105,"column":null}},{"start":{"line":106,"column":6},"end":{"line":116,"column":null}},{"start":{"line":117,"column":6},"end":{"line":127,"column":null}},{"start":{"line":128,"column":6},"end":{"line":138,"column":null}},{"start":{"line":139,"column":6},"end":{"line":149,"column":null}}]},"5":{"loc":{"start":{"line":173,"column":4},"end":{"line":184,"column":5}},"type":"switch","locations":[{"start":{"line":174,"column":6},"end":{"line":177,"column":13}},{"start":{"line":178,"column":6},"end":{"line":181,"column":13}},{"start":{"line":182,"column":6},"end":{"line":183,"column":null}}]},"6":{"loc":{"start":{"line":197,"column":8},"end":{"line":199,"column":41}},"type":"binary-expr","locations":[{"start":{"line":197,"column":8},"end":{"line":197,"column":26}},{"start":{"line":198,"column":8},"end":{"line":198,"column":41}},{"start":{"line":199,"column":8},"end":{"line":199,"column":41}}]},"7":{"loc":{"start":{"line":210,"column":8},"end":{"line":212,"column":42}},"type":"binary-expr","locations":[{"start":{"line":210,"column":8},"end":{"line":210,"column":26}},{"start":{"line":211,"column":8},"end":{"line":211,"column":42}},{"start":{"line":212,"column":8},"end":{"line":212,"column":42}}]},"8":{"loc":{"start":{"line":239,"column":4},"end":{"line":239,"column":null}},"type":"if","locations":[{"start":{"line":239,"column":4},"end":{"line":239,"column":null}}]},"9":{"loc":{"start":{"line":239,"column":8},"end":{"line":239,"column":44}},"type":"binary-expr","locations":[{"start":{"line":239,"column":8},"end":{"line":239,"column":19}},{"start":{"line":239,"column":23},"end":{"line":239,"column":44}}]},"10":{"loc":{"start":{"line":243,"column":4},"end":{"line":243,"column":null}},"type":"if","locations":[{"start":{"line":243,"column":4},"end":{"line":243,"column":null}}]}},"s":{"0":1,"1":1,"2":1,"3":0,"4":0,"5":0,"6":1,"7":1,"8":42,"9":42,"10":42,"11":0,"12":0,"13":0,"14":0,"15":0,"16":0,"17":0,"18":0,"19":0,"20":0,"21":1,"22":0,"23":0,"24":0,"25":1,"26":0,"27":0,"28":0,"29":0,"30":0,"31":0,"32":0,"33":0,"34":0,"35":0,"36":0,"37":1,"38":0,"39":0,"40":1,"41":0,"42":0,"43":1,"44":0,"45":1,"46":0,"47":0,"48":0,"49":0,"50":0,"51":0,"52":0},"f":{"0":0,"1":42,"2":0,"3":0,"4":0,"5":0,"6":0,"7":0,"8":0,"9":0,"10":0},"b":{"0":[42],"1":[0],"2":[0],"3":[42,0],"4":[42,0,0,0,0,0,0,0,0],"5":[0,0,0],"6":[0,0,0],"7":[0,0,0],"8":[0],"9":[0,0],"10":[0]}},"/Users/kenr/Code/nodots-backgammon/nodots-backgammon-core/src/Robot/index.ts":{"path":"/Users/kenr/Code/nodots-backgammon/nodots-backgammon-core/src/Robot/index.ts","statementMap":{"0":{"start":{"line":2,"column":0},"end":{"line":2,"column":55}},"1":{"start":{"line":4,"column":0},"end":{"line":4,"column":59}},"2":{"start":{"line":5,"column":0},"end":{"line":5,"column":32}},"3":{"start":{"line":6,"column":0},"end":{"line":6,"column":30}},"4":{"start":{"line":7,"column":0},"end":{"line":7,"column":30}},"5":{"start":{"line":8,"column":0},"end":{"line":8,"column":30}},"6":{"start":{"line":585,"column":4},"end":{"line":585,"column":null}},"7":{"start":{"line":592,"column":4},"end":{"line":592,"column":null}},"8":{"start":{"line":599,"column":4},"end":{"line":599,"column":null}},"9":{"start":{"line":606,"column":4},"end":{"line":606,"column":null}},"10":{"start":{"line":19,"column":0},"end":{"line":19,"column":13}},"11":{"start":{"line":20,"column":17},"end":{"line":20,"column":33}},"12":{"start":{"line":23,"column":2},"end":{"line":26,"column":null}},"13":{"start":{"line":24,"column":4},"end":{"line":24,"column":null}},"14":{"start":{"line":25,"column":4},"end":{"line":25,"column":null}},"15":{"start":{"line":36,"column":16},"end":{"line":36,"column":34}},"16":{"start":{"line":37,"column":4},"end":{"line":116,"column":null}},"17":{"start":{"line":41,"column":4},"end":{"line":115,"column":5}},"18":{"start":{"line":43,"column":6},"end":{"line":48,"column":7}},"19":{"start":{"line":44,"column":8},"end":{"line":47,"column":null}},"20":{"start":{"line":50,"column":6},"end":{"line":55,"column":7}},"21":{"start":{"line":51,"column":8},"end":{"line":54,"column":null}},"22":{"start":{"line":57,"column":6},"end":{"line":62,"column":7}},"23":{"start":{"line":58,"column":8},"end":{"line":61,"column":null}},"24":{"start":{"line":65,"column":6},"end":{"line":107,"column":7}},"25":{"start":{"line":68,"column":33},"end":{"line":68,"column":78}},"26":{"start":{"line":68,"column":63},"end":{"line":68,"column":77}},"27":{"start":{"line":69,"column":10},"end":{"line":74,"column":11}},"28":{"start":{"line":70,"column":12},"end":{"line":73,"column":null}},"29":{"start":{"line":75,"column":10},"end":{"line":75,"column":null}},"30":{"start":{"line":80,"column":31},"end":{"line":80,"column":48}},"31":{"start":{"line":81,"column":10},"end":{"line":86,"column":11}},"32":{"start":{"line":82,"column":12},"end":{"line":85,"column":null}},"33":{"start":{"line":87,"column":10},"end":{"line":87,"column":null}},"34":{"start":{"line":93,"column":38},"end":{"line":93,"column":55}},"35":{"start":{"line":94,"column":10},"end":{"line":99,"column":11}},"36":{"start":{"line":95,"column":12},"end":{"line":98,"column":null}},"37":{"start":{"line":100,"column":10},"end":{"line":100,"column":null}},"38":{"start":{"line":103,"column":10},"end":{"line":106,"column":null}},"39":{"start":{"line":109,"column":6},"end":{"line":109,"column":null}},"40":{"start":{"line":110,"column":6},"end":{"line":110,"column":null}},"41":{"start":{"line":111,"column":6},"end":{"line":114,"column":null}},"42":{"start":{"line":121,"column":17},"end":{"line":121,"column":32}},"43":{"start":{"line":124,"column":4},"end":{"line":137,"column":5}},"44":{"start":{"line":125,"column":26},"end":{"line":125,"column":56}},"45":{"start":{"line":126,"column":6},"end":{"line":130,"column":null}},"46":{"start":{"line":132,"column":6},"end":{"line":136,"column":null}},"47":{"start":{"line":143,"column":17},"end":{"line":143,"column":28}},"48":{"start":{"line":146,"column":4},"end":{"line":160,"column":5}},"49":{"start":{"line":147,"column":26},"end":{"line":147,"column":48}},"50":{"start":{"line":148,"column":6},"end":{"line":154,"column":null}},"51":{"start":{"line":156,"column":6},"end":{"line":159,"column":null}},"52":{"start":{"line":166,"column":17},"end":{"line":166,"column":30}},"53":{"start":{"line":171,"column":4},"end":{"line":530,"column":5}},"54":{"start":{"line":173,"column":6},"end":{"line":178,"column":7}},"55":{"start":{"line":174,"column":8},"end":{"line":177,"column":null}},"56":{"start":{"line":180,"column":6},"end":{"line":185,"column":7}},"57":{"start":{"line":181,"column":8},"end":{"line":184,"column":null}},"58":{"start":{"line":188,"column":6},"end":{"line":193,"column":7}},"59":{"start":{"line":189,"column":8},"end":{"line":192,"column":null}},"60":{"start":{"line":196,"column":24},"end":{"line":196,"column":28}},"61":{"start":{"line":197,"column":6},"end":{"line":229,"column":7}},"62":{"start":{"line":199,"column":30},"end":{"line":199,"column":59}},"63":{"start":{"line":201,"column":8},"end":{"line":201,"column":null}},"64":{"start":{"line":202,"column":13},"end":{"line":229,"column":7}},"65":{"start":{"line":204,"column":8},"end":{"line":204,"column":null}},"66":{"start":{"line":205,"column":13},"end":{"line":229,"column":7}},"67":{"start":{"line":208,"column":8},"end":{"line":223,"column":9}},"68":{"start":{"line":209,"column":10},"end":{"line":213,"column":null}},"69":{"start":{"line":215,"column":29},"end":{"line":215,"column":67}},"70":{"start":{"line":216,"column":10},"end":{"line":219,"column":null}},"71":{"start":{"line":222,"column":10},"end":{"line":222,"column":null}},"72":{"start":{"line":225,"column":8},"end":{"line":228,"column":null}},"73":{"start":{"line":232,"column":6},"end":{"line":241,"column":null}},"74":{"start":{"line":243,"column":34},"end":{"line":243,"column":68}},"75":{"start":{"line":245,"column":6},"end":{"line":255,"column":null}},"76":{"start":{"line":253,"column":17},"end":{"line":253,"column":null}},"77":{"start":{"line":257,"column":6},"end":{"line":351,"column":7}},"78":{"start":{"line":263,"column":8},"end":{"line":263,"column":null}},"79":{"start":{"line":266,"column":8},"end":{"line":272,"column":9}},"80":{"start":{"line":267,"column":10},"end":{"line":271,"column":null}},"81":{"start":{"line":276,"column":8},"end":{"line":350,"column":9}},"82":{"start":{"line":277,"column":10},"end":{"line":277,"column":null}},"83":{"start":{"line":278,"column":32},"end":{"line":278,"column":75}},"84":{"start":{"line":279,"column":10},"end":{"line":283,"column":null}},"85":{"start":{"line":285,"column":10},"end":{"line":285,"column":null}},"86":{"start":{"line":288,"column":10},"end":{"line":288,"column":null}},"87":{"start":{"line":289,"column":10},"end":{"line":349,"column":11}},"88":{"start":{"line":291,"column":14},"end":{"line":291,"column":69}},"89":{"start":{"line":293,"column":31},"end":{"line":294,"column":null}},"90":{"start":{"line":294,"column":21},"end":{"line":294,"column":42}},"91":{"start":{"line":296,"column":34},"end":{"line":297,"column":null}},"92":{"start":{"line":297,"column":21},"end":{"line":297,"column":56}},"93":{"start":{"line":300,"column":12},"end":{"line":306,"column":13}},"94":{"start":{"line":305,"column":14},"end":{"line":305,"column":null}},"95":{"start":{"line":308,"column":35},"end":{"line":310,"column":null}},"96":{"start":{"line":312,"column":38},"end":{"line":314,"column":null}},"97":{"start":{"line":318,"column":35},"end":{"line":319,"column":null}},"98":{"start":{"line":319,"column":14},"end":{"line":319,"column":78}},"99":{"start":{"line":322,"column":34},"end":{"line":329,"column":null}},"100":{"start":{"line":332,"column":12},"end":{"line":332,"column":null}},"101":{"start":{"line":333,"column":12},"end":{"line":338,"column":null}},"102":{"start":{"line":340,"column":12},"end":{"line":343,"column":null}},"103":{"start":{"line":344,"column":12},"end":{"line":348,"column":null}},"104":{"start":{"line":355,"column":31},"end":{"line":355,"column":64}},"105":{"start":{"line":359,"column":34},"end":{"line":387,"column":8}},"106":{"start":{"line":360,"column":8},"end":{"line":386,"column":9}},"107":{"start":{"line":361,"column":34},"end":{"line":363,"column":null}},"108":{"start":{"line":365,"column":34},"end":{"line":366,"column":null}},"109":{"start":{"line":366,"column":30},"end":{"line":366,"column":78}},"110":{"start":{"line":369,"column":10},"end":{"line":377,"column":11}},"111":{"start":{"line":370,"column":12},"end":{"line":376,"column":null}},"112":{"start":{"line":374,"column":70},"end":{"line":374,"column":77}},"113":{"start":{"line":379,"column":10},"end":{"line":379,"column":null}},"114":{"start":{"line":381,"column":10},"end":{"line":384,"column":null}},"115":{"start":{"line":385,"column":10},"end":{"line":385,"column":null}},"116":{"start":{"line":389,"column":6},"end":{"line":393,"column":null}},"117":{"start":{"line":396,"column":6},"end":{"line":408,"column":7}},"118":{"start":{"line":397,"column":8},"end":{"line":399,"column":null}},"119":{"start":{"line":402,"column":8},"end":{"line":407,"column":null}},"120":{"start":{"line":411,"column":6},"end":{"line":415,"column":null}},"121":{"start":{"line":414,"column":62},"end":{"line":414,"column":75}},"122":{"start":{"line":417,"column":27},"end":{"line":420,"column":null}},"123":{"start":{"line":423,"column":6},"end":{"line":429,"column":null}},"124":{"start":{"line":432,"column":6},"end":{"line":437,"column":7}},"125":{"start":{"line":433,"column":8},"end":{"line":436,"column":null}},"126":{"start":{"line":441,"column":30},"end":{"line":443,"column":null}},"127":{"start":{"line":445,"column":27},"end":{"line":445,"column":51}},"128":{"start":{"line":448,"column":30},"end":{"line":449,"column":null}},"129":{"start":{"line":449,"column":26},"end":{"line":449,"column":62}},"130":{"start":{"line":452,"column":6},"end":{"line":468,"column":7}},"131":{"start":{"line":453,"column":8},"end":{"line":462,"column":null}},"132":{"start":{"line":459,"column":68},"end":{"line":459,"column":75}},"133":{"start":{"line":464,"column":8},"end":{"line":467,"column":null}},"134":{"start":{"line":472,"column":6},"end":{"line":522,"column":7}},"135":{"start":{"line":473,"column":8},"end":{"line":480,"column":null}},"136":{"start":{"line":483,"column":30},"end":{"line":485,"column":null}},"137":{"start":{"line":490,"column":8},"end":{"line":495,"column":null}},"138":{"start":{"line":498,"column":8},"end":{"line":513,"column":9}},"139":{"start":{"line":503,"column":10},"end":{"line":505,"column":null}},"140":{"start":{"line":507,"column":10},"end":{"line":512,"column":null}},"141":{"start":{"line":515,"column":8},"end":{"line":521,"column":null}},"142":{"start":{"line":524,"column":6},"end":{"line":524,"column":null}},"143":{"start":{"line":525,"column":6},"end":{"line":525,"column":null}},"144":{"start":{"line":526,"column":6},"end":{"line":529,"column":null}},"145":{"start":{"line":536,"column":17},"end":{"line":536,"column":31}},"146":{"start":{"line":540,"column":4},"end":{"line":578,"column":5}},"147":{"start":{"line":542,"column":26},"end":{"line":542,"column":70}},"148":{"start":{"line":543,"column":6},"end":{"line":548,"column":7}},"149":{"start":{"line":544,"column":8},"end":{"line":547,"column":null}},"150":{"start":{"line":551,"column":25},"end":{"line":551,"column":null}},"151":{"start":{"line":551,"column":36},"end":{"line":551,"column":null}},"152":{"start":{"line":551,"column":37},"end":{"line":551,"column":null}},"153":{"start":{"line":552,"column":25},"end":{"line":555,"column":null}},"154":{"start":{"line":558,"column":6},"end":{"line":563,"column":7}},"155":{"start":{"line":559,"column":8},"end":{"line":562,"column":null}},"156":{"start":{"line":566,"column":28},"end":{"line":566,"column":43}},"157":{"start":{"line":568,"column":6},"end":{"line":572,"column":null}},"158":{"start":{"line":574,"column":6},"end":{"line":577,"column":null}},"159":{"start":{"line":616,"column":17},"end":{"line":616,"column":42}},"160":{"start":{"line":621,"column":4},"end":{"line":636,"column":5}},"161":{"start":{"line":624,"column":8},"end":{"line":624,"column":null}},"162":{"start":{"line":628,"column":8},"end":{"line":628,"column":null}},"163":{"start":{"line":632,"column":8},"end":{"line":632,"column":null}},"164":{"start":{"line":635,"column":8},"end":{"line":635,"column":null}},"165":{"start":{"line":642,"column":17},"end":{"line":642,"column":42}},"166":{"start":{"line":646,"column":25},"end":{"line":646,"column":42}},"167":{"start":{"line":647,"column":4},"end":{"line":647,"column":null}},"168":{"start":{"line":647,"column":23},"end":{"line":647,"column":null}},"169":{"start":{"line":650,"column":24},"end":{"line":703,"column":6}},"170":{"start":{"line":651,"column":18},"end":{"line":651,"column":19}},"171":{"start":{"line":654,"column":8},"end":{"line":656,"column":14}},"172":{"start":{"line":659,"column":8},"end":{"line":661,"column":13}},"173":{"start":{"line":664,"column":6},"end":{"line":668,"column":7}},"174":{"start":{"line":665,"column":8},"end":{"line":665,"column":44}},"175":{"start":{"line":667,"column":8},"end":{"line":667,"column":null}},"176":{"start":{"line":671,"column":6},"end":{"line":673,"column":7}},"177":{"start":{"line":672,"column":8},"end":{"line":672,"column":null}},"178":{"start":{"line":676,"column":6},"end":{"line":678,"column":7}},"179":{"start":{"line":677,"column":8},"end":{"line":677,"column":20}},"180":{"start":{"line":681,"column":6},"end":{"line":686,"column":7}},"181":{"start":{"line":685,"column":8},"end":{"line":685,"column":null}},"182":{"start":{"line":690,"column":8},"end":{"line":690,"column":73}},"183":{"start":{"line":691,"column":6},"end":{"line":693,"column":7}},"184":{"start":{"line":692,"column":8},"end":{"line":692,"column":null}},"185":{"start":{"line":697,"column":8},"end":{"line":697,"column":73}},"186":{"start":{"line":698,"column":6},"end":{"line":700,"column":7}},"187":{"start":{"line":699,"column":8},"end":{"line":699,"column":19}},"188":{"start":{"line":702,"column":6},"end":{"line":702,"column":null}},"189":{"start":{"line":706,"column":4},"end":{"line":706,"column":null}},"190":{"start":{"line":706,"column":31},"end":{"line":706,"column":48}},"191":{"start":{"line":707,"column":4},"end":{"line":707,"column":null}},"192":{"start":{"line":713,"column":17},"end":{"line":713,"column":38}},"193":{"start":{"line":717,"column":25},"end":{"line":717,"column":42}},"194":{"start":{"line":718,"column":4},"end":{"line":718,"column":null}},"195":{"start":{"line":718,"column":23},"end":{"line":718,"column":null}},"196":{"start":{"line":721,"column":24},"end":{"line":804,"column":6}},"197":{"start":{"line":722,"column":18},"end":{"line":722,"column":19}},"198":{"start":{"line":725,"column":8},"end":{"line":727,"column":14}},"199":{"start":{"line":730,"column":8},"end":{"line":732,"column":13}},"200":{"start":{"line":736,"column":8},"end":{"line":738,"column":38}},"201":{"start":{"line":739,"column":6},"end":{"line":739,"column":null}},"202":{"start":{"line":742,"column":6},"end":{"line":744,"column":7}},"203":{"start":{"line":743,"column":8},"end":{"line":743,"column":null}},"204":{"start":{"line":747,"column":6},"end":{"line":752,"column":7}},"205":{"start":{"line":750,"column":10},"end":{"line":750,"column":75}},"206":{"start":{"line":751,"column":8},"end":{"line":751,"column":null}},"207":{"start":{"line":755,"column":6},"end":{"line":760,"column":7}},"208":{"start":{"line":759,"column":8},"end":{"line":759,"column":20}},"209":{"start":{"line":763,"column":6},"end":{"line":768,"column":7}},"210":{"start":{"line":767,"column":8},"end":{"line":767,"column":20}},"211":{"start":{"line":772,"column":8},"end":{"line":772,"column":73}},"212":{"start":{"line":773,"column":6},"end":{"line":775,"column":7}},"213":{"start":{"line":774,"column":8},"end":{"line":774,"column":20}},"214":{"start":{"line":779,"column":8},"end":{"line":781,"column":18}},"215":{"start":{"line":780,"column":22},"end":{"line":780,"column":52}},"216":{"start":{"line":782,"column":6},"end":{"line":784,"column":7}},"217":{"start":{"line":783,"column":8},"end":{"line":783,"column":20}},"218":{"start":{"line":788,"column":8},"end":{"line":788,"column":73}},"219":{"start":{"line":789,"column":6},"end":{"line":794,"column":7}},"220":{"start":{"line":793,"column":8},"end":{"line":793,"column":20}},"221":{"start":{"line":798,"column":8},"end":{"line":798,"column":74}},"222":{"start":{"line":799,"column":6},"end":{"line":801,"column":7}},"223":{"start":{"line":800,"column":8},"end":{"line":800,"column":20}},"224":{"start":{"line":803,"column":6},"end":{"line":803,"column":null}},"225":{"start":{"line":807,"column":4},"end":{"line":807,"column":null}},"226":{"start":{"line":807,"column":31},"end":{"line":807,"column":48}},"227":{"start":{"line":808,"column":4},"end":{"line":808,"column":null}},"228":{"start":{"line":817,"column":17},"end":{"line":817,"column":38}},"229":{"start":{"line":821,"column":4},"end":{"line":883,"column":5}},"230":{"start":{"line":822,"column":27},"end":{"line":822,"column":44}},"231":{"start":{"line":823,"column":6},"end":{"line":826,"column":7}},"232":{"start":{"line":824,"column":8},"end":{"line":824,"column":null}},"233":{"start":{"line":825,"column":8},"end":{"line":825,"column":null}},"234":{"start":{"line":829,"column":6},"end":{"line":832,"column":7}},"235":{"start":{"line":830,"column":8},"end":{"line":830,"column":null}},"236":{"start":{"line":831,"column":8},"end":{"line":831,"column":null}},"237":{"start":{"line":835,"column":30},"end":{"line":835,"column":49}},"238":{"start":{"line":836,"column":6},"end":{"line":841,"column":7}},"239":{"start":{"line":837,"column":8},"end":{"line":839,"column":null}},"240":{"start":{"line":840,"column":8},"end":{"line":840,"column":null}},"241":{"start":{"line":844,"column":6},"end":{"line":874,"column":7}},"242":{"start":{"line":846,"column":28},"end":{"line":847,"column":null}},"243":{"start":{"line":847,"column":17},"end":{"line":847,"column":44}},"244":{"start":{"line":849,"column":8},"end":{"line":859,"column":9}},"245":{"start":{"line":850,"column":32},"end":{"line":851,"column":null}},"246":{"start":{"line":851,"column":25},"end":{"line":851,"column":61}},"247":{"start":{"line":853,"column":10},"end":{"line":858,"column":11}},"248":{"start":{"line":854,"column":12},"end":{"line":856,"column":null}},"249":{"start":{"line":857,"column":12},"end":{"line":857,"column":null}},"250":{"start":{"line":860,"column":13},"end":{"line":874,"column":7}},"251":{"start":{"line":862,"column":29},"end":{"line":862,"column":67}},"252":{"start":{"line":863,"column":8},"end":{"line":873,"column":9}},"253":{"start":{"line":864,"column":32},"end":{"line":865,"column":null}},"254":{"start":{"line":865,"column":25},"end":{"line":865,"column":61}},"255":{"start":{"line":867,"column":10},"end":{"line":872,"column":11}},"256":{"start":{"line":868,"column":12},"end":{"line":870,"column":null}},"257":{"start":{"line":871,"column":12},"end":{"line":871,"column":null}},"258":{"start":{"line":876,"column":6},"end":{"line":878,"column":null}},"259":{"start":{"line":879,"column":6},"end":{"line":879,"column":null}},"260":{"start":{"line":881,"column":6},"end":{"line":881,"column":null}},"261":{"start":{"line":882,"column":6},"end":{"line":882,"column":null}},"262":{"start":{"line":892,"column":17},"end":{"line":892,"column":38}},"263":{"start":{"line":896,"column":4},"end":{"line":1033,"column":5}},"264":{"start":{"line":897,"column":27},"end":{"line":897,"column":44}},"265":{"start":{"line":898,"column":6},"end":{"line":901,"column":7}},"266":{"start":{"line":899,"column":8},"end":{"line":899,"column":null}},"267":{"start":{"line":900,"column":8},"end":{"line":900,"column":null}},"268":{"start":{"line":904,"column":6},"end":{"line":907,"column":7}},"269":{"start":{"line":905,"column":8},"end":{"line":905,"column":null}},"270":{"start":{"line":906,"column":8},"end":{"line":906,"column":null}},"271":{"start":{"line":910,"column":6},"end":{"line":915,"column":7}},"272":{"start":{"line":911,"column":8},"end":{"line":913,"column":null}},"273":{"start":{"line":914,"column":8},"end":{"line":914,"column":null}},"274":{"start":{"line":918,"column":6},"end":{"line":923,"column":7}},"275":{"start":{"line":919,"column":8},"end":{"line":921,"column":null}},"276":{"start":{"line":922,"column":8},"end":{"line":922,"column":null}},"277":{"start":{"line":926,"column":6},"end":{"line":934,"column":null}},"278":{"start":{"line":938,"column":24},"end":{"line":938,"column":28}},"279":{"start":{"line":940,"column":6},"end":{"line":949,"column":7}},"280":{"start":{"line":942,"column":27},"end":{"line":942,"column":44}},"281":{"start":{"line":943,"column":8},"end":{"line":943,"column":null}},"282":{"start":{"line":943,"column":56},"end":{"line":943,"column":79}},"283":{"start":{"line":944,"column":13},"end":{"line":949,"column":7}},"284":{"start":{"line":946,"column":8},"end":{"line":948,"column":null}},"285":{"start":{"line":947,"column":21},"end":{"line":947,"column":54}},"286":{"start":{"line":952,"column":6},"end":{"line":960,"column":null}},"287":{"start":{"line":958,"column":44},"end":{"line":958,"column":51}},"288":{"start":{"line":962,"column":6},"end":{"line":1003,"column":7}},"289":{"start":{"line":964,"column":30},"end":{"line":965,"column":null}},"290":{"start":{"line":965,"column":23},"end":{"line":965,"column":59}},"291":{"start":{"line":968,"column":8},"end":{"line":981,"column":9}},"292":{"start":{"line":969,"column":10},"end":{"line":971,"column":null}},"293":{"start":{"line":972,"column":10},"end":{"line":972,"column":null}},"294":{"start":{"line":974,"column":10},"end":{"line":976,"column":null}},"295":{"start":{"line":977,"column":10},"end":{"line":980,"column":null}},"296":{"start":{"line":979,"column":45},"end":{"line":979,"column":73}},"297":{"start":{"line":983,"column":8},"end":{"line":986,"column":null}},"298":{"start":{"line":989,"column":8},"end":{"line":992,"column":null}},"299":{"start":{"line":991,"column":39},"end":{"line":991,"column":43}},"300":{"start":{"line":993,"column":8},"end":{"line":1002,"column":null}},"301":{"start":{"line":996,"column":27},"end":{"line":996,"column":48}},"302":{"start":{"line":997,"column":25},"end":{"line":1001,"column":14}},"303":{"start":{"line":1000,"column":46},"end":{"line":1000,"column":53}},"304":{"start":{"line":1006,"column":6},"end":{"line":1025,"column":7}},"305":{"start":{"line":1011,"column":8},"end":{"line":1014,"column":9}},"306":{"start":{"line":1012,"column":10},"end":{"line":1012,"column":null}},"307":{"start":{"line":1013,"column":10},"end":{"line":1013,"column":null}},"308":{"start":{"line":1016,"column":29},"end":{"line":1016,"column":67}},"309":{"start":{"line":1017,"column":8},"end":{"line":1024,"column":9}},"310":{"start":{"line":1018,"column":32},"end":{"line":1019,"column":null}},"311":{"start":{"line":1019,"column":25},"end":{"line":1019,"column":61}},"312":{"start":{"line":1021,"column":10},"end":{"line":1023,"column":11}},"313":{"start":{"line":1022,"column":12},"end":{"line":1022,"column":null}},"314":{"start":{"line":1027,"column":6},"end":{"line":1027,"column":null}},"315":{"start":{"line":1029,"column":6},"end":{"line":1029,"column":null}},"316":{"start":{"line":1030,"column":6},"end":{"line":1030,"column":null}},"317":{"start":{"line":1031,"column":6},"end":{"line":1031,"column":null}},"318":{"start":{"line":1032,"column":6},"end":{"line":1032,"column":null}},"319":{"start":{"line":1040,"column":17},"end":{"line":1040,"column":37}},"320":{"start":{"line":1043,"column":4},"end":{"line":1046,"column":null}},"321":{"start":{"line":1048,"column":23},"end":{"line":1048,"column":38}},"322":{"start":{"line":1049,"column":4},"end":{"line":1056,"column":5}},"323":{"start":{"line":1050,"column":6},"end":{"line":1052,"column":null}},"324":{"start":{"line":1053,"column":6},"end":{"line":1055,"column":null}},"325":{"start":{"line":1058,"column":4},"end":{"line":1060,"column":null}},"326":{"start":{"line":1065,"column":23},"end":{"line":1065,"column":56}},"327":{"start":{"line":1066,"column":25},"end":{"line":1080,"column":6}},"328":{"start":{"line":1067,"column":6},"end":{"line":1078,"column":7}},"329":{"start":{"line":1068,"column":8},"end":{"line":1076,"column":null}},"330":{"start":{"line":1079,"column":6},"end":{"line":1079,"column":null}},"331":{"start":{"line":1083,"column":22},"end":{"line":1083,"column":70}},"332":{"start":{"line":1086,"column":27},"end":{"line":1092,"column":6}},"333":{"start":{"line":1087,"column":6},"end":{"line":1091,"column":7}},"334":{"start":{"line":1088,"column":8},"end":{"line":1088,"column":60}},"335":{"start":{"line":1090,"column":8},"end":{"line":1090,"column":59}},"336":{"start":{"line":1095,"column":28},"end":{"line":1096,"column":null}},"337":{"start":{"line":1096,"column":18},"end":{"line":1096,"column":39}},"338":{"start":{"line":1098,"column":30},"end":{"line":1099,"column":null}},"339":{"start":{"line":1099,"column":18},"end":{"line":1099,"column":46}},"340":{"start":{"line":1102,"column":4},"end":{"line":1104,"column":null}},"341":{"start":{"line":1105,"column":4},"end":{"line":1110,"column":null}},"342":{"start":{"line":1113,"column":29},"end":{"line":1116,"column":null}},"343":{"start":{"line":1119,"column":4},"end":{"line":1122,"column":null}},"344":{"start":{"line":1125,"column":21},"end":{"line":1125,"column":23}},"345":{"start":{"line":1126,"column":4},"end":{"line":1162,"column":5}},"346":{"start":{"line":1128,"column":6},"end":{"line":1144,"column":7}},"347":{"start":{"line":1129,"column":8},"end":{"line":1131,"column":null}},"348":{"start":{"line":1132,"column":8},"end":{"line":1132,"column":null}},"349":{"start":{"line":1133,"column":13},"end":{"line":1144,"column":7}},"350":{"start":{"line":1134,"column":8},"end":{"line":1136,"column":null}},"351":{"start":{"line":1137,"column":8},"end":{"line":1137,"column":null}},"352":{"start":{"line":1138,"column":13},"end":{"line":1144,"column":7}},"353":{"start":{"line":1139,"column":8},"end":{"line":1141,"column":null}},"354":{"start":{"line":1143,"column":8},"end":{"line":1143,"column":null}},"355":{"start":{"line":1147,"column":6},"end":{"line":1155,"column":7}},"356":{"start":{"line":1148,"column":26},"end":{"line":1148,"column":45}},"357":{"start":{"line":1149,"column":8},"end":{"line":1154,"column":null}},"358":{"start":{"line":1157,"column":6},"end":{"line":1160,"column":null}},"359":{"start":{"line":1161,"column":6},"end":{"line":1161,"column":null}},"360":{"start":{"line":1164,"column":4},"end":{"line":1167,"column":null}},"361":{"start":{"line":1170,"column":20},"end":{"line":1180,"column":null}},"362":{"start":{"line":1183,"column":4},"end":{"line":1186,"column":null}},"363":{"start":{"line":1187,"column":4},"end":{"line":1190,"column":null}},"364":{"start":{"line":1192,"column":4},"end":{"line":1192,"column":null}}},"fnMap":{"0":{"name":"(anonymous_7)","decl":{"start":{"line":584,"column":2},"end":{"line":584,"column":8}},"loc":{"start":{"line":584,"column":52},"end":{"line":586,"column":3}}},"1":{"name":"(anonymous_8)","decl":{"start":{"line":591,"column":2},"end":{"line":591,"column":8}},"loc":{"start":{"line":591,"column":40},"end":{"line":593,"column":3}}},"2":{"name":"(anonymous_9)","decl":{"start":{"line":598,"column":2},"end":{"line":598,"column":8}},"loc":{"start":{"line":598,"column":22},"end":{"line":600,"column":3}}},"3":{"name":"(anonymous_10)","decl":{"start":{"line":605,"column":2},"end":{"line":605,"column":8}},"loc":{"start":{"line":605,"column":21},"end":{"line":607,"column":3}}},"4":{"name":"(anonymous_11)","decl":{"start":{"line":23,"column":2},"end":{"line":23,"column":null}},"loc":{"start":{"line":23,"column":2},"end":{"line":26,"column":3}}},"5":{"name":"makeOptimalMove","decl":{"start":{"line":36,"column":49},"end":{"line":36,"column":64}},"loc":{"start":{"line":36,"column":64},"end":{"line":36,"column":34}}},"6":{"name":"(anonymous_13)","decl":{"start":{"line":37,"column":4},"end":{"line":37,"column":24}},"loc":{"start":{"line":39,"column":21},"end":{"line":116,"column":null}}},"7":{"name":"(anonymous_14)","decl":{"start":{"line":68,"column":51},"end":{"line":68,"column":52}},"loc":{"start":{"line":68,"column":63},"end":{"line":68,"column":77}}},"8":{"name":"rollForStart","decl":{"start":{"line":121,"column":47},"end":{"line":121,"column":59}},"loc":{"start":{"line":122,"column":24},"end":{"line":121,"column":32}}},"9":{"name":"rollDice","decl":{"start":{"line":143,"column":43},"end":{"line":143,"column":51}},"loc":{"start":{"line":144,"column":24},"end":{"line":143,"column":28}}},"10":{"name":"makeAIMove","decl":{"start":{"line":166,"column":45},"end":{"line":166,"column":55}},"loc":{"start":{"line":169,"column":21},"end":{"line":166,"column":30}}},"11":{"name":"(anonymous_21)","decl":{"start":{"line":253,"column":10},"end":{"line":253,"column":11}},"loc":{"start":{"line":253,"column":16},"end":{"line":253,"column":null}}},"12":{"name":"(anonymous_22)","decl":{"start":{"line":294,"column":14},"end":{"line":294,"column":15}},"loc":{"start":{"line":294,"column":21},"end":{"line":294,"column":42}}},"13":{"name":"(anonymous_23)","decl":{"start":{"line":297,"column":14},"end":{"line":297,"column":15}},"loc":{"start":{"line":297,"column":21},"end":{"line":297,"column":56}}},"14":{"name":"(anonymous_24)","decl":{"start":{"line":318,"column":59},"end":{"line":318,"column":60}},"loc":{"start":{"line":319,"column":14},"end":{"line":319,"column":78}}},"15":{"name":"(anonymous_25)","decl":{"start":{"line":359,"column":58},"end":{"line":359,"column":59}},"loc":{"start":{"line":359,"column":72},"end":{"line":387,"column":7}}},"16":{"name":"(anonymous_26)","decl":{"start":{"line":366,"column":12},"end":{"line":366,"column":13}},"loc":{"start":{"line":366,"column":30},"end":{"line":366,"column":78}}},"17":{"name":"(anonymous_27)","decl":{"start":{"line":374,"column":58},"end":{"line":374,"column":59}},"loc":{"start":{"line":374,"column":70},"end":{"line":374,"column":77}}},"18":{"name":"(anonymous_28)","decl":{"start":{"line":414,"column":55},"end":{"line":414,"column":56}},"loc":{"start":{"line":414,"column":61},"end":{"line":414,"column":75}}},"19":{"name":"(anonymous_29)","decl":{"start":{"line":449,"column":8},"end":{"line":449,"column":9}},"loc":{"start":{"line":449,"column":26},"end":{"line":449,"column":62}}},"20":{"name":"(anonymous_30)","decl":{"start":{"line":459,"column":56},"end":{"line":459,"column":57}},"loc":{"start":{"line":459,"column":68},"end":{"line":459,"column":75}}},"21":{"name":"executeMove","decl":{"start":{"line":536,"column":46},"end":{"line":536,"column":57}},"loc":{"start":{"line":538,"column":21},"end":{"line":536,"column":31}}},"22":{"name":"(anonymous_33)","decl":{"start":{"line":551,"column":25},"end":{"line":551,"column":34}},"loc":{"start":{"line":551,"column":36},"end":{"line":551,"column":null}}},"23":{"name":"(anonymous_34)","decl":{"start":{"line":551,"column":36},"end":{"line":551,"column":37}},"loc":{"start":{"line":551,"column":36},"end":{"line":551,"column":null}}},"24":{"name":"selectMoveByDifficulty","decl":{"start":{"line":616,"column":51},"end":{"line":616,"column":73}},"loc":{"start":{"line":619,"column":24},"end":{"line":637,"column":null}}},"25":{"name":"selectIntermediateMove","decl":{"start":{"line":642,"column":51},"end":{"line":642,"column":73}},"loc":{"start":{"line":644,"column":24},"end":{"line":708,"column":null}}},"26":{"name":"(anonymous_37)","decl":{"start":{"line":650,"column":42},"end":{"line":650,"column":43}},"loc":{"start":{"line":650,"column":51},"end":{"line":703,"column":5}}},"27":{"name":"(anonymous_38)","decl":{"start":{"line":706,"column":21},"end":{"line":706,"column":22}},"loc":{"start":{"line":706,"column":31},"end":{"line":706,"column":48}}},"28":{"name":"selectAdvancedMove","decl":{"start":{"line":713,"column":47},"end":{"line":713,"column":65}},"loc":{"start":{"line":715,"column":24},"end":{"line":809,"column":null}}},"29":{"name":"(anonymous_40)","decl":{"start":{"line":721,"column":42},"end":{"line":721,"column":43}},"loc":{"start":{"line":721,"column":51},"end":{"line":804,"column":5}}},"30":{"name":"(anonymous_41)","decl":{"start":{"line":780,"column":10},"end":{"line":780,"column":11}},"loc":{"start":{"line":780,"column":22},"end":{"line":780,"column":52}}},"31":{"name":"(anonymous_42)","decl":{"start":{"line":807,"column":21},"end":{"line":807,"column":22}},"loc":{"start":{"line":807,"column":31},"end":{"line":807,"column":48}}},"32":{"name":"findCheckerForMove","decl":{"start":{"line":817,"column":47},"end":{"line":817,"column":65}},"loc":{"start":{"line":819,"column":21},"end":{"line":884,"column":null}}},"33":{"name":"(anonymous_44)","decl":{"start":{"line":847,"column":10},"end":{"line":847,"column":11}},"loc":{"start":{"line":847,"column":17},"end":{"line":847,"column":44}}},"34":{"name":"(anonymous_45)","decl":{"start":{"line":851,"column":12},"end":{"line":851,"column":13}},"loc":{"start":{"line":851,"column":25},"end":{"line":851,"column":61}}},"35":{"name":"(anonymous_46)","decl":{"start":{"line":865,"column":12},"end":{"line":865,"column":13}},"loc":{"start":{"line":865,"column":25},"end":{"line":865,"column":61}}},"36":{"name":"findOptimalChecker","decl":{"start":{"line":892,"column":47},"end":{"line":892,"column":65}},"loc":{"start":{"line":894,"column":19},"end":{"line":1034,"column":null}}},"37":{"name":"(anonymous_48)","decl":{"start":{"line":943,"column":45},"end":{"line":943,"column":46}},"loc":{"start":{"line":943,"column":56},"end":{"line":943,"column":79}}},"38":{"name":"(anonymous_49)","decl":{"start":{"line":947,"column":10},"end":{"line":947,"column":11}},"loc":{"start":{"line":947,"column":21},"end":{"line":947,"column":54}}},"39":{"name":"(anonymous_50)","decl":{"start":{"line":958,"column":37},"end":{"line":958,"column":38}},"loc":{"start":{"line":958,"column":44},"end":{"line":958,"column":51}}},"40":{"name":"(anonymous_51)","decl":{"start":{"line":965,"column":10},"end":{"line":965,"column":11}},"loc":{"start":{"line":965,"column":23},"end":{"line":965,"column":59}}},"41":{"name":"(anonymous_52)","decl":{"start":{"line":979,"column":37},"end":{"line":979,"column":38}},"loc":{"start":{"line":979,"column":45},"end":{"line":979,"column":73}}},"42":{"name":"(anonymous_53)","decl":{"start":{"line":991,"column":32},"end":{"line":991,"column":33}},"loc":{"start":{"line":991,"column":39},"end":{"line":991,"column":43}}},"43":{"name":"(anonymous_54)","decl":{"start":{"line":996,"column":20},"end":{"line":996,"column":21}},"loc":{"start":{"line":996,"column":27},"end":{"line":996,"column":48}}},"44":{"name":"(anonymous_55)","decl":{"start":{"line":997,"column":17},"end":{"line":997,"column":18}},"loc":{"start":{"line":997,"column":25},"end":{"line":1001,"column":14}}},"45":{"name":"(anonymous_56)","decl":{"start":{"line":1000,"column":39},"end":{"line":1000,"column":40}},"loc":{"start":{"line":1000,"column":46},"end":{"line":1000,"column":53}}},"46":{"name":"(anonymous_57)","decl":{"start":{"line":1019,"column":12},"end":{"line":1019,"column":13}},"loc":{"start":{"line":1019,"column":25},"end":{"line":1019,"column":61}}},"47":{"name":"(anonymous_59)","decl":{"start":{"line":1066,"column":40},"end":{"line":1066,"column":41}},"loc":{"start":{"line":1066,"column":54},"end":{"line":1080,"column":5}}},"48":{"name":"(anonymous_60)","decl":{"start":{"line":1086,"column":44},"end":{"line":1086,"column":45}},"loc":{"start":{"line":1086,"column":60},"end":{"line":1092,"column":5}}},"49":{"name":"(anonymous_61)","decl":{"start":{"line":1096,"column":6},"end":{"line":1096,"column":7}},"loc":{"start":{"line":1096,"column":18},"end":{"line":1096,"column":39}}},"50":{"name":"(anonymous_62)","decl":{"start":{"line":1099,"column":6},"end":{"line":1099,"column":7}},"loc":{"start":{"line":1099,"column":18},"end":{"line":1099,"column":46}}}},"branchMap":{"0":{"loc":{"start":{"line":38,"column":4},"end":{"line":38,"column":44}},"type":"default-arg","locations":[{"start":{"line":38,"column":34},"end":{"line":38,"column":44}}]},"1":{"loc":{"start":{"line":43,"column":6},"end":{"line":48,"column":7}},"type":"if","locations":[{"start":{"line":43,"column":6},"end":{"line":48,"column":7}}]},"2":{"loc":{"start":{"line":50,"column":6},"end":{"line":55,"column":7}},"type":"if","locations":[{"start":{"line":50,"column":6},"end":{"line":55,"column":7}}]},"3":{"loc":{"start":{"line":57,"column":6},"end":{"line":62,"column":7}},"type":"if","locations":[{"start":{"line":57,"column":6},"end":{"line":62,"column":7}}]},"4":{"loc":{"start":{"line":57,"column":10},"end":{"line":57,"column":50}},"type":"binary-expr","locations":[{"start":{"line":57,"column":10},"end":{"line":57,"column":23}},{"start":{"line":57,"column":27},"end":{"line":57,"column":50}}]},"5":{"loc":{"start":{"line":65,"column":6},"end":{"line":107,"column":7}},"type":"switch","locations":[{"start":{"line":66,"column":8},"end":{"line":75,"column":null}},{"start":{"line":77,"column":8},"end":{"line":77,"column":32}},{"start":{"line":78,"column":8},"end":{"line":87,"column":null}},{"start":{"line":89,"column":8},"end":{"line":89,"column":22}},{"start":{"line":90,"column":8},"end":{"line":90,"column":30}},{"start":{"line":91,"column":8},"end":{"line":100,"column":null}},{"start":{"line":102,"column":8},"end":{"line":106,"column":null}}]},"6":{"loc":{"start":{"line":69,"column":10},"end":{"line":74,"column":11}},"type":"if","locations":[{"start":{"line":69,"column":10},"end":{"line":74,"column":11}}]},"7":{"loc":{"start":{"line":81,"column":10},"end":{"line":86,"column":11}},"type":"if","locations":[{"start":{"line":81,"column":10},"end":{"line":86,"column":11}}]},"8":{"loc":{"start":{"line":81,"column":15},"end":{"line":81,"column":36}},"type":"cond-expr","locations":[{"start":{"line":81,"column":27},"end":{"line":81,"column":29}},{"start":{"line":81,"column":15},"end":{"line":81,"column":36}}]},"9":{"loc":{"start":{"line":81,"column":15},"end":{"line":81,"column":29}},"type":"binary-expr","locations":[{"start":{"line":81,"column":15},"end":{"line":81,"column":29}},{"start":{"line":81,"column":15},"end":{"line":81,"column":29}}]},"10":{"loc":{"start":{"line":94,"column":10},"end":{"line":99,"column":11}},"type":"if","locations":[{"start":{"line":94,"column":10},"end":{"line":99,"column":11}}]},"11":{"loc":{"start":{"line":94,"column":15},"end":{"line":94,"column":43}},"type":"cond-expr","locations":[{"start":{"line":94,"column":34},"end":{"line":94,"column":36}},{"start":{"line":94,"column":15},"end":{"line":94,"column":43}}]},"12":{"loc":{"start":{"line":94,"column":15},"end":{"line":94,"column":36}},"type":"binary-expr","locations":[{"start":{"line":94,"column":15},"end":{"line":94,"column":36}},{"start":{"line":94,"column":15},"end":{"line":94,"column":36}}]},"13":{"loc":{"start":{"line":113,"column":15},"end":{"line":113,"column":71}},"type":"cond-expr","locations":[{"start":{"line":113,"column":40},"end":{"line":113,"column":53}},{"start":{"line":113,"column":56},"end":{"line":113,"column":71}}]},"14":{"loc":{"start":{"line":135,"column":10},"end":{"line":135,"column":77}},"type":"cond-expr","locations":[{"start":{"line":135,"column":35},"end":{"line":135,"column":48}},{"start":{"line":135,"column":51},"end":{"line":135,"column":77}}]},"15":{"loc":{"start":{"line":152,"column":10},"end":{"line":152,"column":null}},"type":"binary-expr","locations":[{"start":{"line":152,"column":10},"end":{"line":152,"column":65}},{"start":{"line":152,"column":69},"end":{"line":152,"column":null}}]},"16":{"loc":{"start":{"line":152,"column":10},"end":{"line":152,"column":65}},"type":"cond-expr","locations":[{"start":{"line":152,"column":53},"end":{"line":152,"column":55}},{"start":{"line":152,"column":53},"end":{"line":152,"column":65}}]},"17":{"loc":{"start":{"line":152,"column":10},"end":{"line":152,"column":55}},"type":"binary-expr","locations":[{"start":{"line":152,"column":10},"end":{"line":152,"column":55}},{"start":{"line":152,"column":53},"end":{"line":152,"column":55}}]},"18":{"loc":{"start":{"line":152,"column":10},"end":{"line":152,"column":53}},"type":"cond-expr","locations":[{"start":{"line":152,"column":40},"end":{"line":152,"column":42}},{"start":{"line":152,"column":40},"end":{"line":152,"column":53}}]},"19":{"loc":{"start":{"line":152,"column":10},"end":{"line":152,"column":42}},"type":"binary-expr","locations":[{"start":{"line":152,"column":10},"end":{"line":152,"column":42}},{"start":{"line":152,"column":40},"end":{"line":152,"column":42}}]},"20":{"loc":{"start":{"line":152,"column":10},"end":{"line":152,"column":40}},"type":"cond-expr","locations":[{"start":{"line":152,"column":34},"end":{"line":152,"column":36}},{"start":{"line":152,"column":34},"end":{"line":152,"column":40}}]},"21":{"loc":{"start":{"line":152,"column":10},"end":{"line":152,"column":36}},"type":"binary-expr","locations":[{"start":{"line":152,"column":10},"end":{"line":152,"column":36}},{"start":{"line":152,"column":34},"end":{"line":152,"column":36}}]},"22":{"loc":{"start":{"line":158,"column":15},"end":{"line":158,"column":77}},"type":"cond-expr","locations":[{"start":{"line":158,"column":40},"end":{"line":158,"column":53}},{"start":{"line":158,"column":56},"end":{"line":158,"column":77}}]},"23":{"loc":{"start":{"line":173,"column":6},"end":{"line":178,"column":7}},"type":"if","locations":[{"start":{"line":173,"column":6},"end":{"line":178,"column":7}}]},"24":{"loc":{"start":{"line":180,"column":6},"end":{"line":185,"column":7}},"type":"if","locations":[{"start":{"line":180,"column":6},"end":{"line":185,"column":7}}]},"25":{"loc":{"start":{"line":188,"column":6},"end":{"line":193,"column":7}},"type":"if","locations":[{"start":{"line":188,"column":6},"end":{"line":193,"column":7}}]},"26":{"loc":{"start":{"line":188,"column":10},"end":{"line":188,"column":72}},"type":"binary-expr","locations":[{"start":{"line":188,"column":10},"end":{"line":188,"column":33}},{"start":{"line":188,"column":37},"end":{"line":188,"column":72}}]},"27":{"loc":{"start":{"line":197,"column":6},"end":{"line":229,"column":7}},"type":"if","locations":[{"start":{"line":197,"column":6},"end":{"line":229,"column":7}},{"start":{"line":202,"column":13},"end":{"line":229,"column":7}}]},"28":{"loc":{"start":{"line":202,"column":13},"end":{"line":229,"column":7}},"type":"if","locations":[{"start":{"line":202,"column":13},"end":{"line":229,"column":7}},{"start":{"line":205,"column":13},"end":{"line":229,"column":7}}]},"29":{"loc":{"start":{"line":205,"column":13},"end":{"line":229,"column":7}},"type":"if","locations":[{"start":{"line":205,"column":13},"end":{"line":229,"column":7}},{"start":{"line":224,"column":13},"end":{"line":229,"column":7}}]},"30":{"loc":{"start":{"line":208,"column":8},"end":{"line":223,"column":9}},"type":"if","locations":[{"start":{"line":208,"column":8},"end":{"line":223,"column":9}},{"start":{"line":220,"column":15},"end":{"line":223,"column":9}}]},"31":{"loc":{"start":{"line":208,"column":12},"end":{"line":208,"column":69}},"type":"binary-expr","locations":[{"start":{"line":208,"column":12},"end":{"line":208,"column":27}},{"start":{"line":208,"column":31},"end":{"line":208,"column":69}}]},"32":{"loc":{"start":{"line":234,"column":27},"end":{"line":234,"column":58}},"type":"cond-expr","locations":[{"start":{"line":234,"column":51},"end":{"line":234,"column":53}},{"start":{"line":234,"column":51},"end":{"line":234,"column":58}}]},"33":{"loc":{"start":{"line":234,"column":27},"end":{"line":234,"column":53}},"type":"binary-expr","locations":[{"start":{"line":234,"column":27},"end":{"line":234,"column":53}},{"start":{"line":234,"column":51},"end":{"line":234,"column":53}}]},"34":{"loc":{"start":{"line":235,"column":31},"end":{"line":235,"column":66}},"type":"cond-expr","locations":[{"start":{"line":235,"column":55},"end":{"line":235,"column":57}},{"start":{"line":235,"column":55},"end":{"line":235,"column":66}}]},"35":{"loc":{"start":{"line":235,"column":31},"end":{"line":235,"column":57}},"type":"binary-expr","locations":[{"start":{"line":235,"column":31},"end":{"line":235,"column":57}},{"start":{"line":235,"column":55},"end":{"line":235,"column":57}}]},"36":{"loc":{"start":{"line":236,"column":25},"end":{"line":236,"column":58}},"type":"cond-expr","locations":[{"start":{"line":236,"column":47},"end":{"line":236,"column":49}},{"start":{"line":236,"column":47},"end":{"line":236,"column":58}}]},"37":{"loc":{"start":{"line":236,"column":25},"end":{"line":236,"column":49}},"type":"binary-expr","locations":[{"start":{"line":236,"column":25},"end":{"line":236,"column":49}},{"start":{"line":236,"column":47},"end":{"line":236,"column":49}}]},"38":{"loc":{"start":{"line":238,"column":18},"end":{"line":240,"column":13}},"type":"cond-expr","locations":[{"start":{"line":239,"column":12},"end":{"line":239,"column":45}},{"start":{"line":240,"column":12},"end":{"line":240,"column":13}}]},"39":{"loc":{"start":{"line":238,"column":18},"end":{"line":238,"column":47}},"type":"cond-expr","locations":[{"start":{"line":238,"column":40},"end":{"line":238,"column":42}},{"start":{"line":238,"column":40},"end":{"line":238,"column":47}}]},"40":{"loc":{"start":{"line":238,"column":18},"end":{"line":238,"column":42}},"type":"binary-expr","locations":[{"start":{"line":238,"column":18},"end":{"line":238,"column":42}},{"start":{"line":238,"column":40},"end":{"line":238,"column":42}}]},"41":{"loc":{"start":{"line":248,"column":20},"end":{"line":248,"column":66}},"type":"binary-expr","locations":[{"start":{"line":248,"column":20},"end":{"line":248,"column":61}},{"start":{"line":248,"column":65},"end":{"line":248,"column":66}}]},"42":{"loc":{"start":{"line":248,"column":20},"end":{"line":248,"column":61}},"type":"cond-expr","locations":[{"start":{"line":248,"column":53},"end":{"line":248,"column":55}},{"start":{"line":248,"column":53},"end":{"line":248,"column":61}}]},"43":{"loc":{"start":{"line":248,"column":20},"end":{"line":248,"column":55}},"type":"binary-expr","locations":[{"start":{"line":248,"column":20},"end":{"line":248,"column":55}},{"start":{"line":248,"column":53},"end":{"line":248,"column":55}}]},"44":{"loc":{"start":{"line":249,"column":27},"end":{"line":249,"column":77}},"type":"cond-expr","locations":[{"start":{"line":249,"column":73},"end":{"line":249,"column":75}},{"start":{"line":249,"column":73},"end":{"line":249,"column":77}}]},"45":{"loc":{"start":{"line":249,"column":27},"end":{"line":249,"column":75}},"type":"binary-expr","locations":[{"start":{"line":249,"column":27},"end":{"line":249,"column":75}},{"start":{"line":249,"column":73},"end":{"line":249,"column":75}}]},"46":{"loc":{"start":{"line":249,"column":27},"end":{"line":249,"column":73}},"type":"cond-expr","locations":[{"start":{"line":249,"column":65},"end":{"line":249,"column":67}},{"start":{"line":249,"column":65},"end":{"line":249,"column":73}}]},"47":{"loc":{"start":{"line":249,"column":27},"end":{"line":249,"column":67}},"type":"binary-expr","locations":[{"start":{"line":249,"column":27},"end":{"line":249,"column":67}},{"start":{"line":249,"column":65},"end":{"line":249,"column":67}}]},"48":{"loc":{"start":{"line":249,"column":27},"end":{"line":249,"column":65}},"type":"cond-expr","locations":[{"start":{"line":249,"column":60},"end":{"line":249,"column":63}},{"start":{"line":249,"column":60},"end":{"line":249,"column":65}}]},"49":{"loc":{"start":{"line":249,"column":27},"end":{"line":249,"column":63}},"type":"binary-expr","locations":[{"start":{"line":249,"column":27},"end":{"line":249,"column":63}},{"start":{"line":249,"column":60},"end":{"line":249,"column":63}}]},"50":{"loc":{"start":{"line":251,"column":10},"end":{"line":251,"column":62}},"type":"cond-expr","locations":[{"start":{"line":251,"column":56},"end":{"line":251,"column":58}},{"start":{"line":251,"column":56},"end":{"line":251,"column":62}}]},"51":{"loc":{"start":{"line":251,"column":10},"end":{"line":251,"column":58}},"type":"binary-expr","locations":[{"start":{"line":251,"column":10},"end":{"line":251,"column":58}},{"start":{"line":251,"column":56},"end":{"line":251,"column":58}}]},"52":{"loc":{"start":{"line":251,"column":10},"end":{"line":251,"column":56}},"type":"cond-expr","locations":[{"start":{"line":251,"column":48},"end":{"line":251,"column":50}},{"start":{"line":251,"column":48},"end":{"line":251,"column":56}}]},"53":{"loc":{"start":{"line":251,"column":10},"end":{"line":251,"column":50}},"type":"binary-expr","locations":[{"start":{"line":251,"column":10},"end":{"line":251,"column":50}},{"start":{"line":251,"column":48},"end":{"line":251,"column":50}}]},"54":{"loc":{"start":{"line":251,"column":10},"end":{"line":251,"column":48}},"type":"cond-expr","locations":[{"start":{"line":251,"column":43},"end":{"line":251,"column":46}},{"start":{"line":251,"column":43},"end":{"line":251,"column":48}}]},"55":{"loc":{"start":{"line":251,"column":10},"end":{"line":251,"column":46}},"type":"binary-expr","locations":[{"start":{"line":251,"column":10},"end":{"line":251,"column":46}},{"start":{"line":251,"column":43},"end":{"line":251,"column":46}}]},"56":{"loc":{"start":{"line":252,"column":26},"end":{"line":253,"column":null}},"type":"cond-expr","locations":[{"start":{"line":252,"column":59},"end":{"line":252,"column":61}},{"start":{"line":252,"column":59},"end":{"line":253,"column":null}}]},"57":{"loc":{"start":{"line":252,"column":26},"end":{"line":252,"column":61}},"type":"binary-expr","locations":[{"start":{"line":252,"column":26},"end":{"line":252,"column":61}},{"start":{"line":252,"column":59},"end":{"line":252,"column":61}}]},"58":{"loc":{"start":{"line":253,"column":17},"end":{"line":253,"column":29}},"type":"cond-expr","locations":[{"start":{"line":253,"column":25},"end":{"line":253,"column":27}},{"start":{"line":253,"column":25},"end":{"line":253,"column":29}}]},"59":{"loc":{"start":{"line":253,"column":17},"end":{"line":253,"column":27}},"type":"binary-expr","locations":[{"start":{"line":253,"column":17},"end":{"line":253,"column":27}},{"start":{"line":253,"column":25},"end":{"line":253,"column":27}}]},"60":{"loc":{"start":{"line":257,"column":6},"end":{"line":351,"column":7}},"type":"if","locations":[{"start":{"line":257,"column":6},"end":{"line":351,"column":7}}]},"61":{"loc":{"start":{"line":258,"column":8},"end":{"line":260,"column":54}},"type":"binary-expr","locations":[{"start":{"line":258,"column":8},"end":{"line":258,"column":36}},{"start":{"line":259,"column":8},"end":{"line":259,"column":42}},{"start":{"line":260,"column":8},"end":{"line":260,"column":54}}]},"62":{"loc":{"start":{"line":266,"column":8},"end":{"line":272,"column":9}},"type":"if","locations":[{"start":{"line":266,"column":8},"end":{"line":272,"column":9}}]},"63":{"loc":{"start":{"line":291,"column":14},"end":{"line":291,"column":69}},"type":"cond-expr","locations":[{"start":{"line":291,"column":52},"end":{"line":291,"column":59}},{"start":{"line":291,"column":62},"end":{"line":291,"column":69}}]},"64":{"loc":{"start":{"line":300,"column":12},"end":{"line":306,"column":13}},"type":"if","locations":[{"start":{"line":300,"column":12},"end":{"line":306,"column":13}}]},"65":{"loc":{"start":{"line":301,"column":14},"end":{"line":303,"column":46}},"type":"binary-expr","locations":[{"start":{"line":301,"column":14},"end":{"line":301,"column":25}},{"start":{"line":302,"column":14},"end":{"line":302,"column":28}},{"start":{"line":303,"column":14},"end":{"line":303,"column":46}}]},"66":{"loc":{"start":{"line":319,"column":14},"end":{"line":319,"column":78}},"type":"cond-expr","locations":[{"start":{"line":319,"column":38},"end":{"line":319,"column":55}},{"start":{"line":319,"column":58},"end":{"line":319,"column":78}}]},"67":{"loc":{"start":{"line":369,"column":10},"end":{"line":377,"column":11}},"type":"if","locations":[{"start":{"line":369,"column":10},"end":{"line":377,"column":11}}]},"68":{"loc":{"start":{"line":383,"column":19},"end":{"line":383,"column":75}},"type":"cond-expr","locations":[{"start":{"line":383,"column":44},"end":{"line":383,"column":57}},{"start":{"line":383,"column":60},"end":{"line":383,"column":75}}]},"69":{"loc":{"start":{"line":396,"column":6},"end":{"line":408,"column":7}},"type":"if","locations":[{"start":{"line":396,"column":6},"end":{"line":408,"column":7}}]},"70":{"loc":{"start":{"line":414,"column":62},"end":{"line":414,"column":74}},"type":"cond-expr","locations":[{"start":{"line":414,"column":70},"end":{"line":414,"column":72}},{"start":{"line":414,"column":70},"end":{"line":414,"column":74}}]},"71":{"loc":{"start":{"line":414,"column":62},"end":{"line":414,"column":72}},"type":"binary-expr","locations":[{"start":{"line":414,"column":62},"end":{"line":414,"column":72}},{"start":{"line":414,"column":70},"end":{"line":414,"column":72}}]},"72":{"loc":{"start":{"line":424,"column":30},"end":{"line":424,"column":54}},"type":"cond-expr","locations":[{"start":{"line":424,"column":50},"end":{"line":424,"column":52}},{"start":{"line":424,"column":50},"end":{"line":424,"column":54}}]},"73":{"loc":{"start":{"line":424,"column":30},"end":{"line":424,"column":52}},"type":"binary-expr","locations":[{"start":{"line":424,"column":30},"end":{"line":424,"column":52}},{"start":{"line":424,"column":50},"end":{"line":424,"column":52}}]},"74":{"loc":{"start":{"line":424,"column":30},"end":{"line":424,"column":50}},"type":"cond-expr","locations":[{"start":{"line":424,"column":42},"end":{"line":424,"column":44}},{"start":{"line":424,"column":30},"end":{"line":424,"column":50}}]},"75":{"loc":{"start":{"line":424,"column":30},"end":{"line":424,"column":44}},"type":"binary-expr","locations":[{"start":{"line":424,"column":30},"end":{"line":424,"column":44}},{"start":{"line":424,"column":30},"end":{"line":424,"column":44}}]},"76":{"loc":{"start":{"line":425,"column":32},"end":{"line":425,"column":58}},"type":"cond-expr","locations":[{"start":{"line":425,"column":52},"end":{"line":425,"column":54}},{"start":{"line":425,"column":52},"end":{"line":425,"column":58}}]},"77":{"loc":{"start":{"line":425,"column":32},"end":{"line":425,"column":54}},"type":"binary-expr","locations":[{"start":{"line":425,"column":32},"end":{"line":425,"column":54}},{"start":{"line":425,"column":52},"end":{"line":425,"column":54}}]},"78":{"loc":{"start":{"line":425,"column":32},"end":{"line":425,"column":52}},"type":"cond-expr","locations":[{"start":{"line":425,"column":44},"end":{"line":425,"column":46}},{"start":{"line":425,"column":32},"end":{"line":425,"column":52}}]},"79":{"loc":{"start":{"line":425,"column":32},"end":{"line":425,"column":46}},"type":"binary-expr","locations":[{"start":{"line":425,"column":32},"end":{"line":425,"column":46}},{"start":{"line":425,"column":32},"end":{"line":425,"column":46}}]},"80":{"loc":{"start":{"line":426,"column":35},"end":{"line":426,"column":64}},"type":"cond-expr","locations":[{"start":{"line":426,"column":60},"end":{"line":426,"column":62}},{"start":{"line":426,"column":60},"end":{"line":426,"column":64}}]},"81":{"loc":{"start":{"line":426,"column":35},"end":{"line":426,"column":62}},"type":"binary-expr","locations":[{"start":{"line":426,"column":35},"end":{"line":426,"column":62}},{"start":{"line":426,"column":60},"end":{"line":426,"column":62}}]},"82":{"loc":{"start":{"line":426,"column":35},"end":{"line":426,"column":60}},"type":"cond-expr","locations":[{"start":{"line":426,"column":47},"end":{"line":426,"column":49}},{"start":{"line":426,"column":35},"end":{"line":426,"column":60}}]},"83":{"loc":{"start":{"line":426,"column":35},"end":{"line":426,"column":49}},"type":"binary-expr","locations":[{"start":{"line":426,"column":35},"end":{"line":426,"column":49}},{"start":{"line":426,"column":35},"end":{"line":426,"column":49}}]},"84":{"loc":{"start":{"line":427,"column":37},"end":{"line":427,"column":68}},"type":"cond-expr","locations":[{"start":{"line":427,"column":62},"end":{"line":427,"column":64}},{"start":{"line":427,"column":62},"end":{"line":427,"column":68}}]},"85":{"loc":{"start":{"line":427,"column":37},"end":{"line":427,"column":64}},"type":"binary-expr","locations":[{"start":{"line":427,"column":37},"end":{"line":427,"column":64}},{"start":{"line":427,"column":62},"end":{"line":427,"column":64}}]},"86":{"loc":{"start":{"line":427,"column":37},"end":{"line":427,"column":62}},"type":"cond-expr","locations":[{"start":{"line":427,"column":49},"end":{"line":427,"column":51}},{"start":{"line":427,"column":37},"end":{"line":427,"column":62}}]},"87":{"loc":{"start":{"line":427,"column":37},"end":{"line":427,"column":51}},"type":"binary-expr","locations":[{"start":{"line":427,"column":37},"end":{"line":427,"column":51}},{"start":{"line":427,"column":37},"end":{"line":427,"column":51}}]},"88":{"loc":{"start":{"line":428,"column":18},"end":{"line":428,"column":40}},"type":"cond-expr","locations":[{"start":{"line":428,"column":30},"end":{"line":428,"column":32}},{"start":{"line":428,"column":18},"end":{"line":428,"column":40}}]},"89":{"loc":{"start":{"line":428,"column":18},"end":{"line":428,"column":32}},"type":"binary-expr","locations":[{"start":{"line":428,"column":18},"end":{"line":428,"column":32}},{"start":{"line":428,"column":18},"end":{"line":428,"column":32}}]},"90":{"loc":{"start":{"line":432,"column":6},"end":{"line":437,"column":7}},"type":"if","locations":[{"start":{"line":432,"column":6},"end":{"line":437,"column":7}}]},"91":{"loc":{"start":{"line":452,"column":6},"end":{"line":468,"column":7}},"type":"if","locations":[{"start":{"line":452,"column":6},"end":{"line":468,"column":7}}]},"92":{"loc":{"start":{"line":498,"column":8},"end":{"line":513,"column":9}},"type":"if","locations":[{"start":{"line":498,"column":8},"end":{"line":513,"column":9}}]},"93":{"loc":{"start":{"line":499,"column":10},"end":{"line":501,"column":63}},"type":"binary-expr","locations":[{"start":{"line":499,"column":10},"end":{"line":499,"column":36}},{"start":{"line":500,"column":11},"end":{"line":500,"column":57}},{"start":{"line":501,"column":12},"end":{"line":501,"column":62}}]},"94":{"loc":{"start":{"line":518,"column":12},"end":{"line":520,"column":39}},"type":"cond-expr","locations":[{"start":{"line":519,"column":16},"end":{"line":519,"column":33}},{"start":{"line":520,"column":16},"end":{"line":520,"column":39}}]},"95":{"loc":{"start":{"line":528,"column":15},"end":{"line":528,"column":72}},"type":"cond-expr","locations":[{"start":{"line":528,"column":40},"end":{"line":528,"column":53}},{"start":{"line":528,"column":56},"end":{"line":528,"column":72}}]},"96":{"loc":{"start":{"line":543,"column":6},"end":{"line":548,"column":7}},"type":"if","locations":[{"start":{"line":543,"column":6},"end":{"line":548,"column":7}}]},"97":{"loc":{"start":{"line":558,"column":6},"end":{"line":563,"column":7}},"type":"if","locations":[{"start":{"line":558,"column":6},"end":{"line":563,"column":7}}]},"98":{"loc":{"start":{"line":561,"column":17},"end":{"line":561,"column":60}},"type":"binary-expr","locations":[{"start":{"line":561,"column":17},"end":{"line":561,"column":33}},{"start":{"line":561,"column":37},"end":{"line":561,"column":60}}]},"99":{"loc":{"start":{"line":576,"column":15},"end":{"line":576,"column":79}},"type":"cond-expr","locations":[{"start":{"line":576,"column":40},"end":{"line":576,"column":53}},{"start":{"line":576,"column":56},"end":{"line":576,"column":79}}]},"100":{"loc":{"start":{"line":621,"column":4},"end":{"line":636,"column":5}},"type":"switch","locations":[{"start":{"line":622,"column":6},"end":{"line":624,"column":null}},{"start":{"line":626,"column":6},"end":{"line":628,"column":null}},{"start":{"line":630,"column":6},"end":{"line":632,"column":null}},{"start":{"line":634,"column":6},"end":{"line":635,"column":null}}]},"101":{"loc":{"start":{"line":647,"column":4},"end":{"line":647,"column":null}},"type":"if","locations":[{"start":{"line":647,"column":4},"end":{"line":647,"column":null}}]},"102":{"loc":{"start":{"line":654,"column":8},"end":{"line":656,"column":14}},"type":"cond-expr","locations":[{"start":{"line":655,"column":12},"end":{"line":655,"column":42}},{"start":{"line":656,"column":12},"end":{"line":656,"column":14}}]},"103":{"loc":{"start":{"line":659,"column":8},"end":{"line":661,"column":13}},"type":"cond-expr","locations":[{"start":{"line":660,"column":12},"end":{"line":660,"column":47}},{"start":{"line":661,"column":12},"end":{"line":661,"column":13}}]},"104":{"loc":{"start":{"line":664,"column":6},"end":{"line":668,"column":7}},"type":"if","locations":[{"start":{"line":664,"column":6},"end":{"line":668,"column":7}},{"start":{"line":666,"column":13},"end":{"line":668,"column":7}}]},"105":{"loc":{"start":{"line":671,"column":6},"end":{"line":673,"column":7}},"type":"if","locations":[{"start":{"line":671,"column":6},"end":{"line":673,"column":7}}]},"106":{"loc":{"start":{"line":676,"column":6},"end":{"line":678,"column":7}},"type":"if","locations":[{"start":{"line":676,"column":6},"end":{"line":678,"column":7}}]},"107":{"loc":{"start":{"line":676,"column":10},"end":{"line":676,"column":38}},"type":"cond-expr","locations":[{"start":{"line":676,"column":30},"end":{"line":676,"column":32}},{"start":{"line":676,"column":30},"end":{"line":676,"column":38}}]},"108":{"loc":{"start":{"line":676,"column":10},"end":{"line":676,"column":32}},"type":"binary-expr","locations":[{"start":{"line":676,"column":10},"end":{"line":676,"column":32}},{"start":{"line":676,"column":30},"end":{"line":676,"column":32}}]},"109":{"loc":{"start":{"line":681,"column":6},"end":{"line":686,"column":7}},"type":"if","locations":[{"start":{"line":681,"column":6},"end":{"line":686,"column":7}}]},"110":{"loc":{"start":{"line":682,"column":8},"end":{"line":683,"column":65}},"type":"binary-expr","locations":[{"start":{"line":682,"column":8},"end":{"line":682,"column":47}},{"start":{"line":683,"column":8},"end":{"line":683,"column":65}}]},"111":{"loc":{"start":{"line":682,"column":8},"end":{"line":682,"column":41}},"type":"cond-expr","locations":[{"start":{"line":682,"column":33},"end":{"line":682,"column":35}},{"start":{"line":682,"column":33},"end":{"line":682,"column":41}}]},"112":{"loc":{"start":{"line":682,"column":8},"end":{"line":682,"column":35}},"type":"binary-expr","locations":[{"start":{"line":682,"column":8},"end":{"line":682,"column":35}},{"start":{"line":682,"column":33},"end":{"line":682,"column":35}}]},"113":{"loc":{"start":{"line":690,"column":8},"end":{"line":690,"column":73}},"type":"cond-expr","locations":[{"start":{"line":690,"column":41},"end":{"line":690,"column":56}},{"start":{"line":690,"column":59},"end":{"line":690,"column":73}}]},"114":{"loc":{"start":{"line":691,"column":6},"end":{"line":693,"column":7}},"type":"if","locations":[{"start":{"line":691,"column":6},"end":{"line":693,"column":7}}]},"115":{"loc":{"start":{"line":697,"column":8},"end":{"line":697,"column":73}},"type":"cond-expr","locations":[{"start":{"line":697,"column":41},"end":{"line":697,"column":56}},{"start":{"line":697,"column":59},"end":{"line":697,"column":73}}]},"116":{"loc":{"start":{"line":698,"column":6},"end":{"line":700,"column":7}},"type":"if","locations":[{"start":{"line":698,"column":6},"end":{"line":700,"column":7}}]},"117":{"loc":{"start":{"line":718,"column":4},"end":{"line":718,"column":null}},"type":"if","locations":[{"start":{"line":718,"column":4},"end":{"line":718,"column":null}}]},"118":{"loc":{"start":{"line":725,"column":8},"end":{"line":727,"column":14}},"type":"cond-expr","locations":[{"start":{"line":726,"column":12},"end":{"line":726,"column":42}},{"start":{"line":727,"column":12},"end":{"line":727,"column":14}}]},"119":{"loc":{"start":{"line":730,"column":8},"end":{"line":732,"column":13}},"type":"cond-expr","locations":[{"start":{"line":731,"column":12},"end":{"line":731,"column":47}},{"start":{"line":732,"column":12},"end":{"line":732,"column":13}}]},"120":{"loc":{"start":{"line":736,"column":8},"end":{"line":738,"column":38}},"type":"cond-expr","locations":[{"start":{"line":737,"column":12},"end":{"line":737,"column":38}},{"start":{"line":738,"column":12},"end":{"line":738,"column":38}}]},"121":{"loc":{"start":{"line":742,"column":6},"end":{"line":744,"column":7}},"type":"if","locations":[{"start":{"line":742,"column":6},"end":{"line":744,"column":7}}]},"122":{"loc":{"start":{"line":747,"column":6},"end":{"line":752,"column":7}},"type":"if","locations":[{"start":{"line":747,"column":6},"end":{"line":752,"column":7}}]},"123":{"loc":{"start":{"line":747,"column":10},"end":{"line":747,"column":38}},"type":"cond-expr","locations":[{"start":{"line":747,"column":30},"end":{"line":747,"column":32}},{"start":{"line":747,"column":30},"end":{"line":747,"column":38}}]},"124":{"loc":{"start":{"line":747,"column":10},"end":{"line":747,"column":32}},"type":"binary-expr","locations":[{"start":{"line":747,"column":10},"end":{"line":747,"column":32}},{"start":{"line":747,"column":30},"end":{"line":747,"column":32}}]},"125":{"loc":{"start":{"line":750,"column":10},"end":{"line":750,"column":75}},"type":"cond-expr","locations":[{"start":{"line":750,"column":43},"end":{"line":750,"column":58}},{"start":{"line":750,"column":61},"end":{"line":750,"column":75}}]},"126":{"loc":{"start":{"line":751,"column":17},"end":{"line":751,"column":43}},"type":"cond-expr","locations":[{"start":{"line":751,"column":36},"end":{"line":751,"column":38}},{"start":{"line":751,"column":41},"end":{"line":751,"column":43}}]},"127":{"loc":{"start":{"line":755,"column":6},"end":{"line":760,"column":7}},"type":"if","locations":[{"start":{"line":755,"column":6},"end":{"line":760,"column":7}}]},"128":{"loc":{"start":{"line":756,"column":8},"end":{"line":757,"column":65}},"type":"binary-expr","locations":[{"start":{"line":756,"column":8},"end":{"line":756,"column":47}},{"start":{"line":757,"column":8},"end":{"line":757,"column":65}}]},"129":{"loc":{"start":{"line":756,"column":8},"end":{"line":756,"column":41}},"type":"cond-expr","locations":[{"start":{"line":756,"column":33},"end":{"line":756,"column":35}},{"start":{"line":756,"column":33},"end":{"line":756,"column":41}}]},"130":{"loc":{"start":{"line":756,"column":8},"end":{"line":756,"column":35}},"type":"binary-expr","locations":[{"start":{"line":756,"column":8},"end":{"line":756,"column":35}},{"start":{"line":756,"column":33},"end":{"line":756,"column":35}}]},"131":{"loc":{"start":{"line":763,"column":6},"end":{"line":768,"column":7}},"type":"if","locations":[{"start":{"line":763,"column":6},"end":{"line":768,"column":7}}]},"132":{"loc":{"start":{"line":764,"column":8},"end":{"line":765,"column":65}},"type":"binary-expr","locations":[{"start":{"line":764,"column":8},"end":{"line":764,"column":46}},{"start":{"line":765,"column":8},"end":{"line":765,"column":65}}]},"133":{"loc":{"start":{"line":764,"column":8},"end":{"line":764,"column":41}},"type":"cond-expr","locations":[{"start":{"line":764,"column":33},"end":{"line":764,"column":35}},{"start":{"line":764,"column":33},"end":{"line":764,"column":41}}]},"134":{"loc":{"start":{"line":764,"column":8},"end":{"line":764,"column":35}},"type":"binary-expr","locations":[{"start":{"line":764,"column":8},"end":{"line":764,"column":35}},{"start":{"line":764,"column":33},"end":{"line":764,"column":35}}]},"135":{"loc":{"start":{"line":772,"column":8},"end":{"line":772,"column":73}},"type":"cond-expr","locations":[{"start":{"line":772,"column":41},"end":{"line":772,"column":56}},{"start":{"line":772,"column":59},"end":{"line":772,"column":73}}]},"136":{"loc":{"start":{"line":773,"column":6},"end":{"line":775,"column":7}},"type":"if","locations":[{"start":{"line":773,"column":6},"end":{"line":775,"column":7}}]},"137":{"loc":{"start":{"line":779,"column":8},"end":{"line":781,"column":18}},"type":"binary-expr","locations":[{"start":{"line":779,"column":8},"end":{"line":780,"column":null}},{"start":{"line":781,"column":13},"end":{"line":781,"column":18}}]},"138":{"loc":{"start":{"line":779,"column":8},"end":{"line":780,"column":null}},"type":"cond-expr","locations":[{"start":{"line":779,"column":33},"end":{"line":779,"column":35}},{"start":{"line":779,"column":33},"end":{"line":780,"column":null}}]},"139":{"loc":{"start":{"line":779,"column":8},"end":{"line":779,"column":35}},"type":"binary-expr","locations":[{"start":{"line":779,"column":8},"end":{"line":779,"column":35}},{"start":{"line":779,"column":33},"end":{"line":779,"column":35}}]},"140":{"loc":{"start":{"line":782,"column":6},"end":{"line":784,"column":7}},"type":"if","locations":[{"start":{"line":782,"column":6},"end":{"line":784,"column":7}}]},"141":{"loc":{"start":{"line":782,"column":10},"end":{"line":782,"column":77}},"type":"binary-expr","locations":[{"start":{"line":782,"column":10},"end":{"line":782,"column":35}},{"start":{"line":782,"column":39},"end":{"line":782,"column":77}}]},"142":{"loc":{"start":{"line":782,"column":39},"end":{"line":782,"column":72}},"type":"cond-expr","locations":[{"start":{"line":782,"column":64},"end":{"line":782,"column":66}},{"start":{"line":782,"column":64},"end":{"line":782,"column":72}}]},"143":{"loc":{"start":{"line":782,"column":39},"end":{"line":782,"column":66}},"type":"binary-expr","locations":[{"start":{"line":782,"column":39},"end":{"line":782,"column":66}},{"start":{"line":782,"column":64},"end":{"line":782,"column":66}}]},"144":{"loc":{"start":{"line":788,"column":8},"end":{"line":788,"column":73}},"type":"cond-expr","locations":[{"start":{"line":788,"column":41},"end":{"line":788,"column":56}},{"start":{"line":788,"column":59},"end":{"line":788,"column":73}}]},"145":{"loc":{"start":{"line":789,"column":6},"end":{"line":794,"column":7}},"type":"if","locations":[{"start":{"line":789,"column":6},"end":{"line":794,"column":7}}]},"146":{"loc":{"start":{"line":790,"column":8},"end":{"line":791,"column":39}},"type":"binary-expr","locations":[{"start":{"line":790,"column":9},"end":{"line":790,"column":17}},{"start":{"line":790,"column":21},"end":{"line":790,"column":42}},{"start":{"line":791,"column":8},"end":{"line":791,"column":39}}]},"147":{"loc":{"start":{"line":798,"column":28},"end":{"line":798,"column":67}},"type":"cond-expr","locations":[{"start":{"line":798,"column":61},"end":{"line":798,"column":63}},{"start":{"line":798,"column":66},"end":{"line":798,"column":67}}]},"148":{"loc":{"start":{"line":799,"column":6},"end":{"line":801,"column":7}},"type":"if","locations":[{"start":{"line":799,"column":6},"end":{"line":801,"column":7}}]},"149":{"loc":{"start":{"line":799,"column":10},"end":{"line":799,"column":67}},"type":"binary-expr","locations":[{"start":{"line":799,"column":10},"end":{"line":799,"column":24}},{"start":{"line":799,"column":28},"end":{"line":799,"column":67}}]},"150":{"loc":{"start":{"line":799,"column":28},"end":{"line":799,"column":61}},"type":"cond-expr","locations":[{"start":{"line":799,"column":53},"end":{"line":799,"column":55}},{"start":{"line":799,"column":53},"end":{"line":799,"column":61}}]},"151":{"loc":{"start":{"line":799,"column":28},"end":{"line":799,"column":55}},"type":"binary-expr","locations":[{"start":{"line":799,"column":28},"end":{"line":799,"column":55}},{"start":{"line":799,"column":53},"end":{"line":799,"column":55}}]},"152":{"loc":{"start":{"line":823,"column":6},"end":{"line":826,"column":7}},"type":"if","locations":[{"start":{"line":823,"column":6},"end":{"line":826,"column":7}}]},"153":{"loc":{"start":{"line":829,"column":6},"end":{"line":832,"column":7}},"type":"if","locations":[{"start":{"line":829,"column":6},"end":{"line":832,"column":7}}]},"154":{"loc":{"start":{"line":836,"column":6},"end":{"line":841,"column":7}},"type":"if","locations":[{"start":{"line":836,"column":6},"end":{"line":841,"column":7}}]},"155":{"loc":{"start":{"line":844,"column":6},"end":{"line":874,"column":7}},"type":"if","locations":[{"start":{"line":844,"column":6},"end":{"line":874,"column":7}},{"start":{"line":860,"column":13},"end":{"line":874,"column":7}}]},"156":{"loc":{"start":{"line":849,"column":8},"end":{"line":859,"column":9}},"type":"if","locations":[{"start":{"line":849,"column":8},"end":{"line":859,"column":9}}]},"157":{"loc":{"start":{"line":849,"column":12},"end":{"line":849,"column":58}},"type":"binary-expr","locations":[{"start":{"line":849,"column":12},"end":{"line":849,"column":23}},{"start":{"line":849,"column":27},"end":{"line":849,"column":58}}]},"158":{"loc":{"start":{"line":853,"column":10},"end":{"line":858,"column":11}},"type":"if","locations":[{"start":{"line":853,"column":10},"end":{"line":858,"column":11}}]},"159":{"loc":{"start":{"line":860,"column":13},"end":{"line":874,"column":7}},"type":"if","locations":[{"start":{"line":860,"column":13},"end":{"line":874,"column":7}}]},"160":{"loc":{"start":{"line":863,"column":8},"end":{"line":873,"column":9}},"type":"if","locations":[{"start":{"line":863,"column":8},"end":{"line":873,"column":9}}]},"161":{"loc":{"start":{"line":863,"column":12},"end":{"line":863,"column":60}},"type":"binary-expr","locations":[{"start":{"line":863,"column":12},"end":{"line":863,"column":24}},{"start":{"line":863,"column":28},"end":{"line":863,"column":60}}]},"162":{"loc":{"start":{"line":867,"column":10},"end":{"line":872,"column":11}},"type":"if","locations":[{"start":{"line":867,"column":10},"end":{"line":872,"column":11}}]},"163":{"loc":{"start":{"line":898,"column":6},"end":{"line":901,"column":7}},"type":"if","locations":[{"start":{"line":898,"column":6},"end":{"line":901,"column":7}}]},"164":{"loc":{"start":{"line":904,"column":6},"end":{"line":907,"column":7}},"type":"if","locations":[{"start":{"line":904,"column":6},"end":{"line":907,"column":7}}]},"165":{"loc":{"start":{"line":910,"column":6},"end":{"line":915,"column":7}},"type":"if","locations":[{"start":{"line":910,"column":6},"end":{"line":915,"column":7}}]},"166":{"loc":{"start":{"line":918,"column":6},"end":{"line":923,"column":7}},"type":"if","locations":[{"start":{"line":918,"column":6},"end":{"line":923,"column":7}}]},"167":{"loc":{"start":{"line":918,"column":10},"end":{"line":918,"column":43}},"type":"binary-expr","locations":[{"start":{"line":918,"column":10},"end":{"line":918,"column":21}},{"start":{"line":918,"column":25},"end":{"line":918,"column":43}}]},"168":{"loc":{"start":{"line":929,"column":22},"end":{"line":929,"column":43}},"type":"cond-expr","locations":[{"start":{"line":929,"column":39},"end":{"line":929,"column":41}},{"start":{"line":929,"column":39},"end":{"line":929,"column":43}}]},"169":{"loc":{"start":{"line":929,"column":22},"end":{"line":929,"column":41}},"type":"binary-expr","locations":[{"start":{"line":929,"column":22},"end":{"line":929,"column":41}},{"start":{"line":929,"column":39},"end":{"line":929,"column":41}}]},"170":{"loc":{"start":{"line":930,"column":24},"end":{"line":930,"column":47}},"type":"cond-expr","locations":[{"start":{"line":930,"column":41},"end":{"line":930,"column":43}},{"start":{"line":930,"column":41},"end":{"line":930,"column":47}}]},"171":{"loc":{"start":{"line":930,"column":24},"end":{"line":930,"column":43}},"type":"binary-expr","locations":[{"start":{"line":930,"column":24},"end":{"line":930,"column":43}},{"start":{"line":930,"column":41},"end":{"line":930,"column":43}}]},"172":{"loc":{"start":{"line":931,"column":28},"end":{"line":931,"column":55}},"type":"cond-expr","locations":[{"start":{"line":931,"column":45},"end":{"line":931,"column":47}},{"start":{"line":931,"column":45},"end":{"line":931,"column":55}}]},"173":{"loc":{"start":{"line":931,"column":28},"end":{"line":931,"column":47}},"type":"binary-expr","locations":[{"start":{"line":931,"column":28},"end":{"line":931,"column":47}},{"start":{"line":931,"column":45},"end":{"line":931,"column":47}}]},"174":{"loc":{"start":{"line":940,"column":6},"end":{"line":949,"column":7}},"type":"if","locations":[{"start":{"line":940,"column":6},"end":{"line":949,"column":7}},{"start":{"line":944,"column":13},"end":{"line":949,"column":7}}]},"175":{"loc":{"start":{"line":944,"column":13},"end":{"line":949,"column":7}},"type":"if","locations":[{"start":{"line":944,"column":13},"end":{"line":949,"column":7}}]},"176":{"loc":{"start":{"line":944,"column":17},"end":{"line":944,"column":58}},"type":"binary-expr","locations":[{"start":{"line":944,"column":17},"end":{"line":944,"column":34}},{"start":{"line":944,"column":38},"end":{"line":944,"column":58}}]},"177":{"loc":{"start":{"line":954,"column":23},"end":{"line":954,"column":38}},"type":"cond-expr","locations":[{"start":{"line":954,"column":34},"end":{"line":954,"column":36}},{"start":{"line":954,"column":23},"end":{"line":954,"column":38}}]},"178":{"loc":{"start":{"line":954,"column":23},"end":{"line":954,"column":36}},"type":"binary-expr","locations":[{"start":{"line":954,"column":23},"end":{"line":954,"column":36}},{"start":{"line":954,"column":23},"end":{"line":954,"column":36}}]},"179":{"loc":{"start":{"line":955,"column":29},"end":{"line":955,"column":50}},"type":"cond-expr","locations":[{"start":{"line":955,"column":40},"end":{"line":955,"column":42}},{"start":{"line":955,"column":29},"end":{"line":955,"column":50}}]},"180":{"loc":{"start":{"line":955,"column":29},"end":{"line":955,"column":42}},"type":"binary-expr","locations":[{"start":{"line":955,"column":29},"end":{"line":955,"column":42}},{"start":{"line":955,"column":29},"end":{"line":955,"column":42}}]},"181":{"loc":{"start":{"line":956,"column":33},"end":{"line":956,"column":67}},"type":"binary-expr","locations":[{"start":{"line":956,"column":33},"end":{"line":956,"column":62}},{"start":{"line":956,"column":66},"end":{"line":956,"column":67}}]},"182":{"loc":{"start":{"line":956,"column":33},"end":{"line":956,"column":62}},"type":"cond-expr","locations":[{"start":{"line":956,"column":54},"end":{"line":956,"column":56}},{"start":{"line":956,"column":54},"end":{"line":956,"column":62}}]},"183":{"loc":{"start":{"line":956,"column":33},"end":{"line":956,"column":56}},"type":"binary-expr","locations":[{"start":{"line":956,"column":33},"end":{"line":956,"column":56}},{"start":{"line":956,"column":54},"end":{"line":956,"column":56}}]},"184":{"loc":{"start":{"line":956,"column":33},"end":{"line":956,"column":54}},"type":"cond-expr","locations":[{"start":{"line":956,"column":44},"end":{"line":956,"column":46}},{"start":{"line":956,"column":33},"end":{"line":956,"column":54}}]},"185":{"loc":{"start":{"line":956,"column":33},"end":{"line":956,"column":46}},"type":"binary-expr","locations":[{"start":{"line":956,"column":33},"end":{"line":956,"column":46}},{"start":{"line":956,"column":33},"end":{"line":956,"column":46}}]},"186":{"loc":{"start":{"line":958,"column":10},"end":{"line":958,"column":58}},"type":"binary-expr","locations":[{"start":{"line":958,"column":10},"end":{"line":958,"column":52}},{"start":{"line":958,"column":56},"end":{"line":958,"column":58}}]},"187":{"loc":{"start":{"line":958,"column":10},"end":{"line":958,"column":52}},"type":"cond-expr","locations":[{"start":{"line":958,"column":31},"end":{"line":958,"column":33}},{"start":{"line":958,"column":31},"end":{"line":958,"column":52}}]},"188":{"loc":{"start":{"line":958,"column":10},"end":{"line":958,"column":33}},"type":"binary-expr","locations":[{"start":{"line":958,"column":10},"end":{"line":958,"column":33}},{"start":{"line":958,"column":31},"end":{"line":958,"column":33}}]},"189":{"loc":{"start":{"line":958,"column":10},"end":{"line":958,"column":31}},"type":"cond-expr","locations":[{"start":{"line":958,"column":21},"end":{"line":958,"column":23}},{"start":{"line":958,"column":10},"end":{"line":958,"column":31}}]},"190":{"loc":{"start":{"line":958,"column":10},"end":{"line":958,"column":23}},"type":"binary-expr","locations":[{"start":{"line":958,"column":10},"end":{"line":958,"column":23}},{"start":{"line":958,"column":10},"end":{"line":958,"column":23}}]},"191":{"loc":{"start":{"line":959,"column":29},"end":{"line":959,"column":50}},"type":"cond-expr","locations":[{"start":{"line":959,"column":46},"end":{"line":959,"column":48}},{"start":{"line":959,"column":46},"end":{"line":959,"column":50}}]},"192":{"loc":{"start":{"line":959,"column":29},"end":{"line":959,"column":48}},"type":"binary-expr","locations":[{"start":{"line":959,"column":29},"end":{"line":959,"column":48}},{"start":{"line":959,"column":46},"end":{"line":959,"column":48}}]},"193":{"loc":{"start":{"line":962,"column":6},"end":{"line":1003,"column":7}},"type":"if","locations":[{"start":{"line":962,"column":6},"end":{"line":1003,"column":7}},{"start":{"line":982,"column":13},"end":{"line":1003,"column":7}}]},"194":{"loc":{"start":{"line":962,"column":10},"end":{"line":962,"column":56}},"type":"binary-expr","locations":[{"start":{"line":962,"column":10},"end":{"line":962,"column":21}},{"start":{"line":962,"column":25},"end":{"line":962,"column":56}}]},"195":{"loc":{"start":{"line":968,"column":8},"end":{"line":981,"column":9}},"type":"if","locations":[{"start":{"line":968,"column":8},"end":{"line":981,"column":9}},{"start":{"line":973,"column":15},"end":{"line":981,"column":9}}]},"196":{"loc":{"start":{"line":1006,"column":6},"end":{"line":1025,"column":7}},"type":"if","locations":[{"start":{"line":1006,"column":6},"end":{"line":1025,"column":7}}]},"197":{"loc":{"start":{"line":1007,"column":8},"end":{"line":1008,"column":63}},"type":"binary-expr","locations":[{"start":{"line":1007,"column":8},"end":{"line":1007,"column":35}},{"start":{"line":1008,"column":9},"end":{"line":1008,"column":26}},{"start":{"line":1008,"column":30},"end":{"line":1008,"column":62}}]},"198":{"loc":{"start":{"line":1011,"column":8},"end":{"line":1014,"column":9}},"type":"if","locations":[{"start":{"line":1011,"column":8},"end":{"line":1014,"column":9}}]},"199":{"loc":{"start":{"line":1017,"column":8},"end":{"line":1024,"column":9}},"type":"if","locations":[{"start":{"line":1017,"column":8},"end":{"line":1024,"column":9}}]},"200":{"loc":{"start":{"line":1017,"column":12},"end":{"line":1017,"column":60}},"type":"binary-expr","locations":[{"start":{"line":1017,"column":12},"end":{"line":1017,"column":24}},{"start":{"line":1017,"column":28},"end":{"line":1017,"column":60}}]},"201":{"loc":{"start":{"line":1021,"column":10},"end":{"line":1023,"column":11}},"type":"if","locations":[{"start":{"line":1021,"column":10},"end":{"line":1023,"column":11}}]},"202":{"loc":{"start":{"line":1049,"column":4},"end":{"line":1056,"column":5}},"type":"if","locations":[{"start":{"line":1049,"column":4},"end":{"line":1056,"column":5}}]},"203":{"loc":{"start":{"line":1049,"column":8},"end":{"line":1049,"column":40}},"type":"binary-expr","locations":[{"start":{"line":1049,"column":8},"end":{"line":1049,"column":19}},{"start":{"line":1049,"column":23},"end":{"line":1049,"column":40}}]},"204":{"loc":{"start":{"line":1067,"column":6},"end":{"line":1078,"column":7}},"type":"if","locations":[{"start":{"line":1067,"column":6},"end":{"line":1078,"column":7}}]},"205":{"loc":{"start":{"line":1083,"column":22},"end":{"line":1083,"column":70}},"type":"cond-expr","locations":[{"start":{"line":1083,"column":53},"end":{"line":1083,"column":60}},{"start":{"line":1083,"column":63},"end":{"line":1083,"column":70}}]},"206":{"loc":{"start":{"line":1087,"column":6},"end":{"line":1091,"column":7}},"type":"if","locations":[{"start":{"line":1087,"column":6},"end":{"line":1091,"column":7}},{"start":{"line":1089,"column":13},"end":{"line":1091,"column":7}}]},"207":{"loc":{"start":{"line":1128,"column":6},"end":{"line":1144,"column":7}},"type":"if","locations":[{"start":{"line":1128,"column":6},"end":{"line":1144,"column":7}},{"start":{"line":1133,"column":13},"end":{"line":1144,"column":7}}]},"208":{"loc":{"start":{"line":1133,"column":13},"end":{"line":1144,"column":7}},"type":"if","locations":[{"start":{"line":1133,"column":13},"end":{"line":1144,"column":7}},{"start":{"line":1138,"column":13},"end":{"line":1144,"column":7}}]},"209":{"loc":{"start":{"line":1138,"column":13},"end":{"line":1144,"column":7}},"type":"if","locations":[{"start":{"line":1138,"column":13},"end":{"line":1144,"column":7}}]},"210":{"loc":{"start":{"line":1147,"column":6},"end":{"line":1155,"column":7}},"type":"if","locations":[{"start":{"line":1147,"column":6},"end":{"line":1155,"column":7}}]},"211":{"loc":{"start":{"line":1147,"column":10},"end":{"line":1147,"column":41}},"type":"binary-expr","locations":[{"start":{"line":1147,"column":10},"end":{"line":1147,"column":20}},{"start":{"line":1147,"column":24},"end":{"line":1147,"column":41}}]}},"s":{"0":1,"1":1,"2":1,"3":1,"4":1,"5":1,"6":0,"7":0,"8":0,"9":0,"10":1,"11":1,"12":1,"13":1,"14":1,"15":1,"16":0,"17":0,"18":0,"19":0,"20":0,"21":0,"22":0,"23":0,"24":0,"25":0,"26":0,"27":0,"28":0,"29":0,"30":0,"31":0,"32":0,"33":0,"34":0,"35":0,"36":0,"37":0,"38":0,"39":0,"40":0,"41":0,"42":1,"43":0,"44":0,"45":0,"46":0,"47":1,"48":0,"49":0,"50":0,"51":0,"52":1,"53":0,"54":0,"55":0,"56":0,"57":0,"58":0,"59":0,"60":0,"61":0,"62":0,"63":0,"64":0,"65":0,"66":0,"67":0,"68":0,"69":0,"70":0,"71":0,"72":0,"73":0,"74":0,"75":0,"76":0,"77":0,"78":0,"79":0,"80":0,"81":0,"82":0,"83":0,"84":0,"85":0,"86":0,"87":0,"88":0,"89":0,"90":0,"91":0,"92":0,"93":0,"94":0,"95":0,"96":0,"97":0,"98":0,"99":0,"100":0,"101":0,"102":0,"103":0,"104":0,"105":0,"106":0,"107":0,"108":0,"109":0,"110":0,"111":0,"112":0,"113":0,"114":0,"115":0,"116":0,"117":0,"118":0,"119":0,"120":0,"121":0,"122":0,"123":0,"124":0,"125":0,"126":0,"127":0,"128":0,"129":0,"130":0,"131":0,"132":0,"133":0,"134":0,"135":0,"136":0,"137":0,"138":0,"139":0,"140":0,"141":0,"142":0,"143":0,"144":0,"145":1,"146":0,"147":0,"148":0,"149":0,"150":0,"151":0,"152":0,"153":0,"154":0,"155":0,"156":0,"157":0,"158":0,"159":1,"160":0,"161":0,"162":0,"163":0,"164":0,"165":1,"166":0,"167":0,"168":0,"169":0,"170":0,"171":0,"172":0,"173":0,"174":0,"175":0,"176":0,"177":0,"178":0,"179":0,"180":0,"181":0,"182":0,"183":0,"184":0,"185":0,"186":0,"187":0,"188":0,"189":0,"190":0,"191":0,"192":1,"193":0,"194":0,"195":0,"196":0,"197":0,"198":0,"199":0,"200":0,"201":0,"202":0,"203":0,"204":0,"205":0,"206":0,"207":0,"208":0,"209":0,"210":0,"211":0,"212":0,"213":0,"214":0,"215":0,"216":0,"217":0,"218":0,"219":0,"220":0,"221":0,"222":0,"223":0,"224":0,"225":0,"226":0,"227":0,"228":1,"229":0,"230":0,"231":0,"232":0,"233":0,"234":0,"235":0,"236":0,"237":0,"238":0,"239":0,"240":0,"241":0,"242":0,"243":0,"244":0,"245":0,"246":0,"247":0,"248":0,"249":0,"250":0,"251":0,"252":0,"253":0,"254":0,"255":0,"256":0,"257":0,"258":0,"259":0,"260":0,"261":0,"262":1,"263":0,"264":0,"265":0,"266":0,"267":0,"268":0,"269":0,"270":0,"271":0,"272":0,"273":0,"274":0,"275":0,"276":0,"277":0,"278":0,"279":0,"280":0,"281":0,"282":0,"283":0,"284":0,"285":0,"286":0,"287":0,"288":0,"289":0,"290":0,"291":0,"292":0,"293":0,"294":0,"295":0,"296":0,"297":0,"298":0,"299":0,"300":0,"301":0,"302":0,"303":0,"304":0,"305":0,"306":0,"307":0,"308":0,"309":0,"310":0,"311":0,"312":0,"313":0,"314":0,"315":0,"316":0,"317":0,"318":0,"319":1,"320":0,"321":0,"322":0,"323":0,"324":0,"325":0,"326":0,"327":0,"328":0,"329":0,"330":0,"331":0,"332":0,"333":0,"334":0,"335":0,"336":0,"337":0,"338":0,"339":0,"340":0,"341":0,"342":0,"343":0,"344":0,"345":0,"346":0,"347":0,"348":0,"349":0,"350":0,"351":0,"352":0,"353":0,"354":0,"355":0,"356":0,"357":0,"358":0,"359":0,"360":0,"361":0,"362":0,"363":0,"364":0},"f":{"0":0,"1":0,"2":0,"3":0,"4":1,"5":0,"6":0,"7":0,"8":0,"9":0,"10":0,"11":0,"12":0,"13":0,"14":0,"15":0,"16":0,"17":0,"18":0,"19":0,"20":0,"21":0,"22":0,"23":0,"24":0,"25":0,"26":0,"27":0,"28":0,"29":0,"30":0,"31":0,"32":0,"33":0,"34":0,"35":0,"36":0,"37":0,"38":0,"39":0,"40":0,"41":0,"42":0,"43":0,"44":0,"45":0,"46":0,"47":0,"48":0,"49":0,"50":0},"b":{"0":[0],"1":[0],"2":[0],"3":[0],"4":[0,0],"5":[0,0,0,0,0,0,0],"6":[0],"7":[0],"8":[0,0],"9":[0,0],"10":[0],"11":[0,0],"12":[0,0],"13":[0,0],"14":[0,0],"15":[0,0],"16":[0,0],"17":[0,0],"18":[0,0],"19":[0,0],"20":[0,0],"21":[0,0],"22":[0,0],"23":[0],"24":[0],"25":[0],"26":[0,0],"27":[0,0],"28":[0,0],"29":[0,0],"30":[0,0],"31":[0,0],"32":[0,0],"33":[0,0],"34":[0,0],"35":[0,0],"36":[0,0],"37":[0,0],"38":[0,0],"39":[0,0],"40":[0,0],"41":[0,0],"42":[0,0],"43":[0,0],"44":[0,0],"45":[0,0],"46":[0,0],"47":[0,0],"48":[0,0],"49":[0,0],"50":[0,0],"51":[0,0],"52":[0,0],"53":[0,0],"54":[0,0],"55":[0,0],"56":[0,0],"57":[0,0],"58":[0,0],"59":[0,0],"60":[0],"61":[0,0,0],"62":[0],"63":[0,0],"64":[0],"65":[0,0,0],"66":[0,0],"67":[0],"68":[0,0],"69":[0],"70":[0,0],"71":[0,0],"72":[0,0],"73":[0,0],"74":[0,0],"75":[0,0],"76":[0,0],"77":[0,0],"78":[0,0],"79":[0,0],"80":[0,0],"81":[0,0],"82":[0,0],"83":[0,0],"84":[0,0],"85":[0,0],"86":[0,0],"87":[0,0],"88":[0,0],"89":[0,0],"90":[0],"91":[0],"92":[0],"93":[0,0,0],"94":[0,0],"95":[0,0],"96":[0],"97":[0],"98":[0,0],"99":[0,0],"100":[0,0,0,0],"101":[0],"102":[0,0],"103":[0,0],"104":[0,0],"105":[0],"106":[0],"107":[0,0],"108":[0,0],"109":[0],"110":[0,0],"111":[0,0],"112":[0,0],"113":[0,0],"114":[0],"115":[0,0],"116":[0],"117":[0],"118":[0,0],"119":[0,0],"120":[0,0],"121":[0],"122":[0],"123":[0,0],"124":[0,0],"125":[0,0],"126":[0,0],"127":[0],"128":[0,0],"129":[0,0],"130":[0,0],"131":[0],"132":[0,0],"133":[0,0],"134":[0,0],"135":[0,0],"136":[0],"137":[0,0],"138":[0,0],"139":[0,0],"140":[0],"141":[0,0],"142":[0,0],"143":[0,0],"144":[0,0],"145":[0],"146":[0,0,0],"147":[0,0],"148":[0],"149":[0,0],"150":[0,0],"151":[0,0],"152":[0],"153":[0],"154":[0],"155":[0,0],"156":[0],"157":[0,0],"158":[0],"159":[0],"160":[0],"161":[0,0],"162":[0],"163":[0],"164":[0],"165":[0],"166":[0],"167":[0,0],"168":[0,0],"169":[0,0],"170":[0,0],"171":[0,0],"172":[0,0],"173":[0,0],"174":[0,0],"175":[0],"176":[0,0],"177":[0,0],"178":[0,0],"179":[0,0],"180":[0,0],"181":[0,0],"182":[0,0],"183":[0,0],"184":[0,0],"185":[0,0],"186":[0,0],"187":[0,0],"188":[0,0],"189":[0,0],"190":[0,0],"191":[0,0],"192":[0,0],"193":[0,0],"194":[0,0],"195":[0,0],"196":[0],"197":[0,0,0],"198":[0],"199":[0],"200":[0,0],"201":[0],"202":[0],"203":[0,0],"204":[0],"205":[0,0],"206":[0,0],"207":[0,0],"208":[0,0],"209":[0],"210":[0],"211":[0,0]}},"/Users/kenr/Code/nodots-backgammon/nodots-backgammon-core/src/AI/AIPluginManager.ts":{"path":"/Users/kenr/Code/nodots-backgammon/nodots-backgammon-core/src/AI/AIPluginManager.ts","statementMap":{"0":{"start":{"line":4,"column":10},"end":{"line":4,"column":null}},"1":{"start":{"line":5,"column":10},"end":{"line":5,"column":null}},"2":{"start":{"line":8,"column":4},"end":{"line":10,"column":5}},"3":{"start":{"line":9,"column":6},"end":{"line":9,"column":null}},"4":{"start":{"line":11,"column":4},"end":{"line":11,"column":null}},"5":{"start":{"line":14,"column":4},"end":{"line":16,"column":5}},"6":{"start":{"line":15,"column":6},"end":{"line":15,"column":null}},"7":{"start":{"line":20,"column":4},"end":{"line":22,"column":5}},"8":{"start":{"line":21,"column":6},"end":{"line":21,"column":null}},"9":{"start":{"line":23,"column":4},"end":{"line":23,"column":null}},"10":{"start":{"line":26,"column":4},"end":{"line":28,"column":5}},"11":{"start":{"line":27,"column":6},"end":{"line":27,"column":null}},"12":{"start":{"line":32,"column":4},"end":{"line":34,"column":5}},"13":{"start":{"line":33,"column":6},"end":{"line":33,"column":null}},"14":{"start":{"line":35,"column":4},"end":{"line":35,"column":null}},"15":{"start":{"line":39,"column":25},"end":{"line":39,"column":57}},"16":{"start":{"line":40,"column":4},"end":{"line":42,"column":5}},"17":{"start":{"line":41,"column":6},"end":{"line":41,"column":null}},"18":{"start":{"line":44,"column":19},"end":{"line":44,"column":49}},"19":{"start":{"line":45,"column":4},"end":{"line":47,"column":5}},"20":{"start":{"line":46,"column":6},"end":{"line":46,"column":null}},"21":{"start":{"line":49,"column":4},"end":{"line":49,"column":null}},"22":{"start":{"line":53,"column":4},"end":{"line":53,"column":null}},"23":{"start":{"line":57,"column":4},"end":{"line":57,"column":null}},"24":{"start":{"line":61,"column":4},"end":{"line":61,"column":null}},"25":{"start":{"line":65,"column":4},"end":{"line":65,"column":null}},"26":{"start":{"line":3,"column":0},"end":{"line":3,"column":13}}},"fnMap":{"0":{"name":"(anonymous_0)","decl":{"start":{"line":3,"column":0},"end":{"line":3,"column":13}},"loc":{"start":{"line":3,"column":0},"end":{"line":67,"column":1}}},"1":{"name":"(anonymous_1)","decl":{"start":{"line":7,"column":2},"end":{"line":7,"column":16}},"loc":{"start":{"line":7,"column":43},"end":{"line":17,"column":3}}},"2":{"name":"(anonymous_2)","decl":{"start":{"line":19,"column":2},"end":{"line":19,"column":18}},"loc":{"start":{"line":19,"column":37},"end":{"line":29,"column":3}}},"3":{"name":"(anonymous_3)","decl":{"start":{"line":31,"column":2},"end":{"line":31,"column":18}},"loc":{"start":{"line":31,"column":37},"end":{"line":36,"column":3}}},"4":{"name":"(anonymous_4)","decl":{"start":{"line":38,"column":2},"end":{"line":38,"column":11}},"loc":{"start":{"line":38,"column":31},"end":{"line":50,"column":3}}},"5":{"name":"(anonymous_5)","decl":{"start":{"line":52,"column":2},"end":{"line":52,"column":22}},"loc":{"start":{"line":52,"column":22},"end":{"line":54,"column":3}}},"6":{"name":"(anonymous_6)","decl":{"start":{"line":56,"column":2},"end":{"line":56,"column":18}},"loc":{"start":{"line":56,"column":18},"end":{"line":58,"column":3}}},"7":{"name":"(anonymous_7)","decl":{"start":{"line":60,"column":2},"end":{"line":60,"column":11}},"loc":{"start":{"line":60,"column":30},"end":{"line":62,"column":3}}},"8":{"name":"(anonymous_8)","decl":{"start":{"line":64,"column":2},"end":{"line":64,"column":16}},"loc":{"start":{"line":64,"column":16},"end":{"line":66,"column":3}}}},"branchMap":{"0":{"loc":{"start":{"line":8,"column":4},"end":{"line":10,"column":5}},"type":"if","locations":[{"start":{"line":8,"column":4},"end":{"line":10,"column":5}}]},"1":{"loc":{"start":{"line":14,"column":4},"end":{"line":16,"column":5}},"type":"if","locations":[{"start":{"line":14,"column":4},"end":{"line":16,"column":5}}]},"2":{"loc":{"start":{"line":20,"column":4},"end":{"line":22,"column":5}},"type":"if","locations":[{"start":{"line":20,"column":4},"end":{"line":22,"column":5}}]},"3":{"loc":{"start":{"line":26,"column":4},"end":{"line":28,"column":5}},"type":"if","locations":[{"start":{"line":26,"column":4},"end":{"line":28,"column":5}}]},"4":{"loc":{"start":{"line":27,"column":27},"end":{"line":27,"column":98}},"type":"cond-expr","locations":[{"start":{"line":27,"column":51},"end":{"line":27,"column":91}},{"start":{"line":27,"column":94},"end":{"line":27,"column":98}}]},"5":{"loc":{"start":{"line":27,"column":51},"end":{"line":27,"column":91}},"type":"binary-expr","locations":[{"start":{"line":27,"column":51},"end":{"line":27,"column":83}},{"start":{"line":27,"column":87},"end":{"line":27,"column":91}}]},"6":{"loc":{"start":{"line":32,"column":4},"end":{"line":34,"column":5}},"type":"if","locations":[{"start":{"line":32,"column":4},"end":{"line":34,"column":5}}]},"7":{"loc":{"start":{"line":39,"column":25},"end":{"line":39,"column":57}},"type":"binary-expr","locations":[{"start":{"line":39,"column":25},"end":{"line":39,"column":35}},{"start":{"line":39,"column":39},"end":{"line":39,"column":57}}]},"8":{"loc":{"start":{"line":40,"column":4},"end":{"line":42,"column":5}},"type":"if","locations":[{"start":{"line":40,"column":4},"end":{"line":42,"column":5}}]},"9":{"loc":{"start":{"line":45,"column":4},"end":{"line":47,"column":5}},"type":"if","locations":[{"start":{"line":45,"column":4},"end":{"line":47,"column":5}}]}},"s":{"0":1,"1":1,"2":1,"3":0,"4":1,"5":1,"6":1,"7":0,"8":0,"9":0,"10":0,"11":0,"12":1,"13":0,"14":1,"15":0,"16":0,"17":0,"18":0,"19":0,"20":0,"21":0,"22":0,"23":0,"24":0,"25":0,"26":1},"f":{"0":1,"1":1,"2":0,"3":1,"4":0,"5":0,"6":0,"7":0,"8":0},"b":{"0":[0],"1":[1],"2":[0],"3":[0],"4":[0,0],"5":[0,0],"6":[0],"7":[0,0],"8":[0],"9":[0]}},"/Users/kenr/Code/nodots-backgammon/nodots-backgammon-core/src/AI/plugins/BasicAIPlugin.ts":{"path":"/Users/kenr/Code/nodots-backgammon/nodots-backgammon-core/src/AI/plugins/BasicAIPlugin.ts","statementMap":{"0":{"start":{"line":5,"column":0},"end":{"line":5,"column":33}},"1":{"start":{"line":8,"column":0},"end":{"line":8,"column":60}},"2":{"start":{"line":11,"column":2},"end":{"line":11,"column":null}},"3":{"start":{"line":12,"column":2},"end":{"line":12,"column":null}},"4":{"start":{"line":13,"column":2},"end":{"line":14,"column":null}},"5":{"start":{"line":20,"column":32},"end":{"line":20,"column":64}},"6":{"start":{"line":22,"column":4},"end":{"line":24,"column":5}},"7":{"start":{"line":23,"column":6},"end":{"line":23,"column":null}},"8":{"start":{"line":26,"column":26},"end":{"line":26,"column":59}},"9":{"start":{"line":28,"column":4},"end":{"line":37,"column":5}},"10":{"start":{"line":30,"column":8},"end":{"line":30,"column":null}},"11":{"start":{"line":32,"column":8},"end":{"line":32,"column":null}},"12":{"start":{"line":34,"column":8},"end":{"line":34,"column":null}},"13":{"start":{"line":36,"column":8},"end":{"line":36,"column":null}},"14":{"start":{"line":45,"column":25},"end":{"line":45,"column":47}},"15":{"start":{"line":46,"column":4},"end":{"line":46,"column":null}},"16":{"start":{"line":46,"column":23},"end":{"line":46,"column":null}},"17":{"start":{"line":48,"column":21},"end":{"line":48,"column":80}},"18":{"start":{"line":49,"column":21},"end":{"line":49,"column":76}},"19":{"start":{"line":49,"column":51},"end":{"line":49,"column":75}},"20":{"start":{"line":50,"column":4},"end":{"line":50,"column":null}},"21":{"start":{"line":50,"column":19},"end":{"line":50,"column":null}},"22":{"start":{"line":52,"column":29},"end":{"line":54,"column":null}},"23":{"start":{"line":58,"column":4},"end":{"line":58,"column":null}},"24":{"start":{"line":66,"column":25},"end":{"line":66,"column":47}},"25":{"start":{"line":67,"column":4},"end":{"line":67,"column":null}},"26":{"start":{"line":67,"column":23},"end":{"line":67,"column":null}},"27":{"start":{"line":69,"column":21},"end":{"line":69,"column":80}},"28":{"start":{"line":70,"column":21},"end":{"line":70,"column":76}},"29":{"start":{"line":70,"column":51},"end":{"line":70,"column":75}},"30":{"start":{"line":71,"column":4},"end":{"line":71,"column":null}},"31":{"start":{"line":71,"column":19},"end":{"line":71,"column":null}},"32":{"start":{"line":73,"column":29},"end":{"line":75,"column":null}},"33":{"start":{"line":79,"column":4},"end":{"line":79,"column":null}},"34":{"start":{"line":83,"column":4},"end":{"line":83,"column":null}},"35":{"start":{"line":87,"column":4},"end":{"line":94,"column":null}},"36":{"start":{"line":103,"column":25},"end":{"line":104,"column":null}},"37":{"start":{"line":104,"column":16},"end":{"line":104,"column":52}},"38":{"start":{"line":107,"column":4},"end":{"line":110,"column":5}},"39":{"start":{"line":109,"column":6},"end":{"line":109,"column":null}},"40":{"start":{"line":113,"column":4},"end":{"line":113,"column":null}},"41":{"start":{"line":120,"column":25},"end":{"line":120,"column":47}},"42":{"start":{"line":121,"column":4},"end":{"line":121,"column":null}},"43":{"start":{"line":121,"column":23},"end":{"line":121,"column":null}},"44":{"start":{"line":123,"column":22},"end":{"line":123,"column":44}},"45":{"start":{"line":125,"column":24},"end":{"line":171,"column":6}},"46":{"start":{"line":126,"column":18},"end":{"line":126,"column":19}},"47":{"start":{"line":130,"column":8},"end":{"line":132,"column":14}},"48":{"start":{"line":135,"column":8},"end":{"line":137,"column":13}},"49":{"start":{"line":140,"column":6},"end":{"line":140,"column":null}},"50":{"start":{"line":143,"column":6},"end":{"line":145,"column":7}},"51":{"start":{"line":144,"column":8},"end":{"line":144,"column":null}},"52":{"start":{"line":148,"column":6},"end":{"line":150,"column":7}},"53":{"start":{"line":149,"column":8},"end":{"line":149,"column":null}},"54":{"start":{"line":153,"column":6},"end":{"line":158,"column":7}},"55":{"start":{"line":157,"column":8},"end":{"line":157,"column":null}},"56":{"start":{"line":161,"column":6},"end":{"line":163,"column":7}},"57":{"start":{"line":162,"column":8},"end":{"line":162,"column":null}},"58":{"start":{"line":166,"column":6},"end":{"line":168,"column":7}},"59":{"start":{"line":167,"column":8},"end":{"line":167,"column":null}},"60":{"start":{"line":170,"column":6},"end":{"line":170,"column":null}},"61":{"start":{"line":173,"column":4},"end":{"line":173,"column":null}},"62":{"start":{"line":173,"column":31},"end":{"line":173,"column":48}},"63":{"start":{"line":174,"column":4},"end":{"line":174,"column":null}},"64":{"start":{"line":181,"column":25},"end":{"line":181,"column":47}},"65":{"start":{"line":182,"column":4},"end":{"line":182,"column":null}},"66":{"start":{"line":182,"column":23},"end":{"line":182,"column":null}},"67":{"start":{"line":184,"column":22},"end":{"line":184,"column":44}},"68":{"start":{"line":186,"column":24},"end":{"line":251,"column":6}},"69":{"start":{"line":187,"column":18},"end":{"line":187,"column":19}},"70":{"start":{"line":191,"column":8},"end":{"line":193,"column":14}},"71":{"start":{"line":196,"column":8},"end":{"line":198,"column":13}},"72":{"start":{"line":201,"column":6},"end":{"line":201,"column":null}},"73":{"start":{"line":204,"column":6},"end":{"line":206,"column":7}},"74":{"start":{"line":205,"column":8},"end":{"line":205,"column":null}},"75":{"start":{"line":209,"column":6},"end":{"line":213,"column":7}},"76":{"start":{"line":211,"column":33},"end":{"line":211,"column":67}},"77":{"start":{"line":212,"column":8},"end":{"line":212,"column":null}},"78":{"start":{"line":216,"column":6},"end":{"line":221,"column":7}},"79":{"start":{"line":220,"column":8},"end":{"line":220,"column":null}},"80":{"start":{"line":224,"column":6},"end":{"line":229,"column":7}},"81":{"start":{"line":228,"column":8},"end":{"line":228,"column":null}},"82":{"start":{"line":232,"column":6},"end":{"line":234,"column":7}},"83":{"start":{"line":233,"column":8},"end":{"line":233,"column":null}},"84":{"start":{"line":237,"column":6},"end":{"line":239,"column":7}},"85":{"start":{"line":238,"column":8},"end":{"line":238,"column":null}},"86":{"start":{"line":242,"column":6},"end":{"line":248,"column":7}},"87":{"start":{"line":247,"column":8},"end":{"line":247,"column":null}},"88":{"start":{"line":250,"column":6},"end":{"line":250,"column":null}},"89":{"start":{"line":253,"column":4},"end":{"line":253,"column":null}},"90":{"start":{"line":253,"column":31},"end":{"line":253,"column":48}},"91":{"start":{"line":254,"column":4},"end":{"line":254,"column":null}},"92":{"start":{"line":10,"column":0},"end":{"line":10,"column":13}}},"fnMap":{"0":{"name":"(anonymous_7)","decl":{"start":{"line":10,"column":0},"end":{"line":10,"column":13}},"loc":{"start":{"line":10,"column":0},"end":{"line":256,"column":1}}},"1":{"name":"(anonymous_8)","decl":{"start":{"line":16,"column":8},"end":{"line":16,"column":20}},"loc":{"start":{"line":18,"column":31},"end":{"line":38,"column":null}}},"2":{"name":"(anonymous_10)","decl":{"start":{"line":40,"column":8},"end":{"line":40,"column":25}},"loc":{"start":{"line":42,"column":31},"end":{"line":59,"column":null}}},"3":{"name":"(anonymous_12)","decl":{"start":{"line":49,"column":44},"end":{"line":49,"column":45}},"loc":{"start":{"line":49,"column":51},"end":{"line":49,"column":75}}},"4":{"name":"(anonymous_13)","decl":{"start":{"line":61,"column":8},"end":{"line":61,"column":26}},"loc":{"start":{"line":63,"column":31},"end":{"line":80,"column":null}}},"5":{"name":"(anonymous_15)","decl":{"start":{"line":70,"column":44},"end":{"line":70,"column":45}},"loc":{"start":{"line":70,"column":51},"end":{"line":70,"column":75}}},"6":{"name":"(anonymous_16)","decl":{"start":{"line":82,"column":2},"end":{"line":82,"column":26}},"loc":{"start":{"line":82,"column":26},"end":{"line":84,"column":3}}},"7":{"name":"(anonymous_17)","decl":{"start":{"line":86,"column":2},"end":{"line":86,"column":17}},"loc":{"start":{"line":86,"column":17},"end":{"line":95,"column":3}}},"8":{"name":"(anonymous_18)","decl":{"start":{"line":97,"column":10},"end":{"line":97,"column":28}},"loc":{"start":{"line":99,"column":29},"end":{"line":114,"column":3}}},"9":{"name":"(anonymous_19)","decl":{"start":{"line":104,"column":6},"end":{"line":104,"column":7}},"loc":{"start":{"line":104,"column":16},"end":{"line":104,"column":52}}},"10":{"name":"(anonymous_20)","decl":{"start":{"line":116,"column":10},"end":{"line":116,"column":32}},"loc":{"start":{"line":118,"column":29},"end":{"line":175,"column":3}}},"11":{"name":"(anonymous_21)","decl":{"start":{"line":125,"column":42},"end":{"line":125,"column":43}},"loc":{"start":{"line":125,"column":51},"end":{"line":171,"column":5}}},"12":{"name":"(anonymous_22)","decl":{"start":{"line":173,"column":21},"end":{"line":173,"column":22}},"loc":{"start":{"line":173,"column":31},"end":{"line":173,"column":48}}},"13":{"name":"(anonymous_23)","decl":{"start":{"line":177,"column":10},"end":{"line":177,"column":28}},"loc":{"start":{"line":179,"column":29},"end":{"line":255,"column":3}}},"14":{"name":"(anonymous_24)","decl":{"start":{"line":186,"column":42},"end":{"line":186,"column":43}},"loc":{"start":{"line":186,"column":51},"end":{"line":251,"column":5}}},"15":{"name":"(anonymous_25)","decl":{"start":{"line":253,"column":21},"end":{"line":253,"column":22}},"loc":{"start":{"line":253,"column":31},"end":{"line":253,"column":48}}}},"branchMap":{"0":{"loc":{"start":{"line":22,"column":4},"end":{"line":24,"column":5}},"type":"if","locations":[{"start":{"line":22,"column":4},"end":{"line":24,"column":5}}]},"1":{"loc":{"start":{"line":22,"column":8},"end":{"line":22,"column":74}},"type":"binary-expr","locations":[{"start":{"line":22,"column":8},"end":{"line":22,"column":36}},{"start":{"line":22,"column":40},"end":{"line":22,"column":74}}]},"2":{"loc":{"start":{"line":28,"column":4},"end":{"line":37,"column":5}},"type":"switch","locations":[{"start":{"line":29,"column":6},"end":{"line":30,"column":null}},{"start":{"line":31,"column":6},"end":{"line":32,"column":null}},{"start":{"line":33,"column":6},"end":{"line":34,"column":null}},{"start":{"line":35,"column":6},"end":{"line":36,"column":null}}]},"3":{"loc":{"start":{"line":46,"column":4},"end":{"line":46,"column":null}},"type":"if","locations":[{"start":{"line":46,"column":4},"end":{"line":46,"column":null}}]},"4":{"loc":{"start":{"line":50,"column":4},"end":{"line":50,"column":null}},"type":"if","locations":[{"start":{"line":50,"column":4},"end":{"line":50,"column":null}}]},"5":{"loc":{"start":{"line":67,"column":4},"end":{"line":67,"column":null}},"type":"if","locations":[{"start":{"line":67,"column":4},"end":{"line":67,"column":null}}]},"6":{"loc":{"start":{"line":71,"column":4},"end":{"line":71,"column":null}},"type":"if","locations":[{"start":{"line":71,"column":4},"end":{"line":71,"column":null}}]},"7":{"loc":{"start":{"line":107,"column":4},"end":{"line":110,"column":5}},"type":"if","locations":[{"start":{"line":107,"column":4},"end":{"line":110,"column":5}}]},"8":{"loc":{"start":{"line":121,"column":4},"end":{"line":121,"column":null}},"type":"if","locations":[{"start":{"line":121,"column":4},"end":{"line":121,"column":null}}]},"9":{"loc":{"start":{"line":130,"column":8},"end":{"line":132,"column":14}},"type":"cond-expr","locations":[{"start":{"line":131,"column":12},"end":{"line":131,"column":43}},{"start":{"line":132,"column":12},"end":{"line":132,"column":14}}]},"10":{"loc":{"start":{"line":135,"column":8},"end":{"line":137,"column":13}},"type":"cond-expr","locations":[{"start":{"line":136,"column":12},"end":{"line":136,"column":48}},{"start":{"line":137,"column":12},"end":{"line":137,"column":13}}]},"11":{"loc":{"start":{"line":143,"column":6},"end":{"line":145,"column":7}},"type":"if","locations":[{"start":{"line":143,"column":6},"end":{"line":145,"column":7}}]},"12":{"loc":{"start":{"line":148,"column":6},"end":{"line":150,"column":7}},"type":"if","locations":[{"start":{"line":148,"column":6},"end":{"line":150,"column":7}}]},"13":{"loc":{"start":{"line":148,"column":10},"end":{"line":148,"column":38}},"type":"cond-expr","locations":[{"start":{"line":148,"column":30},"end":{"line":148,"column":32}},{"start":{"line":148,"column":30},"end":{"line":148,"column":38}}]},"14":{"loc":{"start":{"line":148,"column":10},"end":{"line":148,"column":32}},"type":"binary-expr","locations":[{"start":{"line":148,"column":10},"end":{"line":148,"column":32}},{"start":{"line":148,"column":30},"end":{"line":148,"column":32}}]},"15":{"loc":{"start":{"line":153,"column":6},"end":{"line":158,"column":7}},"type":"if","locations":[{"start":{"line":153,"column":6},"end":{"line":158,"column":7}}]},"16":{"loc":{"start":{"line":154,"column":8},"end":{"line":155,"column":65}},"type":"binary-expr","locations":[{"start":{"line":154,"column":8},"end":{"line":154,"column":47}},{"start":{"line":155,"column":8},"end":{"line":155,"column":65}}]},"17":{"loc":{"start":{"line":154,"column":8},"end":{"line":154,"column":41}},"type":"cond-expr","locations":[{"start":{"line":154,"column":33},"end":{"line":154,"column":35}},{"start":{"line":154,"column":33},"end":{"line":154,"column":41}}]},"18":{"loc":{"start":{"line":154,"column":8},"end":{"line":154,"column":35}},"type":"binary-expr","locations":[{"start":{"line":154,"column":8},"end":{"line":154,"column":35}},{"start":{"line":154,"column":33},"end":{"line":154,"column":35}}]},"19":{"loc":{"start":{"line":161,"column":6},"end":{"line":163,"column":7}},"type":"if","locations":[{"start":{"line":161,"column":6},"end":{"line":163,"column":7}}]},"20":{"loc":{"start":{"line":161,"column":10},"end":{"line":161,"column":44}},"type":"binary-expr","locations":[{"start":{"line":161,"column":10},"end":{"line":161,"column":25}},{"start":{"line":161,"column":29},"end":{"line":161,"column":44}}]},"21":{"loc":{"start":{"line":166,"column":6},"end":{"line":168,"column":7}},"type":"if","locations":[{"start":{"line":166,"column":6},"end":{"line":168,"column":7}}]},"22":{"loc":{"start":{"line":166,"column":10},"end":{"line":166,"column":44}},"type":"binary-expr","locations":[{"start":{"line":166,"column":10},"end":{"line":166,"column":25}},{"start":{"line":166,"column":29},"end":{"line":166,"column":44}}]},"23":{"loc":{"start":{"line":182,"column":4},"end":{"line":182,"column":null}},"type":"if","locations":[{"start":{"line":182,"column":4},"end":{"line":182,"column":null}}]},"24":{"loc":{"start":{"line":191,"column":8},"end":{"line":193,"column":14}},"type":"cond-expr","locations":[{"start":{"line":192,"column":12},"end":{"line":192,"column":43}},{"start":{"line":193,"column":12},"end":{"line":193,"column":14}}]},"25":{"loc":{"start":{"line":196,"column":8},"end":{"line":198,"column":13}},"type":"cond-expr","locations":[{"start":{"line":197,"column":12},"end":{"line":197,"column":48}},{"start":{"line":198,"column":12},"end":{"line":198,"column":13}}]},"26":{"loc":{"start":{"line":204,"column":6},"end":{"line":206,"column":7}},"type":"if","locations":[{"start":{"line":204,"column":6},"end":{"line":206,"column":7}}]},"27":{"loc":{"start":{"line":209,"column":6},"end":{"line":213,"column":7}},"type":"if","locations":[{"start":{"line":209,"column":6},"end":{"line":213,"column":7}}]},"28":{"loc":{"start":{"line":209,"column":10},"end":{"line":209,"column":38}},"type":"cond-expr","locations":[{"start":{"line":209,"column":30},"end":{"line":209,"column":32}},{"start":{"line":209,"column":30},"end":{"line":209,"column":38}}]},"29":{"loc":{"start":{"line":209,"column":10},"end":{"line":209,"column":32}},"type":"binary-expr","locations":[{"start":{"line":209,"column":10},"end":{"line":209,"column":32}},{"start":{"line":209,"column":30},"end":{"line":209,"column":32}}]},"30":{"loc":{"start":{"line":211,"column":33},"end":{"line":211,"column":67}},"type":"binary-expr","locations":[{"start":{"line":211,"column":33},"end":{"line":211,"column":48}},{"start":{"line":211,"column":52},"end":{"line":211,"column":67}}]},"31":{"loc":{"start":{"line":212,"column":17},"end":{"line":212,"column":43}},"type":"cond-expr","locations":[{"start":{"line":212,"column":36},"end":{"line":212,"column":38}},{"start":{"line":212,"column":41},"end":{"line":212,"column":43}}]},"32":{"loc":{"start":{"line":216,"column":6},"end":{"line":221,"column":7}},"type":"if","locations":[{"start":{"line":216,"column":6},"end":{"line":221,"column":7}}]},"33":{"loc":{"start":{"line":217,"column":8},"end":{"line":218,"column":65}},"type":"binary-expr","locations":[{"start":{"line":217,"column":8},"end":{"line":217,"column":47}},{"start":{"line":218,"column":8},"end":{"line":218,"column":65}}]},"34":{"loc":{"start":{"line":217,"column":8},"end":{"line":217,"column":41}},"type":"cond-expr","locations":[{"start":{"line":217,"column":33},"end":{"line":217,"column":35}},{"start":{"line":217,"column":33},"end":{"line":217,"column":41}}]},"35":{"loc":{"start":{"line":217,"column":8},"end":{"line":217,"column":35}},"type":"binary-expr","locations":[{"start":{"line":217,"column":8},"end":{"line":217,"column":35}},{"start":{"line":217,"column":33},"end":{"line":217,"column":35}}]},"36":{"loc":{"start":{"line":224,"column":6},"end":{"line":229,"column":7}},"type":"if","locations":[{"start":{"line":224,"column":6},"end":{"line":229,"column":7}}]},"37":{"loc":{"start":{"line":225,"column":8},"end":{"line":226,"column":65}},"type":"binary-expr","locations":[{"start":{"line":225,"column":8},"end":{"line":225,"column":46}},{"start":{"line":226,"column":8},"end":{"line":226,"column":65}}]},"38":{"loc":{"start":{"line":225,"column":8},"end":{"line":225,"column":41}},"type":"cond-expr","locations":[{"start":{"line":225,"column":33},"end":{"line":225,"column":35}},{"start":{"line":225,"column":33},"end":{"line":225,"column":41}}]},"39":{"loc":{"start":{"line":225,"column":8},"end":{"line":225,"column":35}},"type":"binary-expr","locations":[{"start":{"line":225,"column":8},"end":{"line":225,"column":35}},{"start":{"line":225,"column":33},"end":{"line":225,"column":35}}]},"40":{"loc":{"start":{"line":232,"column":6},"end":{"line":234,"column":7}},"type":"if","locations":[{"start":{"line":232,"column":6},"end":{"line":234,"column":7}}]},"41":{"loc":{"start":{"line":232,"column":10},"end":{"line":232,"column":44}},"type":"binary-expr","locations":[{"start":{"line":232,"column":10},"end":{"line":232,"column":25}},{"start":{"line":232,"column":29},"end":{"line":232,"column":44}}]},"42":{"loc":{"start":{"line":237,"column":6},"end":{"line":239,"column":7}},"type":"if","locations":[{"start":{"line":237,"column":6},"end":{"line":239,"column":7}}]},"43":{"loc":{"start":{"line":237,"column":10},"end":{"line":237,"column":43}},"type":"cond-expr","locations":[{"start":{"line":237,"column":35},"end":{"line":237,"column":37}},{"start":{"line":237,"column":35},"end":{"line":237,"column":43}}]},"44":{"loc":{"start":{"line":237,"column":10},"end":{"line":237,"column":37}},"type":"binary-expr","locations":[{"start":{"line":237,"column":10},"end":{"line":237,"column":37}},{"start":{"line":237,"column":35},"end":{"line":237,"column":37}}]},"45":{"loc":{"start":{"line":242,"column":6},"end":{"line":248,"column":7}},"type":"if","locations":[{"start":{"line":242,"column":6},"end":{"line":248,"column":7}}]},"46":{"loc":{"start":{"line":243,"column":8},"end":{"line":245,"column":40}},"type":"binary-expr","locations":[{"start":{"line":243,"column":8},"end":{"line":243,"column":23}},{"start":{"line":244,"column":8},"end":{"line":244,"column":23}},{"start":{"line":245,"column":8},"end":{"line":245,"column":40}}]},"47":{"loc":{"start":{"line":245,"column":8},"end":{"line":245,"column":36}},"type":"cond-expr","locations":[{"start":{"line":245,"column":28},"end":{"line":245,"column":30}},{"start":{"line":245,"column":28},"end":{"line":245,"column":36}}]},"48":{"loc":{"start":{"line":245,"column":8},"end":{"line":245,"column":30}},"type":"binary-expr","locations":[{"start":{"line":245,"column":8},"end":{"line":245,"column":30}},{"start":{"line":245,"column":28},"end":{"line":245,"column":30}}]}},"s":{"0":1,"1":1,"2":1,"3":1,"4":1,"5":0,"6":0,"7":0,"8":0,"9":0,"10":0,"11":0,"12":0,"13":0,"14":0,"15":0,"16":0,"17":0,"18":0,"19":0,"20":0,"21":0,"22":0,"23":0,"24":0,"25":0,"26":0,"27":0,"28":0,"29":0,"30":0,"31":0,"32":0,"33":0,"34":0,"35":0,"36":0,"37":0,"38":0,"39":0,"40":0,"41":0,"42":0,"43":0,"44":0,"45":0,"46":0,"47":0,"48":0,"49":0,"50":0,"51":0,"52":0,"53":0,"54":0,"55":0,"56":0,"57":0,"58":0,"59":0,"60":0,"61":0,"62":0,"63":0,"64":0,"65":0,"66":0,"67":0,"68":0,"69":0,"70":0,"71":0,"72":0,"73":0,"74":0,"75":0,"76":0,"77":0,"78":0,"79":0,"80":0,"81":0,"82":0,"83":0,"84":0,"85":0,"86":0,"87":0,"88":0,"89":0,"90":0,"91":0,"92":1},"f":{"0":1,"1":0,"2":0,"3":0,"4":0,"5":0,"6":0,"7":0,"8":0,"9":0,"10":0,"11":0,"12":0,"13":0,"14":0,"15":0},"b":{"0":[0],"1":[0,0],"2":[0,0,0,0],"3":[0],"4":[0],"5":[0],"6":[0],"7":[0],"8":[0],"9":[0,0],"10":[0,0],"11":[0],"12":[0],"13":[0,0],"14":[0,0],"15":[0],"16":[0,0],"17":[0,0],"18":[0,0],"19":[0],"20":[0,0],"21":[0],"22":[0,0],"23":[0],"24":[0,0],"25":[0,0],"26":[0],"27":[0],"28":[0,0],"29":[0,0],"30":[0,0],"31":[0,0],"32":[0],"33":[0,0],"34":[0,0],"35":[0,0],"36":[0],"37":[0,0],"38":[0,0],"39":[0,0],"40":[0],"41":[0,0],"42":[0],"43":[0,0],"44":[0,0],"45":[0],"46":[0,0,0],"47":[0,0],"48":[0,0]}},"/Users/kenr/Code/nodots-backgammon/nodots-backgammon-core/src/AI/utils/PositionAnalyzer.ts":{"path":"/Users/kenr/Code/nodots-backgammon/nodots-backgammon-core/src/AI/utils/PositionAnalyzer.ts","statementMap":{"0":{"start":{"line":2,"column":0},"end":{"line":2,"column":35}},"1":{"start":{"line":19,"column":19},"end":{"line":19,"column":20}},"2":{"start":{"line":20,"column":22},"end":{"line":20,"column":38}},"3":{"start":{"line":23,"column":19},"end":{"line":23,"column":51}},"4":{"start":{"line":24,"column":4},"end":{"line":30,"column":7}},"5":{"start":{"line":25,"column":29},"end":{"line":25,"column":102}},"6":{"start":{"line":25,"column":77},"end":{"line":25,"column":101}},"7":{"start":{"line":26,"column":6},"end":{"line":29,"column":7}},"8":{"start":{"line":27,"column":25},"end":{"line":27,"column":50}},"9":{"start":{"line":28,"column":8},"end":{"line":28,"column":53}},"10":{"start":{"line":33,"column":16},"end":{"line":33,"column":46}},"11":{"start":{"line":34,"column":24},"end":{"line":34,"column":95}},"12":{"start":{"line":34,"column":70},"end":{"line":34,"column":94}},"13":{"start":{"line":35,"column":4},"end":{"line":35,"column":40}},"14":{"start":{"line":37,"column":4},"end":{"line":37,"column":20}},"15":{"start":{"line":45,"column":30},"end":{"line":45,"column":32}},"16":{"start":{"line":46,"column":22},"end":{"line":46,"column":38}},"17":{"start":{"line":47,"column":19},"end":{"line":47,"column":51}},"18":{"start":{"line":49,"column":4},"end":{"line":59,"column":7}},"19":{"start":{"line":50,"column":23},"end":{"line":50,"column":48}},"20":{"start":{"line":53,"column":6},"end":{"line":58,"column":7}},"21":{"start":{"line":54,"column":31},"end":{"line":54,"column":104}},"22":{"start":{"line":54,"column":79},"end":{"line":54,"column":103}},"23":{"start":{"line":55,"column":8},"end":{"line":57,"column":9}},"24":{"start":{"line":56,"column":10},"end":{"line":56,"column":33}},"25":{"start":{"line":61,"column":4},"end":{"line":61,"column":41}},"26":{"start":{"line":61,"column":34},"end":{"line":61,"column":39}},"27":{"start":{"line":69,"column":22},"end":{"line":69,"column":38}},"28":{"start":{"line":70,"column":19},"end":{"line":70,"column":51}},"29":{"start":{"line":71,"column":25},"end":{"line":71,"column":46}},"30":{"start":{"line":73,"column":28},"end":{"line":73,"column":29}},"31":{"start":{"line":74,"column":29},"end":{"line":74,"column":30}},"32":{"start":{"line":75,"column":36},"end":{"line":75,"column":37}},"33":{"start":{"line":76,"column":24},"end":{"line":76,"column":25}},"34":{"start":{"line":77,"column":24},"end":{"line":77,"column":25}},"35":{"start":{"line":80,"column":4},"end":{"line":97,"column":7}},"36":{"start":{"line":81,"column":29},"end":{"line":81,"column":102}},"37":{"start":{"line":81,"column":77},"end":{"line":81,"column":101}},"38":{"start":{"line":82,"column":6},"end":{"line":96,"column":7}},"39":{"start":{"line":83,"column":25},"end":{"line":83,"column":50}},"40":{"start":{"line":84,"column":8},"end":{"line":84,"column":55}},"41":{"start":{"line":85,"column":8},"end":{"line":85,"column":58}},"42":{"start":{"line":86,"column":8},"end":{"line":86,"column":47}},"43":{"start":{"line":89,"column":8},"end":{"line":95,"column":9}},"44":{"start":{"line":90,"column":10},"end":{"line":90,"column":53}},"45":{"start":{"line":91,"column":15},"end":{"line":95,"column":9}},"46":{"start":{"line":92,"column":10},"end":{"line":92,"column":54}},"47":{"start":{"line":93,"column":15},"end":{"line":95,"column":9}},"48":{"start":{"line":94,"column":10},"end":{"line":94,"column":61}},"49":{"start":{"line":100,"column":16},"end":{"line":100,"column":46}},"50":{"start":{"line":101,"column":24},"end":{"line":101,"column":102}},"51":{"start":{"line":101,"column":70},"end":{"line":101,"column":94}},"52":{"start":{"line":102,"column":4},"end":{"line":102,"column":34}},"53":{"start":{"line":105,"column":20},"end":{"line":105,"column":50}},"54":{"start":{"line":106,"column":28},"end":{"line":106,"column":110}},"55":{"start":{"line":106,"column":78},"end":{"line":106,"column":102}},"56":{"start":{"line":108,"column":4},"end":{"line":116,"column":6}},"57":{"start":{"line":123,"column":22},"end":{"line":123,"column":38}},"58":{"start":{"line":124,"column":19},"end":{"line":124,"column":51}},"59":{"start":{"line":125,"column":25},"end":{"line":125,"column":42}},"60":{"start":{"line":128,"column":4},"end":{"line":133,"column":7}},"61":{"start":{"line":129,"column":29},"end":{"line":129,"column":102}},"62":{"start":{"line":129,"column":77},"end":{"line":129,"column":101}},"63":{"start":{"line":130,"column":6},"end":{"line":132,"column":7}},"64":{"start":{"line":131,"column":8},"end":{"line":131,"column":52}},"65":{"start":{"line":136,"column":19},"end":{"line":136,"column":20}},"66":{"start":{"line":137,"column":23},"end":{"line":137,"column":24}},"67":{"start":{"line":139,"column":4},"end":{"line":146,"column":5}},"68":{"start":{"line":139,"column":19},"end":{"line":139,"column":20}},"69":{"start":{"line":140,"column":6},"end":{"line":145,"column":7}},"70":{"start":{"line":141,"column":8},"end":{"line":141,"column":23}},"71":{"start":{"line":142,"column":8},"end":{"line":142,"column":52}},"72":{"start":{"line":144,"column":8},"end":{"line":144,"column":25}},"73":{"start":{"line":148,"column":4},"end":{"line":148,"column":20}},"74":{"start":{"line":155,"column":19},"end":{"line":155,"column":51}},"75":{"start":{"line":156,"column":20},"end":{"line":156,"column":21}},"76":{"start":{"line":158,"column":4},"end":{"line":163,"column":7}},"77":{"start":{"line":159,"column":29},"end":{"line":159,"column":102}},"78":{"start":{"line":159,"column":77},"end":{"line":159,"column":101}},"79":{"start":{"line":160,"column":6},"end":{"line":162,"column":7}},"80":{"start":{"line":161,"column":8},"end":{"line":161,"column":20}},"81":{"start":{"line":165,"column":4},"end":{"line":165,"column":21}},"82":{"start":{"line":172,"column":20},"end":{"line":172,"column":37}},"83":{"start":{"line":173,"column":19},"end":{"line":173,"column":51}},"84":{"start":{"line":176,"column":28},"end":{"line":189,"column":6}},"85":{"start":{"line":177,"column":24},"end":{"line":177,"column":40}},"86":{"start":{"line":178,"column":24},"end":{"line":178,"column":25}},"87":{"start":{"line":180,"column":6},"end":{"line":186,"column":9}},"88":{"start":{"line":181,"column":31},"end":{"line":181,"column":104}},"89":{"start":{"line":181,"column":79},"end":{"line":181,"column":103}},"90":{"start":{"line":182,"column":8},"end":{"line":185,"column":9}},"91":{"start":{"line":183,"column":27},"end":{"line":183,"column":52}},"92":{"start":{"line":184,"column":10},"end":{"line":184,"column":56}},"93":{"start":{"line":188,"column":6},"end":{"line":188,"column":25}},"94":{"start":{"line":192,"column":4},"end":{"line":192,"column":50}},"95":{"start":{"line":192,"column":40},"end":{"line":192,"column":48}},"96":{"start":{"line":199,"column":4},"end":{"line":199,"column":78}},"97":{"start":{"line":206,"column":4},"end":{"line":206,"column":44}},"98":{"start":{"line":213,"column":4},"end":{"line":213,"column":42}},"99":{"start":{"line":220,"column":4},"end":{"line":220,"column":43}},"100":{"start":{"line":14,"column":0},"end":{"line":14,"column":13}}},"fnMap":{"0":{"name":"(anonymous_0)","decl":{"start":{"line":18,"column":2},"end":{"line":18,"column":8}},"loc":{"start":{"line":18,"column":78},"end":{"line":38,"column":3}}},"1":{"name":"(anonymous_1)","decl":{"start":{"line":24,"column":19},"end":{"line":24,"column":24}},"loc":{"start":{"line":24,"column":27},"end":{"line":30,"column":5}}},"2":{"name":"(anonymous_2)","decl":{"start":{"line":25,"column":51},"end":{"line":25,"column":52}},"loc":{"start":{"line":25,"column":77},"end":{"line":25,"column":101}}},"3":{"name":"(anonymous_3)","decl":{"start":{"line":34,"column":44},"end":{"line":34,"column":45}},"loc":{"start":{"line":34,"column":70},"end":{"line":34,"column":94}}},"4":{"name":"(anonymous_4)","decl":{"start":{"line":44,"column":2},"end":{"line":44,"column":8}},"loc":{"start":{"line":44,"column":80},"end":{"line":62,"column":3}}},"5":{"name":"(anonymous_5)","decl":{"start":{"line":49,"column":19},"end":{"line":49,"column":24}},"loc":{"start":{"line":49,"column":27},"end":{"line":59,"column":5}}},"6":{"name":"(anonymous_6)","decl":{"start":{"line":54,"column":53},"end":{"line":54,"column":54}},"loc":{"start":{"line":54,"column":79},"end":{"line":54,"column":103}}},"7":{"name":"(anonymous_7)","decl":{"start":{"line":61,"column":24},"end":{"line":61,"column":25}},"loc":{"start":{"line":61,"column":34},"end":{"line":61,"column":39}}},"8":{"name":"(anonymous_8)","decl":{"start":{"line":68,"column":2},"end":{"line":68,"column":8}},"loc":{"start":{"line":68,"column":81},"end":{"line":117,"column":3}}},"9":{"name":"(anonymous_9)","decl":{"start":{"line":80,"column":19},"end":{"line":80,"column":24}},"loc":{"start":{"line":80,"column":27},"end":{"line":97,"column":5}}},"10":{"name":"(anonymous_10)","decl":{"start":{"line":81,"column":51},"end":{"line":81,"column":52}},"loc":{"start":{"line":81,"column":77},"end":{"line":81,"column":101}}},"11":{"name":"(anonymous_11)","decl":{"start":{"line":101,"column":44},"end":{"line":101,"column":45}},"loc":{"start":{"line":101,"column":70},"end":{"line":101,"column":94}}},"12":{"name":"(anonymous_12)","decl":{"start":{"line":106,"column":52},"end":{"line":106,"column":53}},"loc":{"start":{"line":106,"column":78},"end":{"line":106,"column":102}}},"13":{"name":"(anonymous_13)","decl":{"start":{"line":122,"column":2},"end":{"line":122,"column":8}},"loc":{"start":{"line":122,"column":75},"end":{"line":149,"column":3}}},"14":{"name":"(anonymous_14)","decl":{"start":{"line":128,"column":19},"end":{"line":128,"column":24}},"loc":{"start":{"line":128,"column":27},"end":{"line":133,"column":5}}},"15":{"name":"(anonymous_15)","decl":{"start":{"line":129,"column":51},"end":{"line":129,"column":52}},"loc":{"start":{"line":129,"column":77},"end":{"line":129,"column":101}}},"16":{"name":"(anonymous_16)","decl":{"start":{"line":154,"column":2},"end":{"line":154,"column":8}},"loc":{"start":{"line":154,"column":73},"end":{"line":166,"column":3}}},"17":{"name":"(anonymous_17)","decl":{"start":{"line":158,"column":19},"end":{"line":158,"column":24}},"loc":{"start":{"line":158,"column":27},"end":{"line":163,"column":5}}},"18":{"name":"(anonymous_18)","decl":{"start":{"line":159,"column":51},"end":{"line":159,"column":52}},"loc":{"start":{"line":159,"column":77},"end":{"line":159,"column":101}}},"19":{"name":"(anonymous_19)","decl":{"start":{"line":171,"column":2},"end":{"line":171,"column":8}},"loc":{"start":{"line":171,"column":43},"end":{"line":193,"column":3}}},"20":{"name":"(anonymous_20)","decl":{"start":{"line":176,"column":40},"end":{"line":176,"column":46}},"loc":{"start":{"line":176,"column":49},"end":{"line":189,"column":5}}},"21":{"name":"(anonymous_21)","decl":{"start":{"line":180,"column":21},"end":{"line":180,"column":26}},"loc":{"start":{"line":180,"column":29},"end":{"line":186,"column":7}}},"22":{"name":"(anonymous_22)","decl":{"start":{"line":181,"column":53},"end":{"line":181,"column":54}},"loc":{"start":{"line":181,"column":79},"end":{"line":181,"column":103}}},"23":{"name":"(anonymous_23)","decl":{"start":{"line":192,"column":33},"end":{"line":192,"column":36}},"loc":{"start":{"line":192,"column":40},"end":{"line":192,"column":48}}},"24":{"name":"(anonymous_24)","decl":{"start":{"line":198,"column":2},"end":{"line":198,"column":8}},"loc":{"start":{"line":198,"column":80},"end":{"line":200,"column":3}}},"25":{"name":"(anonymous_25)","decl":{"start":{"line":205,"column":2},"end":{"line":205,"column":8}},"loc":{"start":{"line":205,"column":47},"end":{"line":207,"column":3}}},"26":{"name":"(anonymous_26)","decl":{"start":{"line":212,"column":2},"end":{"line":212,"column":8}},"loc":{"start":{"line":212,"column":39},"end":{"line":214,"column":3}}},"27":{"name":"(anonymous_27)","decl":{"start":{"line":219,"column":2},"end":{"line":219,"column":8}},"loc":{"start":{"line":219,"column":40},"end":{"line":221,"column":3}}}},"branchMap":{"0":{"loc":{"start":{"line":26,"column":6},"end":{"line":29,"column":7}},"type":"if","locations":[{"start":{"line":26,"column":6},"end":{"line":29,"column":7}}]},"1":{"loc":{"start":{"line":53,"column":6},"end":{"line":58,"column":7}},"type":"if","locations":[{"start":{"line":53,"column":6},"end":{"line":58,"column":7}}]},"2":{"loc":{"start":{"line":53,"column":10},"end":{"line":53,"column":42}},"type":"binary-expr","locations":[{"start":{"line":53,"column":10},"end":{"line":53,"column":24}},{"start":{"line":53,"column":28},"end":{"line":53,"column":42}}]},"3":{"loc":{"start":{"line":55,"column":8},"end":{"line":57,"column":9}},"type":"if","locations":[{"start":{"line":55,"column":8},"end":{"line":57,"column":9}}]},"4":{"loc":{"start":{"line":82,"column":6},"end":{"line":96,"column":7}},"type":"if","locations":[{"start":{"line":82,"column":6},"end":{"line":96,"column":7}}]},"5":{"loc":{"start":{"line":89,"column":8},"end":{"line":95,"column":9}},"type":"if","locations":[{"start":{"line":89,"column":8},"end":{"line":95,"column":9}},{"start":{"line":91,"column":15},"end":{"line":95,"column":9}}]},"6":{"loc":{"start":{"line":89,"column":12},"end":{"line":89,"column":42}},"type":"binary-expr","locations":[{"start":{"line":89,"column":12},"end":{"line":89,"column":25}},{"start":{"line":89,"column":29},"end":{"line":89,"column":42}}]},"7":{"loc":{"start":{"line":91,"column":15},"end":{"line":95,"column":9}},"type":"if","locations":[{"start":{"line":91,"column":15},"end":{"line":95,"column":9}},{"start":{"line":93,"column":15},"end":{"line":95,"column":9}}]},"8":{"loc":{"start":{"line":91,"column":19},"end":{"line":91,"column":50}},"type":"binary-expr","locations":[{"start":{"line":91,"column":19},"end":{"line":91,"column":32}},{"start":{"line":91,"column":36},"end":{"line":91,"column":50}}]},"9":{"loc":{"start":{"line":93,"column":15},"end":{"line":95,"column":9}},"type":"if","locations":[{"start":{"line":93,"column":15},"end":{"line":95,"column":9}}]},"10":{"loc":{"start":{"line":93,"column":19},"end":{"line":93,"column":51}},"type":"binary-expr","locations":[{"start":{"line":93,"column":19},"end":{"line":93,"column":33}},{"start":{"line":93,"column":37},"end":{"line":93,"column":51}}]},"11":{"loc":{"start":{"line":114,"column":23},"end":{"line":114,"column":76}},"type":"cond-expr","locations":[{"start":{"line":114,"column":43},"end":{"line":114,"column":72}},{"start":{"line":114,"column":75},"end":{"line":114,"column":76}}]},"12":{"loc":{"start":{"line":130,"column":6},"end":{"line":132,"column":7}},"type":"if","locations":[{"start":{"line":130,"column":6},"end":{"line":132,"column":7}}]},"13":{"loc":{"start":{"line":140,"column":6},"end":{"line":145,"column":7}},"type":"if","locations":[{"start":{"line":140,"column":6},"end":{"line":145,"column":7}},{"start":{"line":143,"column":13},"end":{"line":145,"column":7}}]},"14":{"loc":{"start":{"line":160,"column":6},"end":{"line":162,"column":7}},"type":"if","locations":[{"start":{"line":160,"column":6},"end":{"line":162,"column":7}}]},"15":{"loc":{"start":{"line":182,"column":8},"end":{"line":185,"column":9}},"type":"if","locations":[{"start":{"line":182,"column":8},"end":{"line":185,"column":9}}]},"16":{"loc":{"start":{"line":199,"column":11},"end":{"line":199,"column":77}},"type":"cond-expr","locations":[{"start":{"line":199,"column":48},"end":{"line":199,"column":73}},{"start":{"line":199,"column":76},"end":{"line":199,"column":77}}]},"17":{"loc":{"start":{"line":206,"column":11},"end":{"line":206,"column":43}},"type":"binary-expr","locations":[{"start":{"line":206,"column":11},"end":{"line":206,"column":25}},{"start":{"line":206,"column":29},"end":{"line":206,"column":43}}]},"18":{"loc":{"start":{"line":213,"column":11},"end":{"line":213,"column":41}},"type":"binary-expr","locations":[{"start":{"line":213,"column":11},"end":{"line":213,"column":24}},{"start":{"line":213,"column":28},"end":{"line":213,"column":41}}]},"19":{"loc":{"start":{"line":220,"column":11},"end":{"line":220,"column":42}},"type":"binary-expr","locations":[{"start":{"line":220,"column":11},"end":{"line":220,"column":24}},{"start":{"line":220,"column":28},"end":{"line":220,"column":42}}]}},"s":{"0":1,"1":60,"2":60,"3":60,"4":60,"5":1440,"6":774,"7":1440,"8":122,"9":122,"10":60,"11":60,"12":2,"13":60,"14":60,"15":8,"16":8,"17":8,"18":8,"19":192,"20":192,"21":48,"22":35,"23":48,"24":6,"25":8,"26":1,"27":60,"28":60,"29":60,"30":60,"31":60,"32":60,"33":60,"34":60,"35":60,"36":1440,"37":774,"38":1440,"39":122,"40":122,"41":122,"42":122,"43":122,"44":44,"45":78,"46":32,"47":46,"48":26,"49":60,"50":60,"51":2,"52":60,"53":60,"54":60,"55":0,"56":60,"57":60,"58":60,"59":60,"60":60,"61":1440,"62":774,"63":1440,"64":96,"65":60,"66":60,"67":60,"68":60,"69":1440,"70":96,"71":96,"72":1344,"73":60,"74":60,"75":60,"76":60,"77":1440,"78":774,"79":1440,"80":26,"81":60,"82":10,"83":10,"84":10,"85":20,"86":20,"87":20,"88":480,"89":60,"90":480,"91":22,"92":22,"93":20,"94":10,"95":19,"96":0,"97":0,"98":0,"99":0,"100":1},"f":{"0":60,"1":1440,"2":774,"3":2,"4":8,"5":192,"6":35,"7":1,"8":60,"9":1440,"10":774,"11":2,"12":0,"13":60,"14":1440,"15":774,"16":60,"17":1440,"18":774,"19":10,"20":20,"21":480,"22":60,"23":19,"24":0,"25":0,"26":0,"27":0},"b":{"0":[122],"1":[48],"2":[192,48],"3":[6],"4":[122],"5":[44,78],"6":[122,122],"7":[32,46],"8":[78,78],"9":[26],"10":[46,26],"11":[32,28],"12":[96],"13":[96,1344],"14":[26],"15":[22],"16":[0,0],"17":[0,0],"18":[0,0],"19":[0,0]}},"/Users/kenr/Code/nodots-backgammon/nodots-backgammon-core/src/AI/utils/GamePhaseDetector.ts":{"path":"/Users/kenr/Code/nodots-backgammon/nodots-backgammon-core/src/AI/utils/GamePhaseDetector.ts","statementMap":{"0":{"start":{"line":2,"column":0},"end":{"line":2,"column":53}},"1":{"start":{"line":4,"column":0},"end":{"line":4,"column":null}},"2":{"start":{"line":5,"column":2},"end":{"line":5,"column":null}},"3":{"start":{"line":6,"column":2},"end":{"line":6,"column":null}},"4":{"start":{"line":7,"column":2},"end":{"line":7,"column":null}},"5":{"start":{"line":8,"column":2},"end":{"line":8,"column":null}},"6":{"start":{"line":9,"column":2},"end":{"line":9,"column":null}},"7":{"start":{"line":10,"column":2},"end":{"line":10,"column":null}},"8":{"start":{"line":15,"column":20},"end":{"line":15,"column":37}},"9":{"start":{"line":16,"column":21},"end":{"line":22,"column":7}},"10":{"start":{"line":16,"column":46},"end":{"line":22,"column":6}},"11":{"start":{"line":25,"column":4},"end":{"line":27,"column":5}},"12":{"start":{"line":26,"column":6},"end":{"line":26,"column":null}},"13":{"start":{"line":30,"column":4},"end":{"line":39,"column":5}},"14":{"start":{"line":33,"column":10},"end":{"line":35,"column":56}},"15":{"start":{"line":38,"column":6},"end":{"line":38,"column":null}},"16":{"start":{"line":42,"column":4},"end":{"line":44,"column":5}},"17":{"start":{"line":42,"column":29},"end":{"line":42,"column":74}},"18":{"start":{"line":43,"column":6},"end":{"line":43,"column":null}},"19":{"start":{"line":47,"column":4},"end":{"line":51,"column":5}},"20":{"start":{"line":48,"column":27},"end":{"line":48,"column":78}},"21":{"start":{"line":50,"column":6},"end":{"line":50,"column":null}},"22":{"start":{"line":54,"column":4},"end":{"line":56,"column":5}},"23":{"start":{"line":55,"column":6},"end":{"line":55,"column":null}},"24":{"start":{"line":58,"column":4},"end":{"line":58,"column":null}},"25":{"start":{"line":63,"column":21},"end":{"line":65,"column":null}},"26":{"start":{"line":67,"column":19},"end":{"line":67,"column":74}},"27":{"start":{"line":68,"column":22},"end":{"line":68,"column":70}},"28":{"start":{"line":70,"column":4},"end":{"line":77,"column":5}},"29":{"start":{"line":70,"column":17},"end":{"line":70,"column":18}},"30":{"start":{"line":71,"column":16},"end":{"line":71,"column":34}},"31":{"start":{"line":72,"column":16},"end":{"line":72,"column":37}},"32":{"start":{"line":73,"column":6},"end":{"line":73,"column":null}},"33":{"start":{"line":73,"column":33},"end":{"line":73,"column":null}},"34":{"start":{"line":74,"column":6},"end":{"line":76,"column":7}},"35":{"start":{"line":74,"column":19},"end":{"line":74,"column":20}},"36":{"start":{"line":75,"column":8},"end":{"line":75,"column":null}},"37":{"start":{"line":75,"column":39},"end":{"line":75,"column":null}},"38":{"start":{"line":79,"column":16},"end":{"line":79,"column":35}},"39":{"start":{"line":80,"column":16},"end":{"line":80,"column":35}},"40":{"start":{"line":81,"column":4},"end":{"line":82,"column":null}},"41":{"start":{"line":82,"column":6},"end":{"line":82,"column":null}},"42":{"start":{"line":83,"column":4},"end":{"line":84,"column":null}},"43":{"start":{"line":84,"column":6},"end":{"line":84,"column":null}},"44":{"start":{"line":85,"column":4},"end":{"line":85,"column":null}},"45":{"start":{"line":102,"column":20},"end":{"line":102,"column":37}},"46":{"start":{"line":103,"column":27},"end":{"line":110,"column":7}},"47":{"start":{"line":103,"column":52},"end":{"line":110,"column":6}},"48":{"start":{"line":112,"column":18},"end":{"line":112,"column":47}},"49":{"start":{"line":114,"column":4},"end":{"line":117,"column":null}},"50":{"start":{"line":124,"column":18},"end":{"line":124,"column":47}},"51":{"start":{"line":125,"column":4},"end":{"line":125,"column":null}},"52":{"start":{"line":132,"column":4},"end":{"line":132,"column":null}},"53":{"start":{"line":139,"column":18},"end":{"line":139,"column":47}},"54":{"start":{"line":140,"column":4},"end":{"line":144,"column":null}},"55":{"start":{"line":13,"column":0},"end":{"line":13,"column":13}}},"fnMap":{"0":{"name":"(anonymous_0)","decl":{"start":{"line":4,"column":0},"end":{"line":4,"column":12}},"loc":{"start":{"line":4,"column":21},"end":{"line":11,"column":1}}},"1":{"name":"(anonymous_1)","decl":{"start":{"line":14,"column":2},"end":{"line":14,"column":8}},"loc":{"start":{"line":14,"column":48},"end":{"line":59,"column":3}}},"2":{"name":"(anonymous_2)","decl":{"start":{"line":16,"column":33},"end":{"line":16,"column":34}},"loc":{"start":{"line":16,"column":46},"end":{"line":22,"column":6}}},"3":{"name":"(anonymous_3)","decl":{"start":{"line":32,"column":8},"end":{"line":32,"column":9}},"loc":{"start":{"line":33,"column":10},"end":{"line":35,"column":56}}},"4":{"name":"(anonymous_4)","decl":{"start":{"line":42,"column":22},"end":{"line":42,"column":23}},"loc":{"start":{"line":42,"column":29},"end":{"line":42,"column":74}}},"5":{"name":"(anonymous_5)","decl":{"start":{"line":48,"column":20},"end":{"line":48,"column":21}},"loc":{"start":{"line":48,"column":27},"end":{"line":48,"column":78}}},"6":{"name":"(anonymous_6)","decl":{"start":{"line":61,"column":2},"end":{"line":61,"column":8}},"loc":{"start":{"line":61,"column":60},"end":{"line":86,"column":3}}},"7":{"name":"(anonymous_7)","decl":{"start":{"line":91,"column":2},"end":{"line":91,"column":8}},"loc":{"start":{"line":91,"column":59},"end":{"line":118,"column":3}}},"8":{"name":"(anonymous_8)","decl":{"start":{"line":103,"column":39},"end":{"line":103,"column":40}},"loc":{"start":{"line":103,"column":52},"end":{"line":110,"column":6}}},"9":{"name":"(anonymous_9)","decl":{"start":{"line":123,"column":2},"end":{"line":123,"column":8}},"loc":{"start":{"line":123,"column":44},"end":{"line":126,"column":3}}},"10":{"name":"(anonymous_10)","decl":{"start":{"line":131,"column":2},"end":{"line":131,"column":8}},"loc":{"start":{"line":131,"column":44},"end":{"line":133,"column":3}}},"11":{"name":"(anonymous_11)","decl":{"start":{"line":138,"column":2},"end":{"line":138,"column":8}},"loc":{"start":{"line":138,"column":47},"end":{"line":145,"column":3}}}},"branchMap":{"0":{"loc":{"start":{"line":4,"column":12},"end":{"line":4,"column":null}},"type":"binary-expr","locations":[{"start":{"line":4,"column":12},"end":{"line":4,"column":21}},{"start":{"line":4,"column":21},"end":{"line":4,"column":null}}]},"1":{"loc":{"start":{"line":25,"column":4},"end":{"line":27,"column":5}},"type":"if","locations":[{"start":{"line":25,"column":4},"end":{"line":27,"column":5}}]},"2":{"loc":{"start":{"line":30,"column":4},"end":{"line":39,"column":5}},"type":"if","locations":[{"start":{"line":30,"column":4},"end":{"line":39,"column":5}}]},"3":{"loc":{"start":{"line":33,"column":10},"end":{"line":35,"column":56}},"type":"binary-expr","locations":[{"start":{"line":33,"column":10},"end":{"line":33,"column":48}},{"start":{"line":34,"column":10},"end":{"line":34,"column":49}},{"start":{"line":35,"column":10},"end":{"line":35,"column":56}}]},"4":{"loc":{"start":{"line":42,"column":4},"end":{"line":44,"column":5}},"type":"if","locations":[{"start":{"line":42,"column":4},"end":{"line":44,"column":5}}]},"5":{"loc":{"start":{"line":47,"column":4},"end":{"line":51,"column":5}},"type":"if","locations":[{"start":{"line":47,"column":4},"end":{"line":51,"column":5}}]},"6":{"loc":{"start":{"line":48,"column":27},"end":{"line":48,"column":78}},"type":"binary-expr","locations":[{"start":{"line":48,"column":27},"end":{"line":48,"column":43}},{"start":{"line":48,"column":47},"end":{"line":48,"column":78}}]},"7":{"loc":{"start":{"line":54,"column":4},"end":{"line":56,"column":5}},"type":"if","locations":[{"start":{"line":54,"column":4},"end":{"line":56,"column":5}}]},"8":{"loc":{"start":{"line":73,"column":6},"end":{"line":73,"column":null}},"type":"if","locations":[{"start":{"line":73,"column":6},"end":{"line":73,"column":null}}]},"9":{"loc":{"start":{"line":75,"column":8},"end":{"line":75,"column":null}},"type":"if","locations":[{"start":{"line":75,"column":8},"end":{"line":75,"column":null}}]},"10":{"loc":{"start":{"line":81,"column":4},"end":{"line":82,"column":null}},"type":"if","locations":[{"start":{"line":81,"column":4},"end":{"line":82,"column":null}}]},"11":{"loc":{"start":{"line":81,"column":8},"end":{"line":81,"column":77}},"type":"binary-expr","locations":[{"start":{"line":81,"column":8},"end":{"line":81,"column":37}},{"start":{"line":81,"column":41},"end":{"line":81,"column":77}}]},"12":{"loc":{"start":{"line":83,"column":4},"end":{"line":84,"column":null}},"type":"if","locations":[{"start":{"line":83,"column":4},"end":{"line":84,"column":null}}]},"13":{"loc":{"start":{"line":83,"column":8},"end":{"line":83,"column":77}},"type":"binary-expr","locations":[{"start":{"line":83,"column":8},"end":{"line":83,"column":37}},{"start":{"line":83,"column":41},"end":{"line":83,"column":77}}]},"14":{"loc":{"start":{"line":125,"column":11},"end":{"line":125,"column":67}},"type":"binary-expr","locations":[{"start":{"line":125,"column":11},"end":{"line":125,"column":39}},{"start":{"line":125,"column":43},"end":{"line":125,"column":67}}]},"15":{"loc":{"start":{"line":141,"column":6},"end":{"line":143,"column":34}},"type":"binary-expr","locations":[{"start":{"line":141,"column":6},"end":{"line":141,"column":37}},{"start":{"line":142,"column":6},"end":{"line":142,"column":31}},{"start":{"line":143,"column":6},"end":{"line":143,"column":34}}]}},"s":{"0":1,"1":1,"2":1,"3":1,"4":1,"5":1,"6":1,"7":1,"8":26,"9":26,"10":52,"11":26,"12":6,"13":20,"14":36,"15":4,"16":16,"17":28,"18":4,"19":12,"20":22,"21":2,"22":10,"23":9,"24":1,"25":26,"26":26,"27":26,"28":26,"29":26,"30":164,"31":164,"32":164,"33":19,"34":145,"35":145,"36":181,"37":1,"38":6,"39":6,"40":6,"41":0,"42":6,"43":0,"44":6,"45":4,"46":4,"47":8,"48":4,"49":4,"50":5,"51":5,"52":3,"53":6,"54":6,"55":1},"f":{"0":1,"1":26,"2":52,"3":36,"4":28,"5":22,"6":26,"7":4,"8":8,"9":5,"10":3,"11":6},"b":{"0":[1,1],"1":[6],"2":[4],"3":[36,4,4],"4":[4],"5":[2],"6":[22,4],"7":[9],"8":[19],"9":[1],"10":[0],"11":[6,6],"12":[0],"13":[6,6],"14":[5,4],"15":[6,6,5]}},"/Users/kenr/Code/nodots-backgammon/nodots-backgammon-core/src/utils/serialization.ts":{"path":"/Users/kenr/Code/nodots-backgammon/nodots-backgammon-core/src/utils/serialization.ts","statementMap":{"0":{"start":{"line":7,"column":0},"end":{"line":7,"column":16}},"1":{"start":{"line":21,"column":0},"end":{"line":21,"column":16}},"2":{"start":{"line":61,"column":0},"end":{"line":61,"column":16}},"3":{"start":{"line":80,"column":0},"end":{"line":80,"column":16}},"4":{"start":{"line":8,"column":2},"end":{"line":14,"column":null}},"5":{"start":{"line":10,"column":4},"end":{"line":12,"column":5}},"6":{"start":{"line":11,"column":6},"end":{"line":11,"column":null}},"7":{"start":{"line":13,"column":4},"end":{"line":13,"column":null}},"8":{"start":{"line":22,"column":20},"end":{"line":22,"column":42}},"9":{"start":{"line":25,"column":2},"end":{"line":25,"column":null}},"10":{"start":{"line":33,"column":2},"end":{"line":35,"column":3}},"11":{"start":{"line":34,"column":4},"end":{"line":34,"column":null}},"12":{"start":{"line":37,"column":2},"end":{"line":39,"column":3}},"13":{"start":{"line":38,"column":4},"end":{"line":38,"column":null}},"14":{"start":{"line":41,"column":22},"end":{"line":41,"column":24}},"15":{"start":{"line":42,"column":2},"end":{"line":52,"column":3}},"16":{"start":{"line":43,"column":4},"end":{"line":51,"column":5}},"17":{"start":{"line":45,"column":6},"end":{"line":45,"column":null}},"18":{"start":{"line":46,"column":11},"end":{"line":51,"column":5}},"19":{"start":{"line":48,"column":6},"end":{"line":48,"column":null}},"20":{"start":{"line":50,"column":6},"end":{"line":50,"column":null}},"21":{"start":{"line":54,"column":2},"end":{"line":54,"column":null}},"22":{"start":{"line":62,"column":2},"end":{"line":64,"column":3}},"23":{"start":{"line":63,"column":4},"end":{"line":63,"column":null}},"24":{"start":{"line":66,"column":2},"end":{"line":71,"column":3}},"25":{"start":{"line":67,"column":4},"end":{"line":69,"column":null}},"26":{"start":{"line":73,"column":2},"end":{"line":73,"column":null}},"27":{"start":{"line":81,"column":2},"end":{"line":83,"column":3}},"28":{"start":{"line":82,"column":4},"end":{"line":82,"column":null}},"29":{"start":{"line":85,"column":2},"end":{"line":90,"column":3}},"30":{"start":{"line":86,"column":4},"end":{"line":88,"column":null}},"31":{"start":{"line":92,"column":2},"end":{"line":92,"column":null}}},"fnMap":{"0":{"name":"serializeGameState","decl":{"start":{"line":7,"column":16},"end":{"line":7,"column":34}},"loc":{"start":{"line":7,"column":49},"end":{"line":15,"column":1}}},"1":{"name":"(anonymous_1)","decl":{"start":{"line":8,"column":35},"end":{"line":8,"column":36}},"loc":{"start":{"line":8,"column":50},"end":{"line":14,"column":3}}},"2":{"name":"deserializeGameState","decl":{"start":{"line":21,"column":16},"end":{"line":21,"column":36}},"loc":{"start":{"line":21,"column":55},"end":{"line":26,"column":1}}},"3":{"name":"reconstructSets","decl":{"start":{"line":32,"column":9},"end":{"line":32,"column":24}},"loc":{"start":{"line":32,"column":33},"end":{"line":55,"column":1}}},"4":{"name":"ensureMovesAreSet","decl":{"start":{"line":61,"column":16},"end":{"line":61,"column":33}},"loc":{"start":{"line":61,"column":49},"end":{"line":74,"column":1}}},"5":{"name":"ensureMovesAreArray","decl":{"start":{"line":80,"column":16},"end":{"line":80,"column":35}},"loc":{"start":{"line":80,"column":51},"end":{"line":93,"column":1}}}},"branchMap":{"0":{"loc":{"start":{"line":10,"column":4},"end":{"line":12,"column":5}},"type":"if","locations":[{"start":{"line":10,"column":4},"end":{"line":12,"column":5}}]},"1":{"loc":{"start":{"line":33,"column":2},"end":{"line":35,"column":3}},"type":"if","locations":[{"start":{"line":33,"column":2},"end":{"line":35,"column":3}}]},"2":{"loc":{"start":{"line":33,"column":6},"end":{"line":33,"column":45}},"type":"binary-expr","locations":[{"start":{"line":33,"column":6},"end":{"line":33,"column":18}},{"start":{"line":33,"column":22},"end":{"line":33,"column":45}}]},"3":{"loc":{"start":{"line":37,"column":2},"end":{"line":39,"column":3}},"type":"if","locations":[{"start":{"line":37,"column":2},"end":{"line":39,"column":3}}]},"4":{"loc":{"start":{"line":43,"column":4},"end":{"line":51,"column":5}},"type":"if","locations":[{"start":{"line":43,"column":4},"end":{"line":51,"column":5}},{"start":{"line":46,"column":11},"end":{"line":51,"column":5}}]},"5":{"loc":{"start":{"line":43,"column":8},"end":{"line":43,"column":47}},"type":"binary-expr","locations":[{"start":{"line":43,"column":8},"end":{"line":43,"column":23}},{"start":{"line":43,"column":27},"end":{"line":43,"column":47}}]},"6":{"loc":{"start":{"line":46,"column":11},"end":{"line":51,"column":5}},"type":"if","locations":[{"start":{"line":46,"column":11},"end":{"line":51,"column":5}},{"start":{"line":49,"column":11},"end":{"line":51,"column":5}}]},"7":{"loc":{"start":{"line":46,"column":15},"end":{"line":46,"column":58}},"type":"binary-expr","locations":[{"start":{"line":46,"column":15},"end":{"line":46,"column":40}},{"start":{"line":46,"column":44},"end":{"line":46,"column":58}}]},"8":{"loc":{"start":{"line":62,"column":2},"end":{"line":64,"column":3}},"type":"if","locations":[{"start":{"line":62,"column":2},"end":{"line":64,"column":3}}]},"9":{"loc":{"start":{"line":66,"column":2},"end":{"line":71,"column":3}},"type":"if","locations":[{"start":{"line":66,"column":2},"end":{"line":71,"column":3}}]},"10":{"loc":{"start":{"line":66,"column":6},"end":{"line":66,"column":57}},"type":"binary-expr","locations":[{"start":{"line":66,"column":6},"end":{"line":66,"column":22}},{"start":{"line":66,"column":26},"end":{"line":66,"column":57}}]},"11":{"loc":{"start":{"line":81,"column":2},"end":{"line":83,"column":3}},"type":"if","locations":[{"start":{"line":81,"column":2},"end":{"line":83,"column":3}}]},"12":{"loc":{"start":{"line":85,"column":2},"end":{"line":90,"column":3}},"type":"if","locations":[{"start":{"line":85,"column":2},"end":{"line":90,"column":3}}]},"13":{"loc":{"start":{"line":85,"column":6},"end":{"line":85,"column":57}},"type":"binary-expr","locations":[{"start":{"line":85,"column":6},"end":{"line":85,"column":22}},{"start":{"line":85,"column":26},"end":{"line":85,"column":57}}]}},"s":{"0":1,"1":1,"2":1,"3":1,"4":0,"5":0,"6":0,"7":0,"8":0,"9":0,"10":0,"11":0,"12":0,"13":0,"14":0,"15":0,"16":0,"17":0,"18":0,"19":0,"20":0,"21":0,"22":0,"23":0,"24":0,"25":0,"26":0,"27":0,"28":0,"29":0,"30":0,"31":0},"f":{"0":0,"1":0,"2":0,"3":0,"4":0,"5":0},"b":{"0":[0],"1":[0],"2":[0,0],"3":[0],"4":[0,0],"5":[0,0],"6":[0,0],"7":[0,0],"8":[0],"9":[0],"10":[0,0],"11":[0],"12":[0],"13":[0,0]}}}}
